/mnt/709/data3/home/Dingzhong/src/mlmq_ppopp26/tmp/landmark206_matrix/USA/landmark.gr
Graph name: /mnt/709/data3/home/Dingzhong/src/mlmq_ppopp26/tmp/landmark206_matrix/USA/landmark.gr
nGPU: 2
sources: 1
delta override: 400000
nnodes=23947347, nedges=57708624.
Host memory for graph: 622 MB
	  1%
	 10%
	 20%
	 30%
	 40%
	 50%
	 60%
	 70%
	 80%
	 90%
	100%
Maximum degree: 9
ADAPTIVE-Q: cross_ratio=0.0169% < 0.0700% -> L1V_L2DQ
----------Graph information----------
number of vertices 23947347 number of edges 57708624
average nnz 2.44 maximum nnz 9.00 deviation nnz 0.85
average weight 2285.73 maximum weight 368855.00 deviation weight 3901.49 
-------------------------------------
CPU done!
CPU total work count 57708624
CPU sequential time 3117.46 ms
GPU0 partition: [0, 14368408) v_local=14368408 nedges=34589534
GPU1 partition: [14368408, 23947347) v_local=9578939 nedges=23119090
L3_BOUNDARY_INDEX gpu=0 dense_words=299342 boundary_words=700 indexed=1 build_ms=30.982382
L3_BOUNDARY_INDEX gpu=1 dense_words=449013 boundary_words=662 indexed=1 build_ms=22.516022
GPU begin!
BENCH_SETUP algorithm=MLMQ input_ms=371.024354 reference_ms=3117.461914 initialization_other_ms=1430.612017 setup_wall_ms=4919.098285
L2_CAPACITY budget=2147483647 record_bytes=8 buckets=16 per_bucket=16776704 allocated_records=268435455 counter_bits=32
L2_CAPACITY budget=2147483647 record_bytes=8 buckets=16 per_bucket=16776704 allocated_records=268435455 counter_bits=32
L3_CONFIG gpu=1 work_blocks=107 delta=400000 window_mode=2 window_min=25000 window_max=25000 idle_backoff=0 worker_recovery=1 term_wait_ack=1 rx_priority_bootstrap=0 rx_express=0 rx_express_enabled=0 rx_express_slots=64 rx_express_batch=32 rx_l2_pull=0 rx_l2_pull_claim=0 rx_l2_pull_enabled=0
L3_WORKER_ACK gpu=1 active_slots=1712 capacity=1712 work_blocks=107 warps_per_block=16
L3_CONFIG gpu=0 work_blocks=107 delta=400000 window_mode=2 window_min=25000 window_max=25000 idle_backoff=0 worker_recovery=1 term_wait_ack=1 rx_priority_bootstrap=0 rx_express=0 rx_express_enabled=0 rx_express_slots=64 rx_express_batch=32 rx_l2_pull=0 rx_l2_pull_claim=0 rx_l2_pull_enabled=0
L3_WORKER_ACK gpu=0 active_slots=1712 capacity=1712 work_blocks=107 warps_per_block=16
L2_FINAL gpu=1 buckets=16 reads=7726387 writes=7726387 completed=7726387
L2_FINAL gpu=0 buckets=16 reads=9867943 writes=9867943 completed=9867943
GPU multi-GPU wall time 112.86 ms
gpu
3885704 3889069 3889665 3887147 3889909 3891006 3891660 3888157 3888872 3892869 3894621 3893646 3893843 3889024 3884747 3893318 3892607 3895480 3894442 3894667 3890133 3887462 3883751 3896038 3894488 3889248 3893240 3896477 3899421 3893918 
cpu
3885704 3889069 3889665 3887147 3889909 3891006 3891660 3888157 3888872 3892869 3894621 3893646 3893843 3889024 3884747 3893318 3892607 3895480 3894442 3894667 3890133 3887462 3883751 3896038 3894488 3889248 3893240 3896477 3899421 3893918 
WIDE_ORACLE vertices=23947347 correct=1
mlmq sssp correct!
BENCH algorithm=MLMQ gpu_count=2 source=11973673 repeat=0 warmup=1 queue=L1SLF_L2DQ solve_ms=105.681558 collection_ms=46.995282 query_wall_ms=159.856842 prepare_ms=7.102374 post_solve_ms=0.077594 correct=1
L3_CONFIG gpu=1 work_blocks=107 delta=400000 window_mode=2 window_min=25000 window_max=25000 idle_backoff=0 worker_recovery=1 term_wait_ack=1 rx_priority_bootstrap=0 rx_express=0 rx_express_enabled=0 rx_express_slots=64 rx_express_batch=32 rx_l2_pull=0 rx_l2_pull_claim=0 rx_l2_pull_enabled=0
L3_WORKER_ACK gpu=1 active_slots=1712 capacity=1712 work_blocks=107 warps_per_block=16
L3_CONFIG gpu=0 work_blocks=107 delta=400000 window_mode=2 window_min=25000 window_max=25000 idle_backoff=0 worker_recovery=1 term_wait_ack=1 rx_priority_bootstrap=0 rx_express=0 rx_express_enabled=0 rx_express_slots=64 rx_express_batch=32 rx_l2_pull=0 rx_l2_pull_claim=0 rx_l2_pull_enabled=0
L3_WORKER_ACK gpu=0 active_slots=1712 capacity=1712 work_blocks=107 warps_per_block=16
L2_FINAL gpu=0 buckets=16 reads=8810152 writes=8810152 completed=8810152
L2_FINAL gpu=1 buckets=16 reads=8870221 writes=8870221 completed=8870221
GPU multi-GPU wall time 117.52 ms
gpu
3885704 3889069 3889665 3887147 3889909 3891006 3891660 3888157 3888872 3892869 3894621 3893646 3893843 3889024 3884747 3893318 3892607 3895480 3894442 3894667 3890133 3887462 3883751 3896038 3894488 3889248 3893240 3896477 3899421 3893918 
cpu
3885704 3889069 3889665 3887147 3889909 3891006 3891660 3888157 3888872 3892869 3894621 3893646 3893843 3889024 3884747 3893318 3892607 3895480 3894442 3894667 3890133 3887462 3883751 3896038 3894488 3889248 3893240 3896477 3899421 3893918 
WIDE_ORACLE vertices=23947347 correct=1
mlmq sssp correct!
BENCH algorithm=MLMQ gpu_count=2 source=11973673 repeat=1 warmup=0 queue=L1SLF_L2DQ solve_ms=114.732960 collection_ms=9.137010 query_wall_ms=126.656226 prepare_ms=2.735581 post_solve_ms=0.050642 correct=1
L3_CONFIG gpu=1 work_blocks=107 delta=400000 window_mode=2 window_min=25000 window_max=25000 idle_backoff=0 worker_recovery=1 term_wait_ack=1 rx_priority_bootstrap=0 rx_express=0 rx_express_enabled=0 rx_express_slots=64 rx_express_batch=32 rx_l2_pull=0 rx_l2_pull_claim=0 rx_l2_pull_enabled=0
L3_WORKER_ACK gpu=1 active_slots=1712 capacity=1712 work_blocks=107 warps_per_block=16
L3_CONFIG gpu=0 work_blocks=107 delta=400000 window_mode=2 window_min=25000 window_max=25000 idle_backoff=0 worker_recovery=1 term_wait_ack=1 rx_priority_bootstrap=0 rx_express=0 rx_express_enabled=0 rx_express_slots=64 rx_express_batch=32 rx_l2_pull=0 rx_l2_pull_claim=0 rx_l2_pull_enabled=0
L3_WORKER_ACK gpu=0 active_slots=1712 capacity=1712 work_blocks=107 warps_per_block=16
L2_FINAL gpu=1 buckets=16 reads=7338348 writes=7338348 completed=7338348
L2_FINAL gpu=0 buckets=16 reads=8899387 writes=8899387 completed=8899387
GPU multi-GPU wall time 124.49 ms
gpu
3885704 3889069 3889665 3887147 3889909 3891006 3891660 3888157 3888872 3892869 3894621 3893646 3893843 3889024 3884747 3893318 3892607 3895480 3894442 3894667 3890133 3887462 3883751 3896038 3894488 3889248 3893240 3896477 3899421 3893918 
cpu
3885704 3889069 3889665 3887147 3889909 3891006 3891660 3888157 3888872 3892869 3894621 3893646 3893843 3889024 3884747 3893318 3892607 3895480 3894442 3894667 3890133 3887462 3883751 3896038 3894488 3889248 3893240 3896477 3899421 3893918 
WIDE_ORACLE vertices=23947347 correct=1
mlmq sssp correct!
BENCH algorithm=MLMQ gpu_count=2 source=11973673 repeat=2 warmup=0 queue=L1SLF_L2DQ solve_ms=121.859537 collection_ms=9.073812 query_wall_ms=133.562306 prepare_ms=2.581568 post_solve_ms=0.047368 correct=1
L3_CONFIG gpu=1 work_blocks=107 delta=400000 window_mode=2 window_min=25000 window_max=25000 idle_backoff=0 worker_recovery=1 term_wait_ack=1 rx_priority_bootstrap=0 rx_express=0 rx_express_enabled=0 rx_express_slots=64 rx_express_batch=32 rx_l2_pull=0 rx_l2_pull_claim=0 rx_l2_pull_enabled=0
L3_WORKER_ACK gpu=1 active_slots=1712 capacity=1712 work_blocks=107 warps_per_block=16
L3_CONFIG gpu=0 work_blocks=107 delta=400000 window_mode=2 window_min=25000 window_max=25000 idle_backoff=0 worker_recovery=1 term_wait_ack=1 rx_priority_bootstrap=0 rx_express=0 rx_express_enabled=0 rx_express_slots=64 rx_express_batch=32 rx_l2_pull=0 rx_l2_pull_claim=0 rx_l2_pull_enabled=0
L3_WORKER_ACK gpu=0 active_slots=1712 capacity=1712 work_blocks=107 warps_per_block=16
L2_FINAL gpu=1 buckets=16 reads=7265350 writes=7265350 completed=7265350
L2_FINAL gpu=0 buckets=16 reads=8918825 writes=8918825 completed=8918825
GPU multi-GPU wall time 111.79 ms
gpu
3885704 3889069 3889665 3887147 3889909 3891006 3891660 3888157 3888872 3892869 3894621 3893646 3893843 3889024 3884747 3893318 3892607 3895480 3894442 3894667 3890133 3887462 3883751 3896038 3894488 3889248 3893240 3896477 3899421 3893918 
cpu
3885704 3889069 3889665 3887147 3889909 3891006 3891660 3888157 3888872 3892869 3894621 3893646 3893843 3889024 3884747 3893318 3892607 3895480 3894442 3894667 3890133 3887462 3883751 3896038 3894488 3889248 3893240 3896477 3899421 3893918 
WIDE_ORACLE vertices=23947347 correct=1
mlmq sssp correct!
BENCH algorithm=MLMQ gpu_count=2 source=11973673 repeat=3 warmup=0 queue=L1SLF_L2DQ solve_ms=109.062898 collection_ms=9.094355 query_wall_ms=120.885670 prepare_ms=2.676656 post_solve_ms=0.051734 correct=1

RUN_RC=0
HOST_ELAPSED_SECONDS=6.237103
