/mnt/709/data3/home/Dingzhong/src/mlmq_ppopp26/tmp/landmark206_matrix/BAY/landmark.gr
Graph name: /mnt/709/data3/home/Dingzhong/src/mlmq_ppopp26/tmp/landmark206_matrix/BAY/landmark.gr
nGPU: 2
sources: 1
delta override: 200000
nnodes=321270, nedges=800172.
Host memory for graph:   8 MB
	  1%
	 11%
	 21%
	 31%
	 41%
	 51%
	 61%
	 71%
	 81%
	 91%
Maximum degree: 7
ADAPTIVE-Q: cross_ratio=0.0607% < 0.0700% -> L1V_L2DQ
----------Graph information----------
number of vertices 321270 number of edges 800172
average nnz 2.49 maximum nnz 7.00 deviation nnz 0.99
average weight 1630.20 maximum weight 94305.00 deviation weight 2385.91 
-------------------------------------
CPU done!
CPU total work count 800172
CPU sequential time 29.05 ms
GPU0 partition: [0, 160635) v_local=160635 nedges=392675
GPU1 partition: [160635, 321270) v_local=160635 nedges=407497
L3_BOUNDARY_INDEX gpu=0 dense_words=5020 boundary_words=126 indexed=1 build_ms=1.798502
L3_BOUNDARY_INDEX gpu=1 dense_words=5020 boundary_words=115 indexed=1 build_ms=1.629123
GPU begin!
BENCH_SETUP algorithm=MLMQ input_ms=5.257377 reference_ms=29.047001 initialization_other_ms=325.452281 setup_wall_ms=359.756659
L2_CAPACITY budget=2147483647 record_bytes=8 buckets=16 per_bucket=16776704 allocated_records=268435455 counter_bits=32
L2_CAPACITY budget=2147483647 record_bytes=8 buckets=16 per_bucket=16776704 allocated_records=268435455 counter_bits=32
L2_CAPACITY budget=2147483647 record_bytes=8 buckets=16 per_bucket=16776704 allocated_records=268435455 counter_bits=32
L2_CAPACITY budget=2147483647 record_bytes=8 buckets=16 per_bucket=16776704 allocated_records=268435455 counter_bits=32
L3_CONFIG gpu=0 work_blocks=107 delta=200000 worker_recovery=1 term_wait_ack=1 rx_priority_bootstrap=0 rx_express=0 rx_express_enabled=0 rx_express_slots=64 rx_express_batch=32 rx_l2_pull=0 rx_l2_pull_claim=0 rx_l2_pull_enabled=0
L3_CONFIG gpu=1 work_blocks=107 delta=200000 worker_recovery=1 term_wait_ack=1 rx_priority_bootstrap=0 rx_express=0 rx_express_enabled=0 rx_express_slots=64 rx_express_batch=32 rx_l2_pull=0 rx_l2_pull_claim=0 rx_l2_pull_enabled=0
L2_FINAL gpu=0 buckets=16 reads=130547 writes=130547 completed=130547
L2_FINAL gpu=1 buckets=16 reads=123344 writes=123344 completed=123344
GPU multi-GPU wall time 14.40 ms
gpu
587598 592297 606326 592296 610335 606764 578210 599000 607387 608935 570458 585482 597224 556586 594679 600616 550991 558929 593163 603666 559784 537054 588080 602604 560909 524608 526313 587056 588682 601897 
cpu
587598 592297 606326 592296 610335 606764 578210 599000 607387 608935 570458 585482 597224 556586 594679 600616 550991 558929 593163 603666 559784 537054 588080 602604 560909 524608 526313 587056 588682 601897 
WIDE_ORACLE vertices=321270 correct=1
WIDE_ORACLE vertices=321270 correct=1
mlmq sssp correct!
BENCH algorithm=MLMQ gpu_count=2 source=160635 repeat=0 warmup=1 queue=L1SLF_L2DQ solve_ms=7.706003 collection_ms=0.309577 query_wall_ms=14.712211 prepare_ms=6.627224 post_solve_ms=0.069271 correct=1
L3_CONFIG gpu=1 work_blocks=107 delta=200000 worker_recovery=1 term_wait_ack=1 rx_priority_bootstrap=0 rx_express=0 rx_express_enabled=0 rx_express_slots=64 rx_express_batch=32 rx_l2_pull=0 rx_l2_pull_claim=0 rx_l2_pull_enabled=0
L3_CONFIG gpu=0 work_blocks=107 delta=200000 worker_recovery=1 term_wait_ack=1 rx_priority_bootstrap=0 rx_express=0 rx_express_enabled=0 rx_express_slots=64 rx_express_batch=32 rx_l2_pull=0 rx_l2_pull_claim=0 rx_l2_pull_enabled=0
L2_FINAL gpu=0 buckets=16 reads=147988 writes=147988 completed=147988
L2_FINAL gpu=1 buckets=16 reads=118023 writes=118023 completed=118023
GPU multi-GPU wall time 8.31 ms
gpu
587598 592297 606326 592296 610335 606764 578210 599000 607387 608935 570458 585482 597224 556586 594679 600616 550991 558929 593163 603666 559784 537054 588080 602604 560909 524608 526313 587056 588682 601897 
cpu
587598 592297 606326 592296 610335 606764 578210 599000 607387 608935 570458 585482 597224 556586 594679 600616 550991 558929 593163 603666 559784 537054 588080 602604 560909 524608 526313 587056 588682 601897 
WIDE_ORACLE vertices=321270 correct=1
WIDE_ORACLE vertices=321270 correct=1
mlmq sssp correct!
BENCH algorithm=MLMQ gpu_count=2 source=160635 repeat=1 warmup=0 queue=L1SLF_L2DQ solve_ms=5.519849 collection_ms=0.167814 query_wall_ms=8.480311 prepare_ms=2.752089 post_solve_ms=0.040532 correct=1
L3_CONFIG gpu=0 work_blocks=107 delta=200000 worker_recovery=1 term_wait_ack=1 rx_priority_bootstrap=0 rx_express=0 rx_express_enabled=0 rx_express_slots=64 rx_express_batch=32 rx_l2_pull=0 rx_l2_pull_claim=0 rx_l2_pull_enabled=0
L3_CONFIG gpu=1 work_blocks=107 delta=200000 worker_recovery=1 term_wait_ack=1 rx_priority_bootstrap=0 rx_express=0 rx_express_enabled=0 rx_express_slots=64 rx_express_batch=32 rx_l2_pull=0 rx_l2_pull_claim=0 rx_l2_pull_enabled=0
L2_FINAL gpu=1 buckets=16 reads=116422 writes=116422 completed=116422
L2_FINAL gpu=0 buckets=16 reads=134387 writes=134387 completed=134387
GPU multi-GPU wall time 8.49 ms
gpu
587598 592297 606326 592296 610335 606764 578210 599000 607387 608935 570458 585482 597224 556586 594679 600616 550991 558929 593163 603666 559784 537054 588080 602604 560909 524608 526313 587056 588682 601897 
cpu
587598 592297 606326 592296 610335 606764 578210 599000 607387 608935 570458 585482 597224 556586 594679 600616 550991 558929 593163 603666 559784 537054 588080 602604 560909 524608 526313 587056 588682 601897 
WIDE_ORACLE vertices=321270 correct=1
WIDE_ORACLE vertices=321270 correct=1
mlmq sssp correct!
BENCH algorithm=MLMQ gpu_count=2 source=160635 repeat=2 warmup=0 queue=L1SLF_L2DQ solve_ms=5.795551 collection_ms=0.139539 query_wall_ms=8.629614 prepare_ms=2.651870 post_solve_ms=0.042633 correct=1
L3_CONFIG gpu=0 work_blocks=107 delta=200000 worker_recovery=1 term_wait_ack=1 rx_priority_bootstrap=0 rx_express=0 rx_express_enabled=0 rx_express_slots=64 rx_express_batch=32 rx_l2_pull=0 rx_l2_pull_claim=0 rx_l2_pull_enabled=0
L3_CONFIG gpu=1 work_blocks=107 delta=200000 worker_recovery=1 term_wait_ack=1 rx_priority_bootstrap=0 rx_express=0 rx_express_enabled=0 rx_express_slots=64 rx_express_batch=32 rx_l2_pull=0 rx_l2_pull_claim=0 rx_l2_pull_enabled=0
L2_FINAL gpu=0 buckets=16 reads=138273 writes=138273 completed=138273
L2_FINAL gpu=1 buckets=16 reads=121111 writes=121111 completed=121111
GPU multi-GPU wall time 7.95 ms
gpu
587598 592297 606326 592296 610335 606764 578210 599000 607387 608935 570458 585482 597224 556586 594679 600616 550991 558929 593163 603666 559784 537054 588080 602604 560909 524608 526313 587056 588682 601897 
cpu
587598 592297 606326 592296 610335 606764 578210 599000 607387 608935 570458 585482 597224 556586 594679 600616 550991 558929 593163 603666 559784 537054 588080 602604 560909 524608 526313 587056 588682 601897 
WIDE_ORACLE vertices=321270 correct=1
WIDE_ORACLE vertices=321270 correct=1
mlmq sssp correct!
BENCH algorithm=MLMQ gpu_count=2 source=160635 repeat=3 warmup=0 queue=L1SLF_L2DQ solve_ms=5.498905 collection_ms=0.152159 query_wall_ms=8.098740 prepare_ms=2.416959 post_solve_ms=0.030687 correct=1
L3_CONFIG gpu=0 work_blocks=107 delta=200000 worker_recovery=1 term_wait_ack=1 rx_priority_bootstrap=0 rx_express=0 rx_express_enabled=0 rx_express_slots=64 rx_express_batch=32 rx_l2_pull=0 rx_l2_pull_claim=0 rx_l2_pull_enabled=0
L3_CONFIG gpu=1 work_blocks=107 delta=200000 worker_recovery=1 term_wait_ack=1 rx_priority_bootstrap=0 rx_express=0 rx_express_enabled=0 rx_express_slots=64 rx_express_batch=32 rx_l2_pull=0 rx_l2_pull_claim=0 rx_l2_pull_enabled=0
L2_FINAL gpu=1 buckets=16 reads=112953 writes=112953 completed=112953
L2_FINAL gpu=0 buckets=16 reads=149420 writes=149420 completed=149420
GPU multi-GPU wall time 8.15 ms
gpu
587598 592297 606326 592296 610335 606764 578210 599000 607387 608935 570458 585482 597224 556586 594679 600616 550991 558929 593163 603666 559784 537054 588080 602604 560909 524608 526313 587056 588682 601897 
cpu
587598 592297 606326 592296 610335 606764 578210 599000 607387 608935 570458 585482 597224 556586 594679 600616 550991 558929 593163 603666 559784 537054 588080 602604 560909 524608 526313 587056 588682 601897 
WIDE_ORACLE vertices=321270 correct=1
WIDE_ORACLE vertices=321270 correct=1
mlmq sssp correct!
BENCH algorithm=MLMQ gpu_count=2 source=160635 repeat=4 warmup=0 queue=L1SLF_L2DQ solve_ms=5.731785 collection_ms=0.142234 query_wall_ms=8.294600 prepare_ms=2.383906 post_solve_ms=0.036657 correct=1
L3_CONFIG gpu=0 work_blocks=107 delta=200000 worker_recovery=1 term_wait_ack=1 rx_priority_bootstrap=0 rx_express=0 rx_express_enabled=0 rx_express_slots=64 rx_express_batch=32 rx_l2_pull=0 rx_l2_pull_claim=0 rx_l2_pull_enabled=0
L3_CONFIG gpu=1 work_blocks=107 delta=200000 worker_recovery=1 term_wait_ack=1 rx_priority_bootstrap=0 rx_express=0 rx_express_enabled=0 rx_express_slots=64 rx_express_batch=32 rx_l2_pull=0 rx_l2_pull_claim=0 rx_l2_pull_enabled=0
L2_FINAL gpu=0 buckets=16 reads=143460 writes=143460 completed=143460
L2_FINAL gpu=1 buckets=16 reads=117404 writes=117404 completed=117404
GPU multi-GPU wall time 8.34 ms
gpu
587598 592297 606326 592296 610335 606764 578210 599000 607387 608935 570458 585482 597224 556586 594679 600616 550991 558929 593163 603666 559784 537054 588080 602604 560909 524608 526313 587056 588682 601897 
cpu
587598 592297 606326 592296 610335 606764 578210 599000 607387 608935 570458 585482 597224 556586 594679 600616 550991 558929 593163 603666 559784 537054 588080 602604 560909 524608 526313 587056 588682 601897 
WIDE_ORACLE vertices=321270 correct=1
WIDE_ORACLE vertices=321270 correct=1
mlmq sssp correct!
BENCH algorithm=MLMQ gpu_count=2 source=160635 repeat=5 warmup=0 queue=L1SLF_L2DQ solve_ms=5.716152 collection_ms=0.154666 query_wall_ms=8.493638 prepare_ms=2.591387 post_solve_ms=0.031404 correct=1

RUN_RC=0
HOST_ELAPSED_SECONDS=0.840927
