/mnt/709/data3/home/Dingzhong/src/mlmq_ppopp26/tmp/landmark206_matrix/E/landmark.gr
Graph name: /mnt/709/data3/home/Dingzhong/src/mlmq_ppopp26/tmp/landmark206_matrix/E/landmark.gr
nnodes=3598623, nedges=8778114.
Host memory for graph:  94 MB
	  1%
	 10%
	 20%
	 30%
	 40%
	 50%
	 60%
	 70%
	 80%
	 90%
	100%
Maximum degree: 9
----------Graph information----------
number of vertices 3598623 number of edges 8778114
average nnz 2.44 maximum nnz 9.00 deviation nnz 0.95
average weight 2112.28 maximum weight 200760.00 deviation weight 2731.31 
-------------------------------------
CPU done!
CPU total work count 8778114
CPU sequential time 411.06 ms
GPU begin!
NO_L3_CONFIG workers=512 delta=200000 queue=L1SLF_L2DQ
L2_CAPACITY budget=2147483647 record_bytes=8 buckets=16 per_bucket=16776704 allocated_records=268435455 counter_bits=32
L2_CAPACITY budget=2147483647 record_bytes=8 buckets=16 per_bucket=16776704 allocated_records=268435455 counter_bits=32
shm_size 68608 qshm_size 19456 nshm_size 16384 rshm_size 32768
Elapse time: 35.17 ms
WIDE_ORACLE vertices=3598623 correct=1
BENCH algorithm=MLMQ baseline=original_no_l3 gpu_count=1 source=1799311 repeat=0 warmup=1 queue=L1SLF_L2DQ solve_ms=35.155347 query_wall_ms=43.534295 correct=1
shm_size 68608 qshm_size 19456 nshm_size 16384 rshm_size 32768
Elapse time: 28.54 ms
WIDE_ORACLE vertices=3598623 correct=1
BENCH algorithm=MLMQ baseline=original_no_l3 gpu_count=1 source=1799311 repeat=1 warmup=0 queue=L1SLF_L2DQ solve_ms=28.529413 query_wall_ms=35.968816 correct=1
shm_size 68608 qshm_size 19456 nshm_size 16384 rshm_size 32768
Elapse time: 28.81 ms
WIDE_ORACLE vertices=3598623 correct=1
BENCH algorithm=MLMQ baseline=original_no_l3 gpu_count=1 source=1799311 repeat=2 warmup=0 queue=L1SLF_L2DQ solve_ms=28.805366 query_wall_ms=36.387144 correct=1
shm_size 68608 qshm_size 19456 nshm_size 16384 rshm_size 32768
Elapse time: 28.32 ms
WIDE_ORACLE vertices=3598623 correct=1
BENCH algorithm=MLMQ baseline=original_no_l3 gpu_count=1 source=1799311 repeat=3 warmup=0 queue=L1SLF_L2DQ solve_ms=28.310214 query_wall_ms=35.683975 correct=1
shm_size 68608 qshm_size 19456 nshm_size 16384 rshm_size 32768
Elapse time: 31.04 ms
WIDE_ORACLE vertices=3598623 correct=1
BENCH algorithm=MLMQ baseline=original_no_l3 gpu_count=1 source=1799311 repeat=4 warmup=0 queue=L1SLF_L2DQ solve_ms=31.034939 query_wall_ms=38.632839 correct=1
shm_size 68608 qshm_size 19456 nshm_size 16384 rshm_size 32768
Elapse time: 28.23 ms
WIDE_ORACLE vertices=3598623 correct=1
BENCH algorithm=MLMQ baseline=original_no_l3 gpu_count=1 source=1799311 repeat=5 warmup=0 queue=L1SLF_L2DQ solve_ms=28.222476 query_wall_ms=35.693690 correct=1
GPU done!
gpu
1447791 1448509 1448811 1448655 1457860 1449642 1460129 1453152 1460560 1460566 1460604 1460644 1456247 1452009 1461037 1460904 1460605 1459891 1458484 1457460 1466370 1462485 1461719 1463936 1462179 1460771 1458744 1459604 1459246 1467181 
cpu
1447791 1448509 1448811 1448655 1457860 1449642 1460129 1453152 1460560 1460566 1460604 1460644 1456247 1452009 1461037 1460904 1460605 1459891 1458484 1457460 1466370 1462485 1461719 1463936 1462179 1460771 1458744 1459604 1459246 1467181 
WIDE_ORACLE vertices=3598623 correct=1
mlmq sssp correct!

RUN_RC=0
HOST_ELAPSED_SECONDS=1.418765
