/mnt/709/data3/home/Dingzhong/src/mlmq_tpds_withl3/tmp/l3_no_sync_rerun_20260923/graphs/NY/augmented.gr
Graph name: /mnt/709/data3/home/Dingzhong/src/mlmq_tpds_withl3/tmp/l3_no_sync_rerun_20260923/graphs/NY/augmented.gr
nnodes=264346, nedges=788664.
Host memory for graph:   8 MB
	  1%
	 10%
	 20%
	 30%
	 40%
	 50%
	 60%
	 70%
	 80%
	 90%
	100%
Maximum degree: 12
----------Graph information----------
number of vertices 264346 number of edges 788664
average nnz 2.98 maximum nnz 12.00 deviation nnz 1.19
average weight 1432.17 maximum weight 77053.00 deviation weight 1517.65 
-------------------------------------
CPU done!
CPU total work count 788664
CPU sequential time 25.41 ms
GPU begin!
NO_L3_CONFIG workers=512 delta=200000 queue=L1SLF_L2DQ
L2_CAPACITY budget=2147483647 record_bytes=8 buckets=16 per_bucket=16776704 allocated_records=268435455 counter_bits=32
L2_CAPACITY budget=2147483647 record_bytes=8 buckets=16 per_bucket=16776704 allocated_records=268435455 counter_bits=32
shm_size 68608 qshm_size 19456 nshm_size 16384 rshm_size 32768
Elapse time: 6.18 ms
WIDE_ORACLE vertices=264346 correct=1
BENCH algorithm=MLMQ baseline=original_no_l3 gpu_count=1 source=132173 repeat=0 warmup=1 queue=L1SLF_L2DQ solve_ms=6.169880 query_wall_ms=9.232235 correct=1
shm_size 68608 qshm_size 19456 nshm_size 16384 rshm_size 32768
Elapse time: 5.86 ms
WIDE_ORACLE vertices=264346 correct=1
BENCH algorithm=MLMQ baseline=original_no_l3 gpu_count=1 source=132173 repeat=1 warmup=0 queue=L1SLF_L2DQ solve_ms=5.858715 query_wall_ms=8.372389 correct=1
shm_size 68608 qshm_size 19456 nshm_size 16384 rshm_size 32768
Elapse time: 6.19 ms
WIDE_ORACLE vertices=264346 correct=1
BENCH algorithm=MLMQ baseline=original_no_l3 gpu_count=1 source=132173 repeat=2 warmup=0 queue=L1SLF_L2DQ solve_ms=6.188825 query_wall_ms=8.687810 correct=1
shm_size 68608 qshm_size 19456 nshm_size 16384 rshm_size 32768
Elapse time: 5.82 ms
WIDE_ORACLE vertices=264346 correct=1
BENCH algorithm=MLMQ baseline=original_no_l3 gpu_count=1 source=132173 repeat=3 warmup=0 queue=L1SLF_L2DQ solve_ms=5.816231 query_wall_ms=8.303116 correct=1
shm_size 68608 qshm_size 19456 nshm_size 16384 rshm_size 32768
Elapse time: 7.02 ms
WIDE_ORACLE vertices=264346 correct=1
BENCH algorithm=MLMQ baseline=original_no_l3 gpu_count=1 source=132173 repeat=4 warmup=0 queue=L1SLF_L2DQ solve_ms=7.018340 query_wall_ms=9.507973 correct=1
shm_size 68608 qshm_size 19456 nshm_size 16384 rshm_size 32768
Elapse time: 6.05 ms
WIDE_ORACLE vertices=264346 correct=1
BENCH algorithm=MLMQ baseline=original_no_l3 gpu_count=1 source=132173 repeat=5 warmup=0 queue=L1SLF_L2DQ solve_ms=6.049068 query_wall_ms=8.536387 correct=1
GPU done!
gpu
562009 565677 564497 565323 563718 560712 556584 554563 544330 539612 574578 574077 571996 566125 567616 563997 561605 561130 560490 557291 556914 555595 553953 550819 545087 544371 541828 537369 540931 573911 
cpu
562009 565677 564497 565323 563718 560712 556584 554563 544330 539612 574578 574077 571996 566125 567616 563997 561605 561130 560490 557291 556914 555595 553953 550819 545087 544371 541828 537369 540931 573911 
WIDE_ORACLE vertices=264346 correct=1
mlmq sssp correct!

RUN_RC=0
HOST_ELAPSED_SECONDS=0.639557
