/mnt/709/data3/home/Dingzhong/src/mlmq_tpds_withl3/tmp/l3_no_sync_rerun_20260923/graphs/NY/augmented.gr
Graph name: /mnt/709/data3/home/Dingzhong/src/mlmq_tpds_withl3/tmp/l3_no_sync_rerun_20260923/graphs/NY/augmented.gr
nGPU: 2
sources: 1
delta override: 200000
nnodes=264346, nedges=788664.
Host memory for graph:   8 MB
	  1%
	 10%
	 20%
	 30%
	 40%
	 50%
	 60%
	 70%
	 80%
	 90%
	100%
Maximum degree: 12
----------Graph information----------
number of vertices 264346 number of edges 788664
average nnz 2.98 maximum nnz 12.00 deviation nnz 1.19
average weight 1432.17 maximum weight 77053.00 deviation weight 1517.65 
-------------------------------------
CPU done!
CPU total work count 788664
CPU sequential time 25.45 ms
GPU0 partition: [0, 158607) v_local=158607 nedges=458499
GPU1 partition: [158607, 264346) v_local=105739 nedges=330165
L3_BOUNDARY_INDEX gpu=0 dense_words=3305 boundary_words=149 indexed=1 build_ms=1.745370
L3_BOUNDARY_INDEX gpu=1 dense_words=4957 boundary_words=123 indexed=1 build_ms=1.490409
GPU begin!
BENCH_SETUP algorithm=MLMQ input_ms=6.584089 reference_ms=25.454000 initialization_other_ms=336.332465 setup_wall_ms=368.370554
L2_CAPACITY budget=2147483647 record_bytes=8 buckets=16 per_bucket=16776704 allocated_records=268435455 counter_bits=32
L2_CAPACITY budget=2147483647 record_bytes=8 buckets=16 per_bucket=16776704 allocated_records=268435455 counter_bits=32
L2_CAPACITY budget=2147483647 record_bytes=8 buckets=16 per_bucket=16776704 allocated_records=268435455 counter_bits=32
L2_CAPACITY budget=2147483647 record_bytes=8 buckets=16 per_bucket=16776704 allocated_records=268435455 counter_bits=32
L3_CONFIG gpu=1 work_blocks=107 delta=200000 worker_recovery=1 term_wait_ack=1 rx_priority_bootstrap=0 rx_express=0 rx_express_enabled=0 rx_express_slots=64 rx_express_batch=32 rx_l2_pull=0 rx_l2_pull_claim=0 rx_l2_pull_enabled=0
L3_CONFIG gpu=0 work_blocks=107 delta=200000 worker_recovery=1 term_wait_ack=1 rx_priority_bootstrap=0 rx_express=0 rx_express_enabled=0 rx_express_slots=64 rx_express_batch=32 rx_l2_pull=0 rx_l2_pull_claim=0 rx_l2_pull_enabled=0
L2_FINAL gpu=0 buckets=16 reads=381917 writes=381917 completed=381917
L2_FINAL gpu=1 buckets=16 reads=151129 writes=151129 completed=151129
GPU multi-GPU wall time 14.90 ms
gpu
562009 565677 564497 565323 563718 560712 556584 554563 544330 539612 574578 574077 571996 566125 567616 563997 561605 561130 560490 557291 556914 555595 553953 550819 545087 544371 541828 537369 540931 573911 
cpu
562009 565677 564497 565323 563718 560712 556584 554563 544330 539612 574578 574077 571996 566125 567616 563997 561605 561130 560490 557291 556914 555595 553953 550819 545087 544371 541828 537369 540931 573911 
WIDE_ORACLE vertices=264346 correct=1
WIDE_ORACLE vertices=264346 correct=1
mlmq sssp correct!
BENCH algorithm=MLMQ gpu_count=2 source=132173 repeat=0 warmup=1 queue=L1SLF_L2DQ solve_ms=8.281234 collection_ms=0.133015 query_wall_ms=15.032692 prepare_ms=6.564064 post_solve_ms=0.054344 correct=1
L3_CONFIG gpu=0 work_blocks=107 delta=200000 worker_recovery=1 term_wait_ack=1 rx_priority_bootstrap=0 rx_express=0 rx_express_enabled=0 rx_express_slots=64 rx_express_batch=32 rx_l2_pull=0 rx_l2_pull_claim=0 rx_l2_pull_enabled=0
L3_CONFIG gpu=1 work_blocks=107 delta=200000 worker_recovery=1 term_wait_ack=1 rx_priority_bootstrap=0 rx_express=0 rx_express_enabled=0 rx_express_slots=64 rx_express_batch=32 rx_l2_pull=0 rx_l2_pull_claim=0 rx_l2_pull_enabled=0
L2_FINAL gpu=0 buckets=16 reads=363863 writes=363863 completed=363863
L2_FINAL gpu=1 buckets=16 reads=154617 writes=154617 completed=154617
GPU multi-GPU wall time 8.91 ms
gpu
562009 565677 564497 565323 563718 560712 556584 554563 544330 539612 574578 574077 571996 566125 567616 563997 561605 561130 560490 557291 556914 555595 553953 550819 545087 544371 541828 537369 540931 573911 
cpu
562009 565677 564497 565323 563718 560712 556584 554563 544330 539612 574578 574077 571996 566125 567616 563997 561605 561130 560490 557291 556914 555595 553953 550819 545087 544371 541828 537369 540931 573911 
WIDE_ORACLE vertices=264346 correct=1
WIDE_ORACLE vertices=264346 correct=1
mlmq sssp correct!
BENCH algorithm=MLMQ gpu_count=2 source=132173 repeat=1 warmup=0 queue=L1SLF_L2DQ solve_ms=6.100568 collection_ms=0.143098 query_wall_ms=9.053450 prepare_ms=2.774566 post_solve_ms=0.035193 correct=1
L3_CONFIG gpu=1 work_blocks=107 delta=200000 worker_recovery=1 term_wait_ack=1 rx_priority_bootstrap=0 rx_express=0 rx_express_enabled=0 rx_express_slots=64 rx_express_batch=32 rx_l2_pull=0 rx_l2_pull_claim=0 rx_l2_pull_enabled=0
L3_CONFIG gpu=0 work_blocks=107 delta=200000 worker_recovery=1 term_wait_ack=1 rx_priority_bootstrap=0 rx_express=0 rx_express_enabled=0 rx_express_slots=64 rx_express_batch=32 rx_l2_pull=0 rx_l2_pull_claim=0 rx_l2_pull_enabled=0
L2_FINAL gpu=1 buckets=16 reads=146587 writes=146587 completed=146587
L2_FINAL gpu=0 buckets=16 reads=361221 writes=361221 completed=361221
GPU multi-GPU wall time 8.87 ms
gpu
562009 565677 564497 565323 563718 560712 556584 554563 544330 539612 574578 574077 571996 566125 567616 563997 561605 561130 560490 557291 556914 555595 553953 550819 545087 544371 541828 537369 540931 573911 
cpu
562009 565677 564497 565323 563718 560712 556584 554563 544330 539612 574578 574077 571996 566125 567616 563997 561605 561130 560490 557291 556914 555595 553953 550819 545087 544371 541828 537369 540931 573911 
WIDE_ORACLE vertices=264346 correct=1
WIDE_ORACLE vertices=264346 correct=1
mlmq sssp correct!
BENCH algorithm=MLMQ gpu_count=2 source=132173 repeat=2 warmup=0 queue=L1SLF_L2DQ solve_ms=6.145684 collection_ms=0.137267 query_wall_ms=9.009012 prepare_ms=2.686975 post_solve_ms=0.039061 correct=1
L3_CONFIG gpu=1 work_blocks=107 delta=200000 worker_recovery=1 term_wait_ack=1 rx_priority_bootstrap=0 rx_express=0 rx_express_enabled=0 rx_express_slots=64 rx_express_batch=32 rx_l2_pull=0 rx_l2_pull_claim=0 rx_l2_pull_enabled=0
L3_CONFIG gpu=0 work_blocks=107 delta=200000 worker_recovery=1 term_wait_ack=1 rx_priority_bootstrap=0 rx_express=0 rx_express_enabled=0 rx_express_slots=64 rx_express_batch=32 rx_l2_pull=0 rx_l2_pull_claim=0 rx_l2_pull_enabled=0
L2_FINAL gpu=0 buckets=16 reads=367043 writes=367043 completed=367043
L2_FINAL gpu=1 buckets=16 reads=143666 writes=143666 completed=143666
GPU multi-GPU wall time 9.25 ms
gpu
562009 565677 564497 565323 563718 560712 556584 554563 544330 539612 574578 574077 571996 566125 567616 563997 561605 561130 560490 557291 556914 555595 553953 550819 545087 544371 541828 537369 540931 573911 
cpu
562009 565677 564497 565323 563718 560712 556584 554563 544330 539612 574578 574077 571996 566125 567616 563997 561605 561130 560490 557291 556914 555595 553953 550819 545087 544371 541828 537369 540931 573911 
WIDE_ORACLE vertices=264346 correct=1
WIDE_ORACLE vertices=264346 correct=1
mlmq sssp correct!
BENCH algorithm=MLMQ gpu_count=2 source=132173 repeat=3 warmup=0 queue=L1SLF_L2DQ solve_ms=6.518750 collection_ms=0.134353 query_wall_ms=9.384723 prepare_ms=2.701151 post_solve_ms=0.030437 correct=1
L3_CONFIG gpu=0 work_blocks=107 delta=200000 worker_recovery=1 term_wait_ack=1 rx_priority_bootstrap=0 rx_express=0 rx_express_enabled=0 rx_express_slots=64 rx_express_batch=32 rx_l2_pull=0 rx_l2_pull_claim=0 rx_l2_pull_enabled=0
L3_CONFIG gpu=1 work_blocks=107 delta=200000 worker_recovery=1 term_wait_ack=1 rx_priority_bootstrap=0 rx_express=0 rx_express_enabled=0 rx_express_slots=64 rx_express_batch=32 rx_l2_pull=0 rx_l2_pull_claim=0 rx_l2_pull_enabled=0
L2_FINAL gpu=0 buckets=16 reads=358422 writes=358422 completed=358422
L2_FINAL gpu=1 buckets=16 reads=134172 writes=134172 completed=134172
GPU multi-GPU wall time 8.62 ms
gpu
562009 565677 564497 565323 563718 560712 556584 554563 544330 539612 574578 574077 571996 566125 567616 563997 561605 561130 560490 557291 556914 555595 553953 550819 545087 544371 541828 537369 540931 573911 
cpu
562009 565677 564497 565323 563718 560712 556584 554563 544330 539612 574578 574077 571996 566125 567616 563997 561605 561130 560490 557291 556914 555595 553953 550819 545087 544371 541828 537369 540931 573911 
WIDE_ORACLE vertices=264346 correct=1
WIDE_ORACLE vertices=264346 correct=1
mlmq sssp correct!
BENCH algorithm=MLMQ gpu_count=2 source=132173 repeat=4 warmup=0 queue=L1SLF_L2DQ solve_ms=6.163599 collection_ms=0.281334 query_wall_ms=8.901759 prepare_ms=2.403775 post_solve_ms=0.052912 correct=1
L3_CONFIG gpu=1 work_blocks=107 delta=200000 worker_recovery=1 term_wait_ack=1 rx_priority_bootstrap=0 rx_express=0 rx_express_enabled=0 rx_express_slots=64 rx_express_batch=32 rx_l2_pull=0 rx_l2_pull_claim=0 rx_l2_pull_enabled=0
L3_CONFIG gpu=0 work_blocks=107 delta=200000 worker_recovery=1 term_wait_ack=1 rx_priority_bootstrap=0 rx_express=0 rx_express_enabled=0 rx_express_slots=64 rx_express_batch=32 rx_l2_pull=0 rx_l2_pull_claim=0 rx_l2_pull_enabled=0
L2_FINAL gpu=0 buckets=16 reads=360346 writes=360346 completed=360346
L2_FINAL gpu=1 buckets=16 reads=155260 writes=155260 completed=155260
GPU multi-GPU wall time 8.63 ms
gpu
562009 565677 564497 565323 563718 560712 556584 554563 544330 539612 574578 574077 571996 566125 567616 563997 561605 561130 560490 557291 556914 555595 553953 550819 545087 544371 541828 537369 540931 573911 
cpu
562009 565677 564497 565323 563718 560712 556584 554563 544330 539612 574578 574077 571996 566125 567616 563997 561605 561130 560490 557291 556914 555595 553953 550819 545087 544371 541828 537369 540931 573911 
WIDE_ORACLE vertices=264346 correct=1
WIDE_ORACLE vertices=264346 correct=1
mlmq sssp correct!
BENCH algorithm=MLMQ gpu_count=2 source=132173 repeat=5 warmup=0 queue=L1SLF_L2DQ solve_ms=6.151203 collection_ms=0.149819 query_wall_ms=8.780597 prepare_ms=2.441297 post_solve_ms=0.038246 correct=1

RUN_RC=0
HOST_ELAPSED_SECONDS=0.851101
