/mnt/709/data3/home/Dingzhong/src/mlmq_ppopp26/tmp/landmark206_matrix/W/landmark.gr
Graph name: /mnt/709/data3/home/Dingzhong/src/mlmq_ppopp26/tmp/landmark206_matrix/W/landmark.gr
nnodes=6262104, nedges=15248146.
Host memory for graph: 164 MB
	  1%
	 10%
	 20%
	 30%
	 40%
	 50%
	 60%
	 70%
	 80%
	 90%
	100%
Maximum degree: 9
----------Graph information----------
number of vertices 6262104 number of edges 15248146
average nnz 2.43 maximum nnz 9.00 deviation nnz 0.93
average weight 3587.62 maximum weight 368855.00 deviation weight 5270.09 
-------------------------------------
CPU done!
CPU total work count 15248146
CPU sequential time 752.78 ms
GPU begin!
NO_L3_CONFIG workers=512 delta=200000 queue=L1SLF_L2DQ
L2_CAPACITY budget=2147483647 record_bytes=8 buckets=16 per_bucket=16776704 allocated_records=268435455 counter_bits=32
L2_CAPACITY budget=2147483647 record_bytes=8 buckets=16 per_bucket=16776704 allocated_records=268435455 counter_bits=32
shm_size 68608 qshm_size 19456 nshm_size 16384 rshm_size 32768
Elapse time: 38.31 ms
WIDE_ORACLE vertices=6262104 correct=1
BENCH algorithm=MLMQ baseline=original_no_l3 gpu_count=1 source=3131052 repeat=0 warmup=1 queue=L1SLF_L2DQ solve_ms=38.297674 query_wall_ms=51.123521 correct=1
shm_size 68608 qshm_size 19456 nshm_size 16384 rshm_size 32768
Elapse time: 38.55 ms
WIDE_ORACLE vertices=6262104 correct=1
BENCH algorithm=MLMQ baseline=original_no_l3 gpu_count=1 source=3131052 repeat=1 warmup=0 queue=L1SLF_L2DQ solve_ms=38.544013 query_wall_ms=51.385645 correct=1
shm_size 68608 qshm_size 19456 nshm_size 16384 rshm_size 32768
Elapse time: 39.69 ms
WIDE_ORACLE vertices=6262104 correct=1
BENCH algorithm=MLMQ baseline=original_no_l3 gpu_count=1 source=3131052 repeat=2 warmup=0 queue=L1SLF_L2DQ solve_ms=39.684566 query_wall_ms=52.556166 correct=1
shm_size 68608 qshm_size 19456 nshm_size 16384 rshm_size 32768
Elapse time: 37.99 ms
WIDE_ORACLE vertices=6262104 correct=1
BENCH algorithm=MLMQ baseline=original_no_l3 gpu_count=1 source=3131052 repeat=3 warmup=0 queue=L1SLF_L2DQ solve_ms=37.978126 query_wall_ms=50.816827 correct=1
shm_size 68608 qshm_size 19456 nshm_size 16384 rshm_size 32768
Elapse time: 38.36 ms
WIDE_ORACLE vertices=6262104 correct=1
BENCH algorithm=MLMQ baseline=original_no_l3 gpu_count=1 source=3131052 repeat=4 warmup=0 queue=L1SLF_L2DQ solve_ms=38.351427 query_wall_ms=51.124041 correct=1
shm_size 68608 qshm_size 19456 nshm_size 16384 rshm_size 32768
Elapse time: 42.23 ms
WIDE_ORACLE vertices=6262104 correct=1
BENCH algorithm=MLMQ baseline=original_no_l3 gpu_count=1 source=3131052 repeat=5 warmup=0 queue=L1SLF_L2DQ solve_ms=42.222006 query_wall_ms=55.849922 correct=1
GPU done!
gpu
6199524 6167003 6205194 6206144 6165876 6173439 6177211 6216604 6224831 6206540 6164333 6171820 6170338 6152466 6180584 6169776 6186986 6187396 6219946 6236079 6223911 6229928 6207303 6201212 6193393 6180022 6156127 6155185 6189925 6184380 
cpu
6199524 6167003 6205194 6206144 6165876 6173439 6177211 6216604 6224831 6206540 6164333 6171820 6170338 6152466 6180584 6169776 6186986 6187396 6219946 6236079 6223911 6229928 6207303 6201212 6193393 6180022 6156127 6155185 6189925 6184380 
WIDE_ORACLE vertices=6262104 correct=1
mlmq sssp correct!

RUN_RC=0
HOST_ELAPSED_SECONDS=2.021362
