/mnt/709/data3/home/Dingzhong/src/mlmq_tpds_withl3/tmp/l3_no_sync_rerun_20260923/graphs/BAY/augmented.gr
Graph name: /mnt/709/data3/home/Dingzhong/src/mlmq_tpds_withl3/tmp/l3_no_sync_rerun_20260923/graphs/BAY/augmented.gr
nGPU: 2
sources: 1
delta override: 200000
nnodes=321270, nedges=884786.
Host memory for graph:   9 MB
	  1%
	 11%
	 21%
	 31%
	 41%
	 51%
	 61%
	 71%
	 81%
	 91%
Maximum degree: 12
ADAPTIVE-Q: cross_ratio=0.0549% < 0.0700% -> L1V_L2DQ
----------Graph information----------
number of vertices 321270 number of edges 884786
average nnz 2.75 maximum nnz 12.00 deviation nnz 1.28
average weight 1942.23 maximum weight 201076.00 deviation weight 3397.61 
-------------------------------------
CPU done!
CPU total work count 884786
CPU sequential time 30.06 ms
GPU0 partition: [0, 160635) v_local=160635 nedges=433835
GPU1 partition: [160635, 321270) v_local=160635 nedges=450951
L3_BOUNDARY_INDEX gpu=0 dense_words=5020 boundary_words=126 indexed=1 build_ms=1.997598
L3_BOUNDARY_INDEX gpu=1 dense_words=5020 boundary_words=115 indexed=1 build_ms=1.618868
GPU begin!
BENCH_SETUP algorithm=MLMQ input_ms=7.610886 reference_ms=30.058001 initialization_other_ms=336.536028 setup_wall_ms=374.204915
L2_CAPACITY budget=2147483647 record_bytes=8 buckets=16 per_bucket=16776704 allocated_records=268435455 counter_bits=32
L2_CAPACITY budget=2147483647 record_bytes=8 buckets=16 per_bucket=16776704 allocated_records=268435455 counter_bits=32
L2_CAPACITY budget=2147483647 record_bytes=8 buckets=16 per_bucket=16776704 allocated_records=268435455 counter_bits=32
L2_CAPACITY budget=2147483647 record_bytes=8 buckets=16 per_bucket=16776704 allocated_records=268435455 counter_bits=32
L3_CONFIG gpu=0 work_blocks=107 delta=200000 worker_recovery=1 term_wait_ack=1 rx_priority_bootstrap=0 rx_express=0 rx_express_enabled=0 rx_express_slots=64 rx_express_batch=32 rx_l2_pull=0 rx_l2_pull_claim=0 rx_l2_pull_enabled=0
L3_CONFIG gpu=1 work_blocks=107 delta=200000 worker_recovery=1 term_wait_ack=1 rx_priority_bootstrap=0 rx_express=0 rx_express_enabled=0 rx_express_slots=64 rx_express_batch=32 rx_l2_pull=0 rx_l2_pull_claim=0 rx_l2_pull_enabled=0
L2_FINAL gpu=0 buckets=16 reads=179697 writes=179697 completed=179697
L2_FINAL gpu=1 buckets=16 reads=144003 writes=144003 completed=144003
GPU multi-GPU wall time 13.41 ms
gpu
587598 592297 606326 592296 610335 606764 578210 599000 607387 608935 570458 585482 597224 556586 594679 600616 550991 558929 593163 603666 559784 537054 588080 602604 560909 524608 526313 587056 588682 601897 
cpu
587598 592297 606326 592296 610335 606764 578210 599000 607387 608935 570458 585482 597224 556586 594679 600616 550991 558929 593163 603666 559784 537054 588080 602604 560909 524608 526313 587056 588682 601897 
WIDE_ORACLE vertices=321270 correct=1
WIDE_ORACLE vertices=321270 correct=1
mlmq sssp correct!
BENCH algorithm=MLMQ gpu_count=2 source=160635 repeat=0 warmup=1 queue=L1SLF_L2DQ solve_ms=6.615904 collection_ms=0.144177 query_wall_ms=13.553004 prepare_ms=6.733031 post_solve_ms=0.059858 correct=1
L3_CONFIG gpu=1 work_blocks=107 delta=200000 worker_recovery=1 term_wait_ack=1 rx_priority_bootstrap=0 rx_express=0 rx_express_enabled=0 rx_express_slots=64 rx_express_batch=32 rx_l2_pull=0 rx_l2_pull_claim=0 rx_l2_pull_enabled=0
L3_CONFIG gpu=0 work_blocks=107 delta=200000 worker_recovery=1 term_wait_ack=1 rx_priority_bootstrap=0 rx_express=0 rx_express_enabled=0 rx_express_slots=64 rx_express_batch=32 rx_l2_pull=0 rx_l2_pull_claim=0 rx_l2_pull_enabled=0
L2_FINAL gpu=1 buckets=16 reads=134512 writes=134512 completed=134512
L2_FINAL gpu=0 buckets=16 reads=191113 writes=191113 completed=191113
GPU multi-GPU wall time 8.12 ms
gpu
587598 592297 606326 592296 610335 606764 578210 599000 607387 608935 570458 585482 597224 556586 594679 600616 550991 558929 593163 603666 559784 537054 588080 602604 560909 524608 526313 587056 588682 601897 
cpu
587598 592297 606326 592296 610335 606764 578210 599000 607387 608935 570458 585482 597224 556586 594679 600616 550991 558929 593163 603666 559784 537054 588080 602604 560909 524608 526313 587056 588682 601897 
WIDE_ORACLE vertices=321270 correct=1
WIDE_ORACLE vertices=321270 correct=1
mlmq sssp correct!
BENCH algorithm=MLMQ gpu_count=2 source=160635 repeat=1 warmup=0 queue=L1SLF_L2DQ solve_ms=5.379584 collection_ms=0.134465 query_wall_ms=8.258973 prepare_ms=2.703398 post_solve_ms=0.041506 correct=1
L3_CONFIG gpu=0 work_blocks=107 delta=200000 worker_recovery=1 term_wait_ack=1 rx_priority_bootstrap=0 rx_express=0 rx_express_enabled=0 rx_express_slots=64 rx_express_batch=32 rx_l2_pull=0 rx_l2_pull_claim=0 rx_l2_pull_enabled=0
L3_CONFIG gpu=1 work_blocks=107 delta=200000 worker_recovery=1 term_wait_ack=1 rx_priority_bootstrap=0 rx_express=0 rx_express_enabled=0 rx_express_slots=64 rx_express_batch=32 rx_l2_pull=0 rx_l2_pull_claim=0 rx_l2_pull_enabled=0
L2_FINAL gpu=0 buckets=16 reads=175647 writes=175647 completed=175647
L2_FINAL gpu=1 buckets=16 reads=141826 writes=141826 completed=141826
GPU multi-GPU wall time 7.44 ms
gpu
587598 592297 606326 592296 610335 606764 578210 599000 607387 608935 570458 585482 597224 556586 594679 600616 550991 558929 593163 603666 559784 537054 588080 602604 560909 524608 526313 587056 588682 601897 
cpu
587598 592297 606326 592296 610335 606764 578210 599000 607387 608935 570458 585482 597224 556586 594679 600616 550991 558929 593163 603666 559784 537054 588080 602604 560909 524608 526313 587056 588682 601897 
WIDE_ORACLE vertices=321270 correct=1
WIDE_ORACLE vertices=321270 correct=1
mlmq sssp correct!
BENCH algorithm=MLMQ gpu_count=2 source=160635 repeat=2 warmup=0 queue=L1SLF_L2DQ solve_ms=4.582533 collection_ms=0.326465 query_wall_ms=7.765766 prepare_ms=2.816664 post_solve_ms=0.039944 correct=1
L3_CONFIG gpu=0 work_blocks=107 delta=200000 worker_recovery=1 term_wait_ack=1 rx_priority_bootstrap=0 rx_express=0 rx_express_enabled=0 rx_express_slots=64 rx_express_batch=32 rx_l2_pull=0 rx_l2_pull_claim=0 rx_l2_pull_enabled=0
L3_CONFIG gpu=1 work_blocks=107 delta=200000 worker_recovery=1 term_wait_ack=1 rx_priority_bootstrap=0 rx_express=0 rx_express_enabled=0 rx_express_slots=64 rx_express_batch=32 rx_l2_pull=0 rx_l2_pull_claim=0 rx_l2_pull_enabled=0
L2_FINAL gpu=0 buckets=16 reads=178091 writes=178091 completed=178091
L2_FINAL gpu=1 buckets=16 reads=140277 writes=140277 completed=140277
GPU multi-GPU wall time 7.07 ms
gpu
587598 592297 606326 592296 610335 606764 578210 599000 607387 608935 570458 585482 597224 556586 594679 600616 550991 558929 593163 603666 559784 537054 588080 602604 560909 524608 526313 587056 588682 601897 
cpu
587598 592297 606326 592296 610335 606764 578210 599000 607387 608935 570458 585482 597224 556586 594679 600616 550991 558929 593163 603666 559784 537054 588080 602604 560909 524608 526313 587056 588682 601897 
WIDE_ORACLE vertices=321270 correct=1
WIDE_ORACLE vertices=321270 correct=1
mlmq sssp correct!
BENCH algorithm=MLMQ gpu_count=2 source=160635 repeat=3 warmup=0 queue=L1SLF_L2DQ solve_ms=4.573619 collection_ms=0.153704 query_wall_ms=7.219619 prepare_ms=2.457295 post_solve_ms=0.034975 correct=1
L3_CONFIG gpu=0 work_blocks=107 delta=200000 worker_recovery=1 term_wait_ack=1 rx_priority_bootstrap=0 rx_express=0 rx_express_enabled=0 rx_express_slots=64 rx_express_batch=32 rx_l2_pull=0 rx_l2_pull_claim=0 rx_l2_pull_enabled=0
L3_CONFIG gpu=1 work_blocks=107 delta=200000 worker_recovery=1 term_wait_ack=1 rx_priority_bootstrap=0 rx_express=0 rx_express_enabled=0 rx_express_slots=64 rx_express_batch=32 rx_l2_pull=0 rx_l2_pull_claim=0 rx_l2_pull_enabled=0
L2_FINAL gpu=1 buckets=16 reads=138811 writes=138811 completed=138811
L2_FINAL gpu=0 buckets=16 reads=174105 writes=174105 completed=174105
GPU multi-GPU wall time 7.23 ms
gpu
587598 592297 606326 592296 610335 606764 578210 599000 607387 608935 570458 585482 597224 556586 594679 600616 550991 558929 593163 603666 559784 537054 588080 602604 560909 524608 526313 587056 588682 601897 
cpu
587598 592297 606326 592296 610335 606764 578210 599000 607387 608935 570458 585482 597224 556586 594679 600616 550991 558929 593163 603666 559784 537054 588080 602604 560909 524608 526313 587056 588682 601897 
WIDE_ORACLE vertices=321270 correct=1
WIDE_ORACLE vertices=321270 correct=1
mlmq sssp correct!
BENCH algorithm=MLMQ gpu_count=2 source=160635 repeat=4 warmup=0 queue=L1SLF_L2DQ solve_ms=4.777508 collection_ms=0.161263 query_wall_ms=7.392092 prepare_ms=2.416193 post_solve_ms=0.037085 correct=1
L3_CONFIG gpu=0 work_blocks=107 delta=200000 worker_recovery=1 term_wait_ack=1 rx_priority_bootstrap=0 rx_express=0 rx_express_enabled=0 rx_express_slots=64 rx_express_batch=32 rx_l2_pull=0 rx_l2_pull_claim=0 rx_l2_pull_enabled=0
L3_CONFIG gpu=1 work_blocks=107 delta=200000 worker_recovery=1 term_wait_ack=1 rx_priority_bootstrap=0 rx_express=0 rx_express_enabled=0 rx_express_slots=64 rx_express_batch=32 rx_l2_pull=0 rx_l2_pull_claim=0 rx_l2_pull_enabled=0
L2_FINAL gpu=0 buckets=16 reads=150626 writes=150626 completed=150626
L2_FINAL gpu=1 buckets=16 reads=149680 writes=149680 completed=149680
GPU multi-GPU wall time 7.28 ms
gpu
587598 592297 606326 592296 610335 606764 578210 599000 607387 608935 570458 585482 597224 556586 594679 600616 550991 558929 593163 603666 559784 537054 588080 602604 560909 524608 526313 587056 588682 601897 
cpu
587598 592297 606326 592296 610335 606764 578210 599000 607387 608935 570458 585482 597224 556586 594679 600616 550991 558929 593163 603666 559784 537054 588080 602604 560909 524608 526313 587056 588682 601897 
WIDE_ORACLE vertices=321270 correct=1
WIDE_ORACLE vertices=321270 correct=1
mlmq sssp correct!
BENCH algorithm=MLMQ gpu_count=2 source=160635 repeat=5 warmup=0 queue=L1SLF_L2DQ solve_ms=4.563458 collection_ms=0.151399 query_wall_ms=7.436830 prepare_ms=2.691073 post_solve_ms=0.030874 correct=1

RUN_RC=0
HOST_ELAPSED_SECONDS=0.851574
