/mnt/709/data3/home/Dingzhong/src/mlmq_ppopp26/tmp/landmark206_matrix/CAL/landmark.gr
Graph name: /mnt/709/data3/home/Dingzhong/src/mlmq_ppopp26/tmp/landmark206_matrix/CAL/landmark.gr
nGPU: 2
sources: 1
delta override: 200000
nnodes=1890815, nedges=4657742.
Host memory for graph:  49 MB
	  1%
	 10%
	 20%
	 30%
	 40%
	 50%
	 60%
	 70%
	 80%
	 90%
	100%
Maximum degree: 8
ADAPTIVE-Q: cross_ratio=0.0125% < 0.0700% -> L1V_L2DQ
----------Graph information----------
number of vertices 1890815 number of edges 4657742
average nnz 2.46 maximum nnz 8.00 deviation nnz 0.94
average weight 2698.90 maximum weight 215354.00 deviation weight 4248.52 
-------------------------------------
CPU done!
CPU total work count 4657742
CPU sequential time 196.01 ms
GPU0 partition: [0, 945407) v_local=945407 nedges=2280000
GPU1 partition: [945407, 1890815) v_local=945408 nedges=2377742
L3_BOUNDARY_INDEX gpu=0 dense_words=29544 boundary_words=193 indexed=1 build_ms=2.440220
L3_BOUNDARY_INDEX gpu=1 dense_words=29544 boundary_words=180 indexed=1 build_ms=2.373448
GPU begin!
BENCH_SETUP algorithm=MLMQ input_ms=34.150110 reference_ms=196.011002 initialization_other_ms=407.762575 setup_wall_ms=637.923687
L2_CAPACITY budget=2147483647 record_bytes=8 buckets=16 per_bucket=16776704 allocated_records=268435455 counter_bits=32
L2_CAPACITY budget=2147483647 record_bytes=8 buckets=16 per_bucket=16776704 allocated_records=268435455 counter_bits=32
L2_CAPACITY budget=2147483647 record_bytes=8 buckets=16 per_bucket=16776704 allocated_records=268435455 counter_bits=32
L2_CAPACITY budget=2147483647 record_bytes=8 buckets=16 per_bucket=16776704 allocated_records=268435455 counter_bits=32
L3_CONFIG gpu=1 work_blocks=107 delta=200000 worker_recovery=1 term_wait_ack=1 rx_priority_bootstrap=0 rx_express=0 rx_express_enabled=0 rx_express_slots=64 rx_express_batch=32 rx_l2_pull=0 rx_l2_pull_claim=0 rx_l2_pull_enabled=0
L3_CONFIG gpu=0 work_blocks=107 delta=200000 worker_recovery=1 term_wait_ack=1 rx_priority_bootstrap=0 rx_express=0 rx_express_enabled=0 rx_express_slots=64 rx_express_batch=32 rx_l2_pull=0 rx_l2_pull_claim=0 rx_l2_pull_enabled=0
L2_FINAL gpu=1 buckets=16 reads=850536 writes=850536 completed=850536
L2_FINAL gpu=0 buckets=16 reads=589140 writes=589140 completed=589140
GPU multi-GPU wall time 36.64 ms
gpu
6341374 6364222 6347308 6404168 6377364 6349703 6318119 6406500 6435478 6405696 6403948 6382879 6356246 6358158 6335406 6327111 6456501 6477053 6452637 6428893 6403376 6412499 6416060 6364382 6363575 6357515 6392575 6495479 6487134 6455205 
cpu
6341374 6364222 6347308 6404168 6377364 6349703 6318119 6406500 6435478 6405696 6403948 6382879 6356246 6358158 6335406 6327111 6456501 6477053 6452637 6428893 6403376 6412499 6416060 6364382 6363575 6357515 6392575 6495479 6487134 6455205 
WIDE_ORACLE vertices=1890815 correct=1
WIDE_ORACLE vertices=1890815 correct=1
mlmq sssp correct!
BENCH algorithm=MLMQ gpu_count=2 source=945407 repeat=0 warmup=1 queue=L1SLF_L2DQ solve_ms=30.029398 collection_ms=1.781160 query_wall_ms=38.426261 prepare_ms=6.550061 post_solve_ms=0.065612 correct=1
L3_CONFIG gpu=0 work_blocks=107 delta=200000 worker_recovery=1 term_wait_ack=1 rx_priority_bootstrap=0 rx_express=0 rx_express_enabled=0 rx_express_slots=64 rx_express_batch=32 rx_l2_pull=0 rx_l2_pull_claim=0 rx_l2_pull_enabled=0
L3_CONFIG gpu=1 work_blocks=107 delta=200000 worker_recovery=1 term_wait_ack=1 rx_priority_bootstrap=0 rx_express=0 rx_express_enabled=0 rx_express_slots=64 rx_express_batch=32 rx_l2_pull=0 rx_l2_pull_claim=0 rx_l2_pull_enabled=0
L2_FINAL gpu=1 buckets=16 reads=936908 writes=936908 completed=936908
L2_FINAL gpu=0 buckets=16 reads=570477 writes=570477 completed=570477
GPU multi-GPU wall time 30.37 ms
gpu
6341374 6364222 6347308 6404168 6377364 6349703 6318119 6406500 6435478 6405696 6403948 6382879 6356246 6358158 6335406 6327111 6456501 6477053 6452637 6428893 6403376 6412499 6416060 6364382 6363575 6357515 6392575 6495479 6487134 6455205 
cpu
6341374 6364222 6347308 6404168 6377364 6349703 6318119 6406500 6435478 6405696 6403948 6382879 6356246 6358158 6335406 6327111 6456501 6477053 6452637 6428893 6403376 6412499 6416060 6364382 6363575 6357515 6392575 6495479 6487134 6455205 
WIDE_ORACLE vertices=1890815 correct=1
WIDE_ORACLE vertices=1890815 correct=1
mlmq sssp correct!
BENCH algorithm=MLMQ gpu_count=2 source=945407 repeat=1 warmup=0 queue=L1SLF_L2DQ solve_ms=27.581211 collection_ms=0.560844 query_wall_ms=30.929292 prepare_ms=2.719106 post_solve_ms=0.068109 correct=1
L3_CONFIG gpu=1 work_blocks=107 delta=200000 worker_recovery=1 term_wait_ack=1 rx_priority_bootstrap=0 rx_express=0 rx_express_enabled=0 rx_express_slots=64 rx_express_batch=32 rx_l2_pull=0 rx_l2_pull_claim=0 rx_l2_pull_enabled=0
L3_CONFIG gpu=0 work_blocks=107 delta=200000 worker_recovery=1 term_wait_ack=1 rx_priority_bootstrap=0 rx_express=0 rx_express_enabled=0 rx_express_slots=64 rx_express_batch=32 rx_l2_pull=0 rx_l2_pull_claim=0 rx_l2_pull_enabled=0
L2_FINAL gpu=1 buckets=16 reads=864049 writes=864049 completed=864049
L2_FINAL gpu=0 buckets=16 reads=594332 writes=594332 completed=594332
GPU multi-GPU wall time 29.69 ms
gpu
6341374 6364222 6347308 6404168 6377364 6349703 6318119 6406500 6435478 6405696 6403948 6382879 6356246 6358158 6335406 6327111 6456501 6477053 6452637 6428893 6403376 6412499 6416060 6364382 6363575 6357515 6392575 6495479 6487134 6455205 
cpu
6341374 6364222 6347308 6404168 6377364 6349703 6318119 6406500 6435478 6405696 6403948 6382879 6356246 6358158 6335406 6327111 6456501 6477053 6452637 6428893 6403376 6412499 6416060 6364382 6363575 6357515 6392575 6495479 6487134 6455205 
WIDE_ORACLE vertices=1890815 correct=1
WIDE_ORACLE vertices=1890815 correct=1
mlmq sssp correct!
BENCH algorithm=MLMQ gpu_count=2 source=945407 repeat=2 warmup=0 queue=L1SLF_L2DQ solve_ms=27.032307 collection_ms=0.585728 query_wall_ms=30.277343 prepare_ms=2.610707 post_solve_ms=0.048579 correct=1
L3_CONFIG gpu=1 work_blocks=107 delta=200000 worker_recovery=1 term_wait_ack=1 rx_priority_bootstrap=0 rx_express=0 rx_express_enabled=0 rx_express_slots=64 rx_express_batch=32 rx_l2_pull=0 rx_l2_pull_claim=0 rx_l2_pull_enabled=0
L3_CONFIG gpu=0 work_blocks=107 delta=200000 worker_recovery=1 term_wait_ack=1 rx_priority_bootstrap=0 rx_express=0 rx_express_enabled=0 rx_express_slots=64 rx_express_batch=32 rx_l2_pull=0 rx_l2_pull_claim=0 rx_l2_pull_enabled=0
L2_FINAL gpu=1 buckets=16 reads=821710 writes=821710 completed=821710
L2_FINAL gpu=0 buckets=16 reads=529865 writes=529865 completed=529865
GPU multi-GPU wall time 30.49 ms
gpu
6341374 6364222 6347308 6404168 6377364 6349703 6318119 6406500 6435478 6405696 6403948 6382879 6356246 6358158 6335406 6327111 6456501 6477053 6452637 6428893 6403376 6412499 6416060 6364382 6363575 6357515 6392575 6495479 6487134 6455205 
cpu
6341374 6364222 6347308 6404168 6377364 6349703 6318119 6406500 6435478 6405696 6403948 6382879 6356246 6358158 6335406 6327111 6456501 6477053 6452637 6428893 6403376 6412499 6416060 6364382 6363575 6357515 6392575 6495479 6487134 6455205 
WIDE_ORACLE vertices=1890815 correct=1
WIDE_ORACLE vertices=1890815 correct=1
mlmq sssp correct!
BENCH algorithm=MLMQ gpu_count=2 source=945407 repeat=3 warmup=0 queue=L1SLF_L2DQ solve_ms=27.893555 collection_ms=1.112738 query_wall_ms=31.600909 prepare_ms=2.532207 post_solve_ms=0.062380 correct=1
L3_CONFIG gpu=0 work_blocks=107 delta=200000 worker_recovery=1 term_wait_ack=1 rx_priority_bootstrap=0 rx_express=0 rx_express_enabled=0 rx_express_slots=64 rx_express_batch=32 rx_l2_pull=0 rx_l2_pull_claim=0 rx_l2_pull_enabled=0
L3_CONFIG gpu=1 work_blocks=107 delta=200000 worker_recovery=1 term_wait_ack=1 rx_priority_bootstrap=0 rx_express=0 rx_express_enabled=0 rx_express_slots=64 rx_express_batch=32 rx_l2_pull=0 rx_l2_pull_claim=0 rx_l2_pull_enabled=0
L2_FINAL gpu=1 buckets=16 reads=814844 writes=814844 completed=814844
L2_FINAL gpu=0 buckets=16 reads=545079 writes=545079 completed=545079
GPU multi-GPU wall time 31.06 ms
gpu
6341374 6364222 6347308 6404168 6377364 6349703 6318119 6406500 6435478 6405696 6403948 6382879 6356246 6358158 6335406 6327111 6456501 6477053 6452637 6428893 6403376 6412499 6416060 6364382 6363575 6357515 6392575 6495479 6487134 6455205 
cpu
6341374 6364222 6347308 6404168 6377364 6349703 6318119 6406500 6435478 6405696 6403948 6382879 6356246 6358158 6335406 6327111 6456501 6477053 6452637 6428893 6403376 6412499 6416060 6364382 6363575 6357515 6392575 6495479 6487134 6455205 
WIDE_ORACLE vertices=1890815 correct=1
WIDE_ORACLE vertices=1890815 correct=1
mlmq sssp correct!
BENCH algorithm=MLMQ gpu_count=2 source=945407 repeat=4 warmup=0 queue=L1SLF_L2DQ solve_ms=28.136588 collection_ms=0.822156 query_wall_ms=31.878701 prepare_ms=2.852123 post_solve_ms=0.067813 correct=1
L3_CONFIG gpu=1 work_blocks=107 delta=200000 worker_recovery=1 term_wait_ack=1 rx_priority_bootstrap=0 rx_express=0 rx_express_enabled=0 rx_express_slots=64 rx_express_batch=32 rx_l2_pull=0 rx_l2_pull_claim=0 rx_l2_pull_enabled=0
L3_CONFIG gpu=0 work_blocks=107 delta=200000 worker_recovery=1 term_wait_ack=1 rx_priority_bootstrap=0 rx_express=0 rx_express_enabled=0 rx_express_slots=64 rx_express_batch=32 rx_l2_pull=0 rx_l2_pull_claim=0 rx_l2_pull_enabled=0
L2_FINAL gpu=1 buckets=16 reads=806596 writes=806596 completed=806596
L2_FINAL gpu=0 buckets=16 reads=605258 writes=605258 completed=605258
GPU multi-GPU wall time 29.36 ms
gpu
6341374 6364222 6347308 6404168 6377364 6349703 6318119 6406500 6435478 6405696 6403948 6382879 6356246 6358158 6335406 6327111 6456501 6477053 6452637 6428893 6403376 6412499 6416060 6364382 6363575 6357515 6392575 6495479 6487134 6455205 
cpu
6341374 6364222 6347308 6404168 6377364 6349703 6318119 6406500 6435478 6405696 6403948 6382879 6356246 6358158 6335406 6327111 6456501 6477053 6452637 6428893 6403376 6412499 6416060 6364382 6363575 6357515 6392575 6495479 6487134 6455205 
WIDE_ORACLE vertices=1890815 correct=1
WIDE_ORACLE vertices=1890815 correct=1
mlmq sssp correct!
BENCH algorithm=MLMQ gpu_count=2 source=945407 repeat=5 warmup=0 queue=L1SLF_L2DQ solve_ms=26.674149 collection_ms=0.717931 query_wall_ms=30.077440 prepare_ms=2.628788 post_solve_ms=0.056551 correct=1

RUN_RC=0
HOST_ELAPSED_SECONDS=1.285641
