/mnt/709/data3/home/Dingzhong/src/mlmq_ppopp26/tmp/landmark206_matrix/E/landmark.gr
Graph name: /mnt/709/data3/home/Dingzhong/src/mlmq_ppopp26/tmp/landmark206_matrix/E/landmark.gr
nGPU: 2
sources: 1
delta override: 200000
nnodes=3598623, nedges=8778114.
Host memory for graph:  94 MB
	  1%
	 10%
	 20%
	 30%
	 40%
	 50%
	 60%
	 70%
	 80%
	 90%
	100%
Maximum degree: 9
ADAPTIVE-Q: cross_ratio=0.0132% < 0.0700% -> L1V_L2DQ
----------Graph information----------
number of vertices 3598623 number of edges 8778114
average nnz 2.44 maximum nnz 9.00 deviation nnz 0.95
average weight 2112.28 maximum weight 200760.00 deviation weight 2731.31 
-------------------------------------
CPU done!
CPU total work count 8778114
CPU sequential time 403.83 ms
GPU0 partition: [0, 1799311) v_local=1799311 nedges=4375307
GPU1 partition: [1799311, 3598623) v_local=1799312 nedges=4402807
L3_BOUNDARY_INDEX gpu=0 dense_words=56229 boundary_words=352 indexed=1 build_ms=4.189098
L3_BOUNDARY_INDEX gpu=1 dense_words=56229 boundary_words=320 indexed=1 build_ms=3.925214
GPU begin!
BENCH_SETUP algorithm=MLMQ input_ms=61.350672 reference_ms=403.834015 initialization_other_ms=484.583532 setup_wall_ms=949.768219
L2_CAPACITY budget=2147483647 record_bytes=8 buckets=16 per_bucket=16776704 allocated_records=268435455 counter_bits=32
L2_CAPACITY budget=2147483647 record_bytes=8 buckets=16 per_bucket=16776704 allocated_records=268435455 counter_bits=32
L2_CAPACITY budget=2147483647 record_bytes=8 buckets=16 per_bucket=16776704 allocated_records=268435455 counter_bits=32
L2_CAPACITY budget=2147483647 record_bytes=8 buckets=16 per_bucket=16776704 allocated_records=268435455 counter_bits=32
L3_CONFIG gpu=0 work_blocks=107 delta=200000 worker_recovery=1 term_wait_ack=1 rx_priority_bootstrap=0 rx_express=0 rx_express_enabled=0 rx_express_slots=64 rx_express_batch=32 rx_l2_pull=0 rx_l2_pull_claim=0 rx_l2_pull_enabled=0
L3_CONFIG gpu=1 work_blocks=107 delta=200000 worker_recovery=1 term_wait_ack=1 rx_priority_bootstrap=0 rx_express=0 rx_express_enabled=0 rx_express_slots=64 rx_express_batch=32 rx_l2_pull=0 rx_l2_pull_claim=0 rx_l2_pull_enabled=0
L2_FINAL gpu=1 buckets=16 reads=1699948 writes=1699948 completed=1699948
L2_FINAL gpu=0 buckets=16 reads=7178673 writes=7178673 completed=7178673
GPU multi-GPU wall time 48.63 ms
gpu
1447791 1448509 1448811 1448655 1457860 1449642 1460129 1453152 1460560 1460566 1460604 1460644 1456247 1452009 1461037 1460904 1460605 1459891 1458484 1457460 1466370 1462485 1461719 1463936 1462179 1460771 1458744 1459604 1459246 1467181 
cpu
1447791 1448509 1448811 1448655 1457860 1449642 1460129 1453152 1460560 1460566 1460604 1460644 1456247 1452009 1461037 1460904 1460605 1459891 1458484 1457460 1466370 1462485 1461719 1463936 1462179 1460771 1458744 1459604 1459246 1467181 
WIDE_ORACLE vertices=3598623 correct=1
WIDE_ORACLE vertices=3598623 correct=1
mlmq sssp correct!
BENCH algorithm=MLMQ gpu_count=2 source=1799311 repeat=0 warmup=1 queue=L1SLF_L2DQ solve_ms=42.517219 collection_ms=3.781812 query_wall_ms=52.413400 prepare_ms=6.050632 post_solve_ms=0.063709 correct=1
L3_CONFIG gpu=1 work_blocks=107 delta=200000 worker_recovery=1 term_wait_ack=1 rx_priority_bootstrap=0 rx_express=0 rx_express_enabled=0 rx_express_slots=64 rx_express_batch=32 rx_l2_pull=0 rx_l2_pull_claim=0 rx_l2_pull_enabled=0
L3_CONFIG gpu=0 work_blocks=107 delta=200000 worker_recovery=1 term_wait_ack=1 rx_priority_bootstrap=0 rx_express=0 rx_express_enabled=0 rx_express_slots=64 rx_express_batch=32 rx_l2_pull=0 rx_l2_pull_claim=0 rx_l2_pull_enabled=0
L2_FINAL gpu=1 buckets=16 reads=973736 writes=973736 completed=973736
L2_FINAL gpu=0 buckets=16 reads=1252046 writes=1252046 completed=1252046
GPU multi-GPU wall time 34.20 ms
gpu
1447791 1448509 1448811 1448655 1457860 1449642 1460129 1453152 1460560 1460566 1460604 1460644 1456247 1452009 1461037 1460904 1460605 1459891 1458484 1457460 1466370 1462485 1461719 1463936 1462179 1460771 1458744 1459604 1459246 1467181 
cpu
1447791 1448509 1448811 1448655 1457860 1449642 1460129 1453152 1460560 1460566 1460604 1460644 1456247 1452009 1461037 1460904 1460605 1459891 1458484 1457460 1466370 1462485 1461719 1463936 1462179 1460771 1458744 1459604 1459246 1467181 
WIDE_ORACLE vertices=3598623 correct=1
WIDE_ORACLE vertices=3598623 correct=1
mlmq sssp correct!
BENCH algorithm=MLMQ gpu_count=2 source=1799311 repeat=1 warmup=0 queue=L1SLF_L2DQ solve_ms=31.481018 collection_ms=0.935213 query_wall_ms=35.132752 prepare_ms=2.659760 post_solve_ms=0.056728 correct=1
L3_CONFIG gpu=1 work_blocks=107 delta=200000 worker_recovery=1 term_wait_ack=1 rx_priority_bootstrap=0 rx_express=0 rx_express_enabled=0 rx_express_slots=64 rx_express_batch=32 rx_l2_pull=0 rx_l2_pull_claim=0 rx_l2_pull_enabled=0
L3_CONFIG gpu=0 work_blocks=107 delta=200000 worker_recovery=1 term_wait_ack=1 rx_priority_bootstrap=0 rx_express=0 rx_express_enabled=0 rx_express_slots=64 rx_express_batch=32 rx_l2_pull=0 rx_l2_pull_claim=0 rx_l2_pull_enabled=0
L2_FINAL gpu=0 buckets=16 reads=1215035 writes=1215035 completed=1215035
L2_FINAL gpu=1 buckets=16 reads=1001197 writes=1001197 completed=1001197
GPU multi-GPU wall time 33.39 ms
gpu
1447791 1448509 1448811 1448655 1457860 1449642 1460129 1453152 1460560 1460566 1460604 1460644 1456247 1452009 1461037 1460904 1460605 1459891 1458484 1457460 1466370 1462485 1461719 1463936 1462179 1460771 1458744 1459604 1459246 1467181 
cpu
1447791 1448509 1448811 1448655 1457860 1449642 1460129 1453152 1460560 1460566 1460604 1460644 1456247 1452009 1461037 1460904 1460605 1459891 1458484 1457460 1466370 1462485 1461719 1463936 1462179 1460771 1458744 1459604 1459246 1467181 
WIDE_ORACLE vertices=3598623 correct=1
WIDE_ORACLE vertices=3598623 correct=1
mlmq sssp correct!
BENCH algorithm=MLMQ gpu_count=2 source=1799311 repeat=2 warmup=0 queue=L1SLF_L2DQ solve_ms=30.739790 collection_ms=1.527461 query_wall_ms=34.920352 prepare_ms=2.595035 post_solve_ms=0.058051 correct=1
L3_CONFIG gpu=1 work_blocks=107 delta=200000 worker_recovery=1 term_wait_ack=1 rx_priority_bootstrap=0 rx_express=0 rx_express_enabled=0 rx_express_slots=64 rx_express_batch=32 rx_l2_pull=0 rx_l2_pull_claim=0 rx_l2_pull_enabled=0
L3_CONFIG gpu=0 work_blocks=107 delta=200000 worker_recovery=1 term_wait_ack=1 rx_priority_bootstrap=0 rx_express=0 rx_express_enabled=0 rx_express_slots=64 rx_express_batch=32 rx_l2_pull=0 rx_l2_pull_claim=0 rx_l2_pull_enabled=0
L2_FINAL gpu=1 buckets=16 reads=982937 writes=982937 completed=982937
L2_FINAL gpu=0 buckets=16 reads=1783638 writes=1783638 completed=1783638
GPU multi-GPU wall time 33.89 ms
gpu
1447791 1448509 1448811 1448655 1457860 1449642 1460129 1453152 1460560 1460566 1460604 1460644 1456247 1452009 1461037 1460904 1460605 1459891 1458484 1457460 1466370 1462485 1461719 1463936 1462179 1460771 1458744 1459604 1459246 1467181 
cpu
1447791 1448509 1448811 1448655 1457860 1449642 1460129 1453152 1460560 1460566 1460604 1460644 1456247 1452009 1461037 1460904 1460605 1459891 1458484 1457460 1466370 1462485 1461719 1463936 1462179 1460771 1458744 1459604 1459246 1467181 
WIDE_ORACLE vertices=3598623 correct=1
WIDE_ORACLE vertices=3598623 correct=1
mlmq sssp correct!
BENCH algorithm=MLMQ gpu_count=2 source=1799311 repeat=3 warmup=0 queue=L1SLF_L2DQ solve_ms=31.269952 collection_ms=0.981336 query_wall_ms=34.873467 prepare_ms=2.557528 post_solve_ms=0.064631 correct=1
L3_CONFIG gpu=1 work_blocks=107 delta=200000 worker_recovery=1 term_wait_ack=1 rx_priority_bootstrap=0 rx_express=0 rx_express_enabled=0 rx_express_slots=64 rx_express_batch=32 rx_l2_pull=0 rx_l2_pull_claim=0 rx_l2_pull_enabled=0
L3_CONFIG gpu=0 work_blocks=107 delta=200000 worker_recovery=1 term_wait_ack=1 rx_priority_bootstrap=0 rx_express=0 rx_express_enabled=0 rx_express_slots=64 rx_express_batch=32 rx_l2_pull=0 rx_l2_pull_claim=0 rx_l2_pull_enabled=0
L2_FINAL gpu=1 buckets=16 reads=979425 writes=979425 completed=979425
L2_FINAL gpu=0 buckets=16 reads=1233843 writes=1233843 completed=1233843
GPU multi-GPU wall time 34.73 ms
gpu
1447791 1448509 1448811 1448655 1457860 1449642 1460129 1453152 1460560 1460566 1460604 1460644 1456247 1452009 1461037 1460904 1460605 1459891 1458484 1457460 1466370 1462485 1461719 1463936 1462179 1460771 1458744 1459604 1459246 1467181 
cpu
1447791 1448509 1448811 1448655 1457860 1449642 1460129 1453152 1460560 1460566 1460604 1460644 1456247 1452009 1461037 1460904 1460605 1459891 1458484 1457460 1466370 1462485 1461719 1463936 1462179 1460771 1458744 1459604 1459246 1467181 
WIDE_ORACLE vertices=3598623 correct=1
WIDE_ORACLE vertices=3598623 correct=1
mlmq sssp correct!
BENCH algorithm=MLMQ gpu_count=2 source=1799311 repeat=4 warmup=0 queue=L1SLF_L2DQ solve_ms=32.057479 collection_ms=1.681823 query_wall_ms=36.408498 prepare_ms=2.603241 post_solve_ms=0.065939 correct=1
L3_CONFIG gpu=1 work_blocks=107 delta=200000 worker_recovery=1 term_wait_ack=1 rx_priority_bootstrap=0 rx_express=0 rx_express_enabled=0 rx_express_slots=64 rx_express_batch=32 rx_l2_pull=0 rx_l2_pull_claim=0 rx_l2_pull_enabled=0
L3_CONFIG gpu=0 work_blocks=107 delta=200000 worker_recovery=1 term_wait_ack=1 rx_priority_bootstrap=0 rx_express=0 rx_express_enabled=0 rx_express_slots=64 rx_express_batch=32 rx_l2_pull=0 rx_l2_pull_claim=0 rx_l2_pull_enabled=0
L2_FINAL gpu=0 buckets=16 reads=1167106 writes=1167106 completed=1167106
L2_FINAL gpu=1 buckets=16 reads=930626 writes=930626 completed=930626
GPU multi-GPU wall time 32.53 ms
gpu
1447791 1448509 1448811 1448655 1457860 1449642 1460129 1453152 1460560 1460566 1460604 1460644 1456247 1452009 1461037 1460904 1460605 1459891 1458484 1457460 1466370 1462485 1461719 1463936 1462179 1460771 1458744 1459604 1459246 1467181 
cpu
1447791 1448509 1448811 1448655 1457860 1449642 1460129 1453152 1460560 1460566 1460604 1460644 1456247 1452009 1461037 1460904 1460605 1459891 1458484 1457460 1466370 1462485 1461719 1463936 1462179 1460771 1458744 1459604 1459246 1467181 
WIDE_ORACLE vertices=3598623 correct=1
WIDE_ORACLE vertices=3598623 correct=1
mlmq sssp correct!
BENCH algorithm=MLMQ gpu_count=2 source=1799311 repeat=5 warmup=0 queue=L1SLF_L2DQ solve_ms=29.866680 collection_ms=0.996375 query_wall_ms=33.521924 prepare_ms=2.603061 post_solve_ms=0.055791 correct=1

RUN_RC=0
HOST_ELAPSED_SECONDS=1.672149
