/mnt/709/data3/home/Dingzhong/src/mlmq_tpds_withl3/tmp/l3_no_sync_rerun_20260923/graphs/FLA/augmented.gr
Graph name: /mnt/709/data3/home/Dingzhong/src/mlmq_tpds_withl3/tmp/l3_no_sync_rerun_20260923/graphs/FLA/augmented.gr
nGPU: 2
sources: 1
delta override: 200000
nnodes=1070376, nedges=3021626.
Host memory for graph:  31 MB
	  1%
	 10%
	 20%
	 30%
	 40%
	 50%
	 60%
	 70%
	 80%
	 90%
	100%
Maximum degree: 10
ADAPTIVE-Q: cross_ratio=0.0364% < 0.0700% -> L1V_L2DQ
----------Graph information----------
number of vertices 1070376 number of edges 3021626
average nnz 2.82 maximum nnz 10.00 deviation nnz 1.27
average weight 2404.55 maximum weight 328376.00 deviation weight 3844.09 
-------------------------------------
CPU done!
CPU total work count 3021626
CPU sequential time 103.43 ms
GPU0 partition: [0, 535188) v_local=535188 nedges=1514890
GPU1 partition: [535188, 1070376) v_local=535188 nedges=1506736
L3_BOUNDARY_INDEX gpu=0 dense_words=16725 boundary_words=217 indexed=1 build_ms=2.187249
L3_BOUNDARY_INDEX gpu=1 dense_words=16725 boundary_words=214 indexed=1 build_ms=1.611678
GPU begin!
BENCH_SETUP algorithm=MLMQ input_ms=26.581818 reference_ms=103.429001 initialization_other_ms=374.132436 setup_wall_ms=504.143255
L2_CAPACITY budget=2147483647 record_bytes=8 buckets=16 per_bucket=16776704 allocated_records=268435455 counter_bits=32
L2_CAPACITY budget=2147483647 record_bytes=8 buckets=16 per_bucket=16776704 allocated_records=268435455 counter_bits=32
L2_CAPACITY budget=2147483647 record_bytes=8 buckets=16 per_bucket=16776704 allocated_records=268435455 counter_bits=32
L2_CAPACITY budget=2147483647 record_bytes=8 buckets=16 per_bucket=16776704 allocated_records=268435455 counter_bits=32
L3_CONFIG gpu=0 work_blocks=107 delta=200000 worker_recovery=1 term_wait_ack=1 rx_priority_bootstrap=0 rx_express=0 rx_express_enabled=0 rx_express_slots=64 rx_express_batch=32 rx_l2_pull=0 rx_l2_pull_claim=0 rx_l2_pull_enabled=0
L3_CONFIG gpu=1 work_blocks=107 delta=200000 worker_recovery=1 term_wait_ack=1 rx_priority_bootstrap=0 rx_express=0 rx_express_enabled=0 rx_express_slots=64 rx_express_batch=32 rx_l2_pull=0 rx_l2_pull_claim=0 rx_l2_pull_enabled=0
L2_FINAL gpu=0 buckets=16 reads=1664113 writes=1664113 completed=1664113
L2_FINAL gpu=1 buckets=16 reads=663962 writes=663962 completed=663962
GPU multi-GPU wall time 31.31 ms
gpu
0 14188 3172 3291 15287 9599 5075 15803 16263 10439 15917 9484 11871 15291 43084 19971 13207 21241 18262 15457 41766 47754 20754 22091 22529 32846 22684 20335 18245 45857 
cpu
0 14188 3172 3291 15287 9599 5075 15803 16263 10439 15917 9484 11871 15291 43084 19971 13207 21241 18262 15457 41766 47754 20754 22091 22529 32846 22684 20335 18245 45857 
WIDE_ORACLE vertices=1070376 correct=1
WIDE_ORACLE vertices=1070376 correct=1
mlmq sssp correct!
BENCH algorithm=MLMQ gpu_count=2 source=0 repeat=0 warmup=1 queue=L1SLF_L2DQ solve_ms=24.061811 collection_ms=0.736604 query_wall_ms=32.044188 prepare_ms=7.164661 post_solve_ms=0.081083 correct=1
L3_CONFIG gpu=0 work_blocks=107 delta=200000 worker_recovery=1 term_wait_ack=1 rx_priority_bootstrap=0 rx_express=0 rx_express_enabled=0 rx_express_slots=64 rx_express_batch=32 rx_l2_pull=0 rx_l2_pull_claim=0 rx_l2_pull_enabled=0
L3_CONFIG gpu=1 work_blocks=107 delta=200000 worker_recovery=1 term_wait_ack=1 rx_priority_bootstrap=0 rx_express=0 rx_express_enabled=0 rx_express_slots=64 rx_express_batch=32 rx_l2_pull=0 rx_l2_pull_claim=0 rx_l2_pull_enabled=0
L2_FINAL gpu=0 buckets=16 reads=1007355 writes=1007355 completed=1007355
L2_FINAL gpu=1 buckets=16 reads=566943 writes=566943 completed=566943
GPU multi-GPU wall time 21.11 ms
gpu
0 14188 3172 3291 15287 9599 5075 15803 16263 10439 15917 9484 11871 15291 43084 19971 13207 21241 18262 15457 41766 47754 20754 22091 22529 32846 22684 20335 18245 45857 
cpu
0 14188 3172 3291 15287 9599 5075 15803 16263 10439 15917 9484 11871 15291 43084 19971 13207 21241 18262 15457 41766 47754 20754 22091 22529 32846 22684 20335 18245 45857 
WIDE_ORACLE vertices=1070376 correct=1
WIDE_ORACLE vertices=1070376 correct=1
mlmq sssp correct!
BENCH algorithm=MLMQ gpu_count=2 source=0 repeat=1 warmup=0 queue=L1SLF_L2DQ solve_ms=18.219238 collection_ms=0.537811 query_wall_ms=21.651773 prepare_ms=2.851198 post_solve_ms=0.043494 correct=1
L3_CONFIG gpu=0 work_blocks=107 delta=200000 worker_recovery=1 term_wait_ack=1 rx_priority_bootstrap=0 rx_express=0 rx_express_enabled=0 rx_express_slots=64 rx_express_batch=32 rx_l2_pull=0 rx_l2_pull_claim=0 rx_l2_pull_enabled=0
L3_CONFIG gpu=1 work_blocks=107 delta=200000 worker_recovery=1 term_wait_ack=1 rx_priority_bootstrap=0 rx_express=0 rx_express_enabled=0 rx_express_slots=64 rx_express_batch=32 rx_l2_pull=0 rx_l2_pull_claim=0 rx_l2_pull_enabled=0
L2_FINAL gpu=1 buckets=16 reads=574081 writes=574081 completed=574081
L2_FINAL gpu=0 buckets=16 reads=2097123 writes=2097123 completed=2097123
GPU multi-GPU wall time 21.10 ms
gpu
0 14188 3172 3291 15287 9599 5075 15803 16263 10439 15917 9484 11871 15291 43084 19971 13207 21241 18262 15457 41766 47754 20754 22091 22529 32846 22684 20335 18245 45857 
cpu
0 14188 3172 3291 15287 9599 5075 15803 16263 10439 15917 9484 11871 15291 43084 19971 13207 21241 18262 15457 41766 47754 20754 22091 22529 32846 22684 20335 18245 45857 
WIDE_ORACLE vertices=1070376 correct=1
WIDE_ORACLE vertices=1070376 correct=1
mlmq sssp correct!
BENCH algorithm=MLMQ gpu_count=2 source=0 repeat=2 warmup=0 queue=L1SLF_L2DQ solve_ms=18.239695 collection_ms=0.415371 query_wall_ms=21.517488 prepare_ms=2.814332 post_solve_ms=0.048069 correct=1
L3_CONFIG gpu=1 work_blocks=107 delta=200000 worker_recovery=1 term_wait_ack=1 rx_priority_bootstrap=0 rx_express=0 rx_express_enabled=0 rx_express_slots=64 rx_express_batch=32 rx_l2_pull=0 rx_l2_pull_claim=0 rx_l2_pull_enabled=0
L3_CONFIG gpu=0 work_blocks=107 delta=200000 worker_recovery=1 term_wait_ack=1 rx_priority_bootstrap=0 rx_express=0 rx_express_enabled=0 rx_express_slots=64 rx_express_batch=32 rx_l2_pull=0 rx_l2_pull_claim=0 rx_l2_pull_enabled=0
L2_FINAL gpu=0 buckets=16 reads=1582601 writes=1582601 completed=1582601
L2_FINAL gpu=1 buckets=16 reads=587552 writes=587552 completed=587552
GPU multi-GPU wall time 20.43 ms
gpu
0 14188 3172 3291 15287 9599 5075 15803 16263 10439 15917 9484 11871 15291 43084 19971 13207 21241 18262 15457 41766 47754 20754 22091 22529 32846 22684 20335 18245 45857 
cpu
0 14188 3172 3291 15287 9599 5075 15803 16263 10439 15917 9484 11871 15291 43084 19971 13207 21241 18262 15457 41766 47754 20754 22091 22529 32846 22684 20335 18245 45857 
WIDE_ORACLE vertices=1070376 correct=1
WIDE_ORACLE vertices=1070376 correct=1
mlmq sssp correct!
BENCH algorithm=MLMQ gpu_count=2 source=0 repeat=3 warmup=0 queue=L1SLF_L2DQ solve_ms=17.689504 collection_ms=0.429235 query_wall_ms=20.861804 prepare_ms=2.700134 post_solve_ms=0.042883 correct=1
L3_CONFIG gpu=1 work_blocks=107 delta=200000 worker_recovery=1 term_wait_ack=1 rx_priority_bootstrap=0 rx_express=0 rx_express_enabled=0 rx_express_slots=64 rx_express_batch=32 rx_l2_pull=0 rx_l2_pull_claim=0 rx_l2_pull_enabled=0
L3_CONFIG gpu=0 work_blocks=107 delta=200000 worker_recovery=1 term_wait_ack=1 rx_priority_bootstrap=0 rx_express=0 rx_express_enabled=0 rx_express_slots=64 rx_express_batch=32 rx_l2_pull=0 rx_l2_pull_claim=0 rx_l2_pull_enabled=0
L2_FINAL gpu=0 buckets=16 reads=2178391 writes=2178391 completed=2178391
L2_FINAL gpu=1 buckets=16 reads=583566 writes=583566 completed=583566
GPU multi-GPU wall time 19.58 ms
gpu
0 14188 3172 3291 15287 9599 5075 15803 16263 10439 15917 9484 11871 15291 43084 19971 13207 21241 18262 15457 41766 47754 20754 22091 22529 32846 22684 20335 18245 45857 
cpu
0 14188 3172 3291 15287 9599 5075 15803 16263 10439 15917 9484 11871 15291 43084 19971 13207 21241 18262 15457 41766 47754 20754 22091 22529 32846 22684 20335 18245 45857 
WIDE_ORACLE vertices=1070376 correct=1
WIDE_ORACLE vertices=1070376 correct=1
mlmq sssp correct!
BENCH algorithm=MLMQ gpu_count=2 source=0 repeat=4 warmup=0 queue=L1SLF_L2DQ solve_ms=16.847667 collection_ms=0.454814 query_wall_ms=20.034711 prepare_ms=2.690444 post_solve_ms=0.041747 correct=1
L3_CONFIG gpu=1 work_blocks=107 delta=200000 worker_recovery=1 term_wait_ack=1 rx_priority_bootstrap=0 rx_express=0 rx_express_enabled=0 rx_express_slots=64 rx_express_batch=32 rx_l2_pull=0 rx_l2_pull_claim=0 rx_l2_pull_enabled=0
L3_CONFIG gpu=0 work_blocks=107 delta=200000 worker_recovery=1 term_wait_ack=1 rx_priority_bootstrap=0 rx_express=0 rx_express_enabled=0 rx_express_slots=64 rx_express_batch=32 rx_l2_pull=0 rx_l2_pull_claim=0 rx_l2_pull_enabled=0
L2_FINAL gpu=0 buckets=16 reads=2025797 writes=2025797 completed=2025797
L2_FINAL gpu=1 buckets=16 reads=584656 writes=584656 completed=584656
GPU multi-GPU wall time 19.30 ms
gpu
0 14188 3172 3291 15287 9599 5075 15803 16263 10439 15917 9484 11871 15291 43084 19971 13207 21241 18262 15457 41766 47754 20754 22091 22529 32846 22684 20335 18245 45857 
cpu
0 14188 3172 3291 15287 9599 5075 15803 16263 10439 15917 9484 11871 15291 43084 19971 13207 21241 18262 15457 41766 47754 20754 22091 22529 32846 22684 20335 18245 45857 
WIDE_ORACLE vertices=1070376 correct=1
WIDE_ORACLE vertices=1070376 correct=1
mlmq sssp correct!
BENCH algorithm=MLMQ gpu_count=2 source=0 repeat=5 warmup=0 queue=L1SLF_L2DQ solve_ms=16.778492 collection_ms=0.407779 query_wall_ms=19.708677 prepare_ms=2.473002 post_solve_ms=0.049384 correct=1

RUN_RC=0
HOST_ELAPSED_SECONDS=1.080980
