/mnt/709/data3/home/Dingzhong/src/mlmq_tpds_withl3/tmp/l3_no_sync_rerun_20260923/graphs/NY/augmented.gr
Graph name: /mnt/709/data3/home/Dingzhong/src/mlmq_tpds_withl3/tmp/l3_no_sync_rerun_20260923/graphs/NY/augmented.gr
nGPU: 2
sources: 1
delta override: 200000
nnodes=264346, nedges=788664.
Host memory for graph:   8 MB
	  1%
	 10%
	 20%
	 30%
	 40%
	 50%
	 60%
	 70%
	 80%
	 90%
	100%
Maximum degree: 12
----------Graph information----------
number of vertices 264346 number of edges 788664
average nnz 2.98 maximum nnz 12.00 deviation nnz 1.19
average weight 1432.17 maximum weight 77053.00 deviation weight 1517.65 
-------------------------------------
CPU done!
CPU total work count 788664
CPU sequential time 25.44 ms
GPU0 partition: [0, 158607) v_local=158607 nedges=458499
GPU1 partition: [158607, 264346) v_local=105739 nedges=330165
L3_BOUNDARY_INDEX gpu=0 dense_words=3305 boundary_words=149 indexed=1 build_ms=1.800773
L3_BOUNDARY_INDEX gpu=1 dense_words=4957 boundary_words=123 indexed=1 build_ms=1.491667
GPU begin!
BENCH_SETUP algorithm=MLMQ input_ms=9.085812 reference_ms=25.440001 initialization_other_ms=360.745273 setup_wall_ms=395.271086
L2_CAPACITY budget=2147483647 record_bytes=8 buckets=16 per_bucket=16776704 allocated_records=268435455 counter_bits=32
L2_CAPACITY budget=2147483647 record_bytes=8 buckets=16 per_bucket=16776704 allocated_records=268435455 counter_bits=32
L2_CAPACITY budget=2147483647 record_bytes=8 buckets=16 per_bucket=16776704 allocated_records=268435455 counter_bits=32
L2_CAPACITY budget=2147483647 record_bytes=8 buckets=16 per_bucket=16776704 allocated_records=268435455 counter_bits=32
L3_CONFIG gpu=1 work_blocks=107 delta=200000 worker_recovery=1 term_wait_ack=1 rx_priority_bootstrap=0 rx_express=0 rx_express_enabled=0 rx_express_slots=64 rx_express_batch=32 rx_l2_pull=0 rx_l2_pull_claim=0 rx_l2_pull_enabled=0
L3_CONFIG gpu=0 work_blocks=107 delta=200000 worker_recovery=1 term_wait_ack=1 rx_priority_bootstrap=0 rx_express=0 rx_express_enabled=0 rx_express_slots=64 rx_express_batch=32 rx_l2_pull=0 rx_l2_pull_claim=0 rx_l2_pull_enabled=0
L2_FINAL gpu=0 buckets=16 reads=369084 writes=369084 completed=369084
L2_FINAL gpu=1 buckets=16 reads=149374 writes=149374 completed=149374
GPU multi-GPU wall time 14.66 ms
gpu
562009 565677 564497 565323 563718 560712 556584 554563 544330 539612 574578 574077 571996 566125 567616 563997 561605 561130 560490 557291 556914 555595 553953 550819 545087 544371 541828 537369 540931 573911 
cpu
562009 565677 564497 565323 563718 560712 556584 554563 544330 539612 574578 574077 571996 566125 567616 563997 561605 561130 560490 557291 556914 555595 553953 550819 545087 544371 541828 537369 540931 573911 
WIDE_ORACLE vertices=264346 correct=1
WIDE_ORACLE vertices=264346 correct=1
mlmq sssp correct!
BENCH algorithm=MLMQ gpu_count=2 source=132173 repeat=0 warmup=1 queue=L1SLF_L2DQ solve_ms=8.293884 collection_ms=0.133906 query_wall_ms=14.797496 prepare_ms=6.306931 post_solve_ms=0.062742 correct=1
L3_CONFIG gpu=0 work_blocks=107 delta=200000 worker_recovery=1 term_wait_ack=1 rx_priority_bootstrap=0 rx_express=0 rx_express_enabled=0 rx_express_slots=64 rx_express_batch=32 rx_l2_pull=0 rx_l2_pull_claim=0 rx_l2_pull_enabled=0
L3_CONFIG gpu=1 work_blocks=107 delta=200000 worker_recovery=1 term_wait_ack=1 rx_priority_bootstrap=0 rx_express=0 rx_express_enabled=0 rx_express_slots=64 rx_express_batch=32 rx_l2_pull=0 rx_l2_pull_claim=0 rx_l2_pull_enabled=0
L2_FINAL gpu=0 buckets=16 reads=378463 writes=378463 completed=378463
L2_FINAL gpu=1 buckets=16 reads=156843 writes=156843 completed=156843
GPU multi-GPU wall time 9.23 ms
gpu
562009 565677 564497 565323 563718 560712 556584 554563 544330 539612 574578 574077 571996 566125 567616 563997 561605 561130 560490 557291 556914 555595 553953 550819 545087 544371 541828 537369 540931 573911 
cpu
562009 565677 564497 565323 563718 560712 556584 554563 544330 539612 574578 574077 571996 566125 567616 563997 561605 561130 560490 557291 556914 555595 553953 550819 545087 544371 541828 537369 540931 573911 
WIDE_ORACLE vertices=264346 correct=1
WIDE_ORACLE vertices=264346 correct=1
mlmq sssp correct!
BENCH algorithm=MLMQ gpu_count=2 source=132173 repeat=1 warmup=0 queue=L1SLF_L2DQ solve_ms=6.432724 collection_ms=0.152588 query_wall_ms=9.385972 prepare_ms=2.760081 post_solve_ms=0.040553 correct=1
L3_CONFIG gpu=0 work_blocks=107 delta=200000 worker_recovery=1 term_wait_ack=1 rx_priority_bootstrap=0 rx_express=0 rx_express_enabled=0 rx_express_slots=64 rx_express_batch=32 rx_l2_pull=0 rx_l2_pull_claim=0 rx_l2_pull_enabled=0
L3_CONFIG gpu=1 work_blocks=107 delta=200000 worker_recovery=1 term_wait_ack=1 rx_priority_bootstrap=0 rx_express=0 rx_express_enabled=0 rx_express_slots=64 rx_express_batch=32 rx_l2_pull=0 rx_l2_pull_claim=0 rx_l2_pull_enabled=0
L2_FINAL gpu=0 buckets=16 reads=338051 writes=338051 completed=338051
L2_FINAL gpu=1 buckets=16 reads=127803 writes=127803 completed=127803
GPU multi-GPU wall time 8.89 ms
gpu
562009 565677 564497 565323 563718 560712 556584 554563 544330 539612 574578 574077 571996 566125 567616 563997 561605 561130 560490 557291 556914 555595 553953 550819 545087 544371 541828 537369 540931 573911 
cpu
562009 565677 564497 565323 563718 560712 556584 554563 544330 539612 574578 574077 571996 566125 567616 563997 561605 561130 560490 557291 556914 555595 553953 550819 545087 544371 541828 537369 540931 573911 
WIDE_ORACLE vertices=264346 correct=1
WIDE_ORACLE vertices=264346 correct=1
mlmq sssp correct!
BENCH algorithm=MLMQ gpu_count=2 source=132173 repeat=2 warmup=0 queue=L1SLF_L2DQ solve_ms=6.356820 collection_ms=0.144490 query_wall_ms=9.033784 prepare_ms=2.492813 post_solve_ms=0.039623 correct=1
L3_CONFIG gpu=0 work_blocks=107 delta=200000 worker_recovery=1 term_wait_ack=1 rx_priority_bootstrap=0 rx_express=0 rx_express_enabled=0 rx_express_slots=64 rx_express_batch=32 rx_l2_pull=0 rx_l2_pull_claim=0 rx_l2_pull_enabled=0
L3_CONFIG gpu=1 work_blocks=107 delta=200000 worker_recovery=1 term_wait_ack=1 rx_priority_bootstrap=0 rx_express=0 rx_express_enabled=0 rx_express_slots=64 rx_express_batch=32 rx_l2_pull=0 rx_l2_pull_claim=0 rx_l2_pull_enabled=0
L2_FINAL gpu=1 buckets=16 reads=155069 writes=155069 completed=155069
L2_FINAL gpu=0 buckets=16 reads=345407 writes=345407 completed=345407
GPU multi-GPU wall time 9.06 ms
gpu
562009 565677 564497 565323 563718 560712 556584 554563 544330 539612 574578 574077 571996 566125 567616 563997 561605 561130 560490 557291 556914 555595 553953 550819 545087 544371 541828 537369 540931 573911 
cpu
562009 565677 564497 565323 563718 560712 556584 554563 544330 539612 574578 574077 571996 566125 567616 563997 561605 561130 560490 557291 556914 555595 553953 550819 545087 544371 541828 537369 540931 573911 
WIDE_ORACLE vertices=264346 correct=1
WIDE_ORACLE vertices=264346 correct=1
mlmq sssp correct!
BENCH algorithm=MLMQ gpu_count=2 source=132173 repeat=3 warmup=0 queue=L1SLF_L2DQ solve_ms=6.214221 collection_ms=0.131816 query_wall_ms=9.195462 prepare_ms=2.799265 post_solve_ms=0.050128 correct=1
L3_CONFIG gpu=0 work_blocks=107 delta=200000 worker_recovery=1 term_wait_ack=1 rx_priority_bootstrap=0 rx_express=0 rx_express_enabled=0 rx_express_slots=64 rx_express_batch=32 rx_l2_pull=0 rx_l2_pull_claim=0 rx_l2_pull_enabled=0
L3_CONFIG gpu=1 work_blocks=107 delta=200000 worker_recovery=1 term_wait_ack=1 rx_priority_bootstrap=0 rx_express=0 rx_express_enabled=0 rx_express_slots=64 rx_express_batch=32 rx_l2_pull=0 rx_l2_pull_claim=0 rx_l2_pull_enabled=0
L2_FINAL gpu=1 buckets=16 reads=108711 writes=108711 completed=108711
L2_FINAL gpu=0 buckets=16 reads=339359 writes=339359 completed=339359
GPU multi-GPU wall time 8.87 ms
gpu
562009 565677 564497 565323 563718 560712 556584 554563 544330 539612 574578 574077 571996 566125 567616 563997 561605 561130 560490 557291 556914 555595 553953 550819 545087 544371 541828 537369 540931 573911 
cpu
562009 565677 564497 565323 563718 560712 556584 554563 544330 539612 574578 574077 571996 566125 567616 563997 561605 561130 560490 557291 556914 555595 553953 550819 545087 544371 541828 537369 540931 573911 
WIDE_ORACLE vertices=264346 correct=1
WIDE_ORACLE vertices=264346 correct=1
mlmq sssp correct!
BENCH algorithm=MLMQ gpu_count=2 source=132173 repeat=4 warmup=0 queue=L1SLF_L2DQ solve_ms=6.207169 collection_ms=0.181299 query_wall_ms=9.048359 prepare_ms=2.617643 post_solve_ms=0.042229 correct=1
L3_CONFIG gpu=0 work_blocks=107 delta=200000 worker_recovery=1 term_wait_ack=1 rx_priority_bootstrap=0 rx_express=0 rx_express_enabled=0 rx_express_slots=64 rx_express_batch=32 rx_l2_pull=0 rx_l2_pull_claim=0 rx_l2_pull_enabled=0
L3_CONFIG gpu=1 work_blocks=107 delta=200000 worker_recovery=1 term_wait_ack=1 rx_priority_bootstrap=0 rx_express=0 rx_express_enabled=0 rx_express_slots=64 rx_express_batch=32 rx_l2_pull=0 rx_l2_pull_claim=0 rx_l2_pull_enabled=0
L2_FINAL gpu=0 buckets=16 reads=389189 writes=389189 completed=389189
L2_FINAL gpu=1 buckets=16 reads=148632 writes=148632 completed=148632
GPU multi-GPU wall time 8.68 ms
gpu
562009 565677 564497 565323 563718 560712 556584 554563 544330 539612 574578 574077 571996 566125 567616 563997 561605 561130 560490 557291 556914 555595 553953 550819 545087 544371 541828 537369 540931 573911 
cpu
562009 565677 564497 565323 563718 560712 556584 554563 544330 539612 574578 574077 571996 566125 567616 563997 561605 561130 560490 557291 556914 555595 553953 550819 545087 544371 541828 537369 540931 573911 
WIDE_ORACLE vertices=264346 correct=1
WIDE_ORACLE vertices=264346 correct=1
mlmq sssp correct!
BENCH algorithm=MLMQ gpu_count=2 source=132173 repeat=5 warmup=0 queue=L1SLF_L2DQ solve_ms=6.253678 collection_ms=0.283442 query_wall_ms=8.967465 prepare_ms=2.388436 post_solve_ms=0.041774 correct=1

RUN_RC=0
HOST_ELAPSED_SECONDS=0.879258
