/mnt/709/data3/home/Dingzhong/src/mlmq_tpds_withl3/tmp/l3_no_sync_rerun_20260923/graphs/W/augmented.gr
Graph name: /mnt/709/data3/home/Dingzhong/src/mlmq_tpds_withl3/tmp/l3_no_sync_rerun_20260923/graphs/W/augmented.gr
nGPU: 2
sources: 1
delta override: 200000
nnodes=6262104, nedges=17557344.
Host memory for graph: 181 MB
	  1%
	 10%
	 20%
	 30%
	 40%
	 50%
	 60%
	 70%
	 80%
	 90%
	100%
Maximum degree: 14
ADAPTIVE-Q: cross_ratio=0.0477% < 0.0700% -> L1V_L2DQ
----------Graph information----------
number of vertices 6262104 number of edges 17557344
average nnz 2.80 maximum nnz 14.00 deviation nnz 1.35
average weight 4467.20 maximum weight 533146.00 deviation weight 7270.79 
-------------------------------------
CPU done!
CPU total work count 17557344
CPU sequential time 784.13 ms
GPU0 partition: [0, 2504841) v_local=2504841 nedges=6977534
GPU1 partition: [2504841, 6262104) v_local=3757263 nedges=10579810
L3_BOUNDARY_INDEX gpu=0 dense_words=117415 boundary_words=510 indexed=1 build_ms=5.788108
L3_BOUNDARY_INDEX gpu=1 dense_words=78277 boundary_words=498 indexed=1 build_ms=9.118183
GPU begin!
BENCH_SETUP algorithm=MLMQ input_ms=116.257072 reference_ms=784.130005 initialization_other_ms=631.226405 setup_wall_ms=1531.613482
L2_CAPACITY budget=2147483647 record_bytes=8 buckets=16 per_bucket=16776704 allocated_records=268435455 counter_bits=32
L2_CAPACITY budget=2147483647 record_bytes=8 buckets=16 per_bucket=16776704 allocated_records=268435455 counter_bits=32
L2_CAPACITY budget=2147483647 record_bytes=8 buckets=16 per_bucket=16776704 allocated_records=268435455 counter_bits=32
L2_CAPACITY budget=2147483647 record_bytes=8 buckets=16 per_bucket=16776704 allocated_records=268435455 counter_bits=32
L3_CONFIG gpu=1 work_blocks=107 delta=200000 worker_recovery=1 term_wait_ack=1 rx_priority_bootstrap=0 rx_express=0 rx_express_enabled=0 rx_express_slots=64 rx_express_batch=32 rx_l2_pull=0 rx_l2_pull_claim=0 rx_l2_pull_enabled=0
L3_CONFIG gpu=0 work_blocks=107 delta=200000 worker_recovery=1 term_wait_ack=1 rx_priority_bootstrap=0 rx_express=0 rx_express_enabled=0 rx_express_slots=64 rx_express_batch=32 rx_l2_pull=0 rx_l2_pull_claim=0 rx_l2_pull_enabled=0
L2_FINAL gpu=1 buckets=16 reads=2332655 writes=2332655 completed=2332655
L2_FINAL gpu=0 buckets=16 reads=1353195 writes=1353195 completed=1353195
GPU multi-GPU wall time 40.75 ms
gpu
6199524 6167003 6205194 6206144 6165876 6173439 6177211 6216604 6224831 6206540 6164333 6171820 6170338 6152466 6180584 6169776 6186986 6187396 6219946 6236079 6223911 6229928 6207303 6201212 6193393 6180022 6156127 6155185 6189925 6184380 
cpu
6199524 6167003 6205194 6206144 6165876 6173439 6177211 6216604 6224831 6206540 6164333 6171820 6170338 6152466 6180584 6169776 6186986 6187396 6219946 6236079 6223911 6229928 6207303 6201212 6193393 6180022 6156127 6155185 6189925 6184380 
WIDE_ORACLE vertices=6262104 correct=1
WIDE_ORACLE vertices=6262104 correct=1
mlmq sssp correct!
BENCH algorithm=MLMQ gpu_count=2 source=3131052 repeat=0 warmup=1 queue=L1SLF_L2DQ solve_ms=33.476015 collection_ms=5.125931 query_wall_ms=45.874723 prepare_ms=7.210270 post_solve_ms=0.062477 correct=1
L3_CONFIG gpu=1 work_blocks=107 delta=200000 worker_recovery=1 term_wait_ack=1 rx_priority_bootstrap=0 rx_express=0 rx_express_enabled=0 rx_express_slots=64 rx_express_batch=32 rx_l2_pull=0 rx_l2_pull_claim=0 rx_l2_pull_enabled=0
L3_CONFIG gpu=0 work_blocks=107 delta=200000 worker_recovery=1 term_wait_ack=1 rx_priority_bootstrap=0 rx_express=0 rx_express_enabled=0 rx_express_slots=64 rx_express_batch=32 rx_l2_pull=0 rx_l2_pull_claim=0 rx_l2_pull_enabled=0
L2_FINAL gpu=1 buckets=16 reads=2429670 writes=2429670 completed=2429670
L2_FINAL gpu=0 buckets=16 reads=1376568 writes=1376568 completed=1376568
GPU multi-GPU wall time 32.50 ms
gpu
6199524 6167003 6205194 6206144 6165876 6173439 6177211 6216604 6224831 6206540 6164333 6171820 6170338 6152466 6180584 6169776 6186986 6187396 6219946 6236079 6223911 6229928 6207303 6201212 6193393 6180022 6156127 6155185 6189925 6184380 
cpu
6199524 6167003 6205194 6206144 6165876 6173439 6177211 6216604 6224831 6206540 6164333 6171820 6170338 6152466 6180584 6169776 6186986 6187396 6219946 6236079 6223911 6229928 6207303 6201212 6193393 6180022 6156127 6155185 6189925 6184380 
WIDE_ORACLE vertices=6262104 correct=1
WIDE_ORACLE vertices=6262104 correct=1
mlmq sssp correct!
BENCH algorithm=MLMQ gpu_count=2 source=3131052 repeat=1 warmup=0 queue=L1SLF_L2DQ solve_ms=29.609823 collection_ms=2.088233 query_wall_ms=34.590574 prepare_ms=2.820051 post_solve_ms=0.072404 correct=1
L3_CONFIG gpu=0 work_blocks=107 delta=200000 worker_recovery=1 term_wait_ack=1 rx_priority_bootstrap=0 rx_express=0 rx_express_enabled=0 rx_express_slots=64 rx_express_batch=32 rx_l2_pull=0 rx_l2_pull_claim=0 rx_l2_pull_enabled=0
L3_CONFIG gpu=1 work_blocks=107 delta=200000 worker_recovery=1 term_wait_ack=1 rx_priority_bootstrap=0 rx_express=0 rx_express_enabled=0 rx_express_slots=64 rx_express_batch=32 rx_l2_pull=0 rx_l2_pull_claim=0 rx_l2_pull_enabled=0
L2_FINAL gpu=1 buckets=16 reads=2440261 writes=2440261 completed=2440261
L2_FINAL gpu=0 buckets=16 reads=1342084 writes=1342084 completed=1342084
GPU multi-GPU wall time 33.65 ms
gpu
6199524 6167003 6205194 6206144 6165876 6173439 6177211 6216604 6224831 6206540 6164333 6171820 6170338 6152466 6180584 6169776 6186986 6187396 6219946 6236079 6223911 6229928 6207303 6201212 6193393 6180022 6156127 6155185 6189925 6184380 
cpu
6199524 6167003 6205194 6206144 6165876 6173439 6177211 6216604 6224831 6206540 6164333 6171820 6170338 6152466 6180584 6169776 6186986 6187396 6219946 6236079 6223911 6229928 6207303 6201212 6193393 6180022 6156127 6155185 6189925 6184380 
WIDE_ORACLE vertices=6262104 correct=1
WIDE_ORACLE vertices=6262104 correct=1
mlmq sssp correct!
BENCH algorithm=MLMQ gpu_count=2 source=3131052 repeat=2 warmup=0 queue=L1SLF_L2DQ solve_ms=31.011048 collection_ms=1.409702 query_wall_ms=35.056132 prepare_ms=2.587561 post_solve_ms=0.047805 correct=1
L3_CONFIG gpu=1 work_blocks=107 delta=200000 worker_recovery=1 term_wait_ack=1 rx_priority_bootstrap=0 rx_express=0 rx_express_enabled=0 rx_express_slots=64 rx_express_batch=32 rx_l2_pull=0 rx_l2_pull_claim=0 rx_l2_pull_enabled=0
L3_CONFIG gpu=0 work_blocks=107 delta=200000 worker_recovery=1 term_wait_ack=1 rx_priority_bootstrap=0 rx_express=0 rx_express_enabled=0 rx_express_slots=64 rx_express_batch=32 rx_l2_pull=0 rx_l2_pull_claim=0 rx_l2_pull_enabled=0
L2_FINAL gpu=1 buckets=16 reads=2330030 writes=2330030 completed=2330030
L2_FINAL gpu=0 buckets=16 reads=1325575 writes=1325575 completed=1325575
GPU multi-GPU wall time 32.75 ms
gpu
6199524 6167003 6205194 6206144 6165876 6173439 6177211 6216604 6224831 6206540 6164333 6171820 6170338 6152466 6180584 6169776 6186986 6187396 6219946 6236079 6223911 6229928 6207303 6201212 6193393 6180022 6156127 6155185 6189925 6184380 
cpu
6199524 6167003 6205194 6206144 6165876 6173439 6177211 6216604 6224831 6206540 6164333 6171820 6170338 6152466 6180584 6169776 6186986 6187396 6219946 6236079 6223911 6229928 6207303 6201212 6193393 6180022 6156127 6155185 6189925 6184380 
WIDE_ORACLE vertices=6262104 correct=1
WIDE_ORACLE vertices=6262104 correct=1
mlmq sssp correct!
BENCH algorithm=MLMQ gpu_count=2 source=3131052 repeat=3 warmup=0 queue=L1SLF_L2DQ solve_ms=29.921270 collection_ms=1.414121 query_wall_ms=34.161849 prepare_ms=2.771394 post_solve_ms=0.055048 correct=1
L3_CONFIG gpu=1 work_blocks=107 delta=200000 worker_recovery=1 term_wait_ack=1 rx_priority_bootstrap=0 rx_express=0 rx_express_enabled=0 rx_express_slots=64 rx_express_batch=32 rx_l2_pull=0 rx_l2_pull_claim=0 rx_l2_pull_enabled=0
L3_CONFIG gpu=0 work_blocks=107 delta=200000 worker_recovery=1 term_wait_ack=1 rx_priority_bootstrap=0 rx_express=0 rx_express_enabled=0 rx_express_slots=64 rx_express_batch=32 rx_l2_pull=0 rx_l2_pull_claim=0 rx_l2_pull_enabled=0
L2_FINAL gpu=1 buckets=16 reads=2415131 writes=2415131 completed=2415131
L2_FINAL gpu=0 buckets=16 reads=1320879 writes=1320879 completed=1320879
GPU multi-GPU wall time 32.64 ms
gpu
6199524 6167003 6205194 6206144 6165876 6173439 6177211 6216604 6224831 6206540 6164333 6171820 6170338 6152466 6180584 6169776 6186986 6187396 6219946 6236079 6223911 6229928 6207303 6201212 6193393 6180022 6156127 6155185 6189925 6184380 
cpu
6199524 6167003 6205194 6206144 6165876 6173439 6177211 6216604 6224831 6206540 6164333 6171820 6170338 6152466 6180584 6169776 6186986 6187396 6219946 6236079 6223911 6229928 6207303 6201212 6193393 6180022 6156127 6155185 6189925 6184380 
WIDE_ORACLE vertices=6262104 correct=1
WIDE_ORACLE vertices=6262104 correct=1
mlmq sssp correct!
BENCH algorithm=MLMQ gpu_count=2 source=3131052 repeat=4 warmup=0 queue=L1SLF_L2DQ solve_ms=29.938523 collection_ms=1.417056 query_wall_ms=34.058126 prepare_ms=2.650841 post_solve_ms=0.051690 correct=1
L3_CONFIG gpu=0 work_blocks=107 delta=200000 worker_recovery=1 term_wait_ack=1 rx_priority_bootstrap=0 rx_express=0 rx_express_enabled=0 rx_express_slots=64 rx_express_batch=32 rx_l2_pull=0 rx_l2_pull_claim=0 rx_l2_pull_enabled=0
L3_CONFIG gpu=1 work_blocks=107 delta=200000 worker_recovery=1 term_wait_ack=1 rx_priority_bootstrap=0 rx_express=0 rx_express_enabled=0 rx_express_slots=64 rx_express_batch=32 rx_l2_pull=0 rx_l2_pull_claim=0 rx_l2_pull_enabled=0
L2_FINAL gpu=1 buckets=16 reads=2419164 writes=2419164 completed=2419164
L2_FINAL gpu=0 buckets=16 reads=1295799 writes=1295799 completed=1295799
GPU multi-GPU wall time 32.97 ms
gpu
6199524 6167003 6205194 6206144 6165876 6173439 6177211 6216604 6224831 6206540 6164333 6171820 6170338 6152466 6180584 6169776 6186986 6187396 6219946 6236079 6223911 6229928 6207303 6201212 6193393 6180022 6156127 6155185 6189925 6184380 
cpu
6199524 6167003 6205194 6206144 6165876 6173439 6177211 6216604 6224831 6206540 6164333 6171820 6170338 6152466 6180584 6169776 6186986 6187396 6219946 6236079 6223911 6229928 6207303 6201212 6193393 6180022 6156127 6155185 6189925 6184380 
WIDE_ORACLE vertices=6262104 correct=1
WIDE_ORACLE vertices=6262104 correct=1
mlmq sssp correct!
BENCH algorithm=MLMQ gpu_count=2 source=3131052 repeat=5 warmup=0 queue=L1SLF_L2DQ solve_ms=30.049180 collection_ms=1.819586 query_wall_ms=34.792472 prepare_ms=2.864866 post_solve_ms=0.058819 correct=1

RUN_RC=0
HOST_ELAPSED_SECONDS=2.299452
