/mnt/709/data3/home/Dingzhong/src/mlmq_ppopp26/tmp/landmark206_matrix/COL/landmark.gr
Graph name: /mnt/709/data3/home/Dingzhong/src/mlmq_ppopp26/tmp/landmark206_matrix/COL/landmark.gr
nGPU: 2
sources: 1
delta override: 200000
nnodes=435666, nedges=1057066.
Host memory for graph:  11 MB
	  1%
	 10%
	 20%
	 30%
	 40%
	 50%
	 60%
	 70%
	 80%
	 90%
	100%
Maximum degree: 8
----------Graph information----------
number of vertices 435666 number of edges 1057066
average nnz 2.43 maximum nnz 8.00 deviation nnz 0.94
average weight 3499.47 maximum weight 137384.00 deviation weight 5374.80 
-------------------------------------
L3_CHAIN_PARTITION_SETUP gpu=0 segments=17046 interiors=49850 overflow=0 build_ms=16.944528
L3_CHAIN_PARTITION_SETUP gpu=1 segments=11667 interiors=33740 overflow=0 build_ms=13.343642
CPU done!
CPU total work count 1057066
CPU sequential time 38.27 ms
GPU0 partition: [0, 239616) v_local=239616 nedges=574342
GPU1 partition: [239616, 435666) v_local=196050 nedges=482724
L3_CHAIN_PARTITION_DIAG_MEMORY gpu=0 visit_bytes=335768
L3_CHAIN_PARTITION_UPLOAD gpu=0 bytes=3260008 upload_ms=3.295512
L3_CHAIN_PARTITION_DIAG_MEMORY gpu=1 visit_bytes=228296
L3_CHAIN_PARTITION_UPLOAD gpu=1 bytes=2481592 upload_ms=3.258895
L3_BOUNDARY_INDEX gpu=0 dense_words=6127 boundary_words=117 indexed=1 build_ms=1.941950
L3_BOUNDARY_INDEX gpu=1 dense_words=7488 boundary_words=124 indexed=1 build_ms=1.537478
GPU begin!
BENCH_SETUP algorithm=MLMQ input_ms=8.374565 reference_ms=38.272999 initialization_other_ms=369.326286 setup_wall_ms=415.973850
L2_CAPACITY budget=2147483647 record_bytes=8 buckets=8 per_bucket=33553920 allocated_records=268435455 counter_bits=32
L2_CAPACITY budget=2147483647 record_bytes=8 buckets=8 per_bucket=33553920 allocated_records=268435455 counter_bits=32
L3_CONFIG gpu=0 work_blocks=107 delta=200000 queue_type=19 window_mode=2 window_min=25000 window_max=25000 idle_backoff=0 worker_recovery=1 term_wait_ack=1 rx_priority_bootstrap=0 rx_express=0 rx_express_enabled=0 rx_express_slots=64 rx_express_batch=32 rx_l2_pull=0 rx_l2_pull_claim=0 rx_l2_pull_enabled=0
L3_WORKER_ACK gpu=0 active_slots=1712 capacity=1712 work_blocks=107 warps_per_block=16
L3_CONFIG gpu=1 work_blocks=107 delta=200000 queue_type=19 window_mode=2 window_min=25000 window_max=25000 idle_backoff=0 worker_recovery=1 term_wait_ack=1 rx_priority_bootstrap=0 rx_express=0 rx_express_enabled=0 rx_express_slots=64 rx_express_batch=32 rx_l2_pull=0 rx_l2_pull_claim=0 rx_l2_pull_enabled=0
L3_WORKER_ACK gpu=1 active_slots=1712 capacity=1712 work_blocks=107 warps_per_block=16
L2_FINAL gpu=1 buckets=8 reads=104995 writes=104995 completed=104995 guarded_writes=104995 max_bucket_writes=38283 per_bucket_capacity=33553920 total_capacity=268431360 counter_bits=32 overflow_guard=1 overflow_detected=0 no_wrap=1
L3_CHAIN_PARTITION gpu=1 closures=140702 materialized=217237 tails=92268 rx_sources=2226418 route_reads=424999 unique_segments=11667 repeated_closures=129035 max_segment_visits=94
L2_FINAL gpu=0 buckets=8 reads=117913 writes=117913 completed=117913 guarded_writes=117913 max_bucket_writes=20470 per_bucket_capacity=33553920 total_capacity=268431360 counter_bits=32 overflow_guard=1 overflow_detected=0 no_wrap=1
L3_CHAIN_PARTITION gpu=0 closures=112775 materialized=200029 tails=85899 rx_sources=1205585 route_reads=301134 unique_segments=5313 repeated_closures=107462 max_segment_visits=116
GPU multi-GPU wall time 19.92 ms
gpu
191465 206825 236013 238983 243657 249897 247841 255415 270170 284660 280023 285831 286215 281789 297536 291534 318606 298043 307425 294618 331071 302103 303550 314887 301666 332651 306023 306429 323667 302375 
cpu
191465 206825 236013 238983 243657 249897 247841 255415 270170 284660 280023 285831 286215 281789 297536 291534 318606 298043 307425 294618 331071 302103 303550 314887 301666 332651 306023 306429 323667 302375 
WIDE_ORACLE vertices=435666 correct=1
mlmq sssp correct!
BENCH algorithm=MLMQ gpu_count=2 source=217833 repeat=0 warmup=0 queue=L1SLF_L2DQ solve_ms=13.352668 collection_ms=0.168367 query_wall_ms=20.089450 prepare_ms=6.471303 post_solve_ms=0.097084 correct=1

RUN_RC=0
HOST_ELAPSED_SECONDS=0.860393
