/mnt/709/data3/home/Dingzhong/src/mlmq_ppopp26/tmp/landmark206_matrix/USA/landmark.gr
Graph name: /mnt/709/data3/home/Dingzhong/src/mlmq_ppopp26/tmp/landmark206_matrix/USA/landmark.gr
nGPU: 2
sources: 1
delta override: 400000
nnodes=23947347, nedges=57708624.
Host memory for graph: 622 MB
	  1%
	 10%
	 20%
	 30%
	 40%
	 50%
	 60%
	 70%
	 80%
	 90%
	100%
Maximum degree: 9
ADAPTIVE-Q: cross_ratio=0.0169% < 0.0700% -> L1V_L2DQ
----------Graph information----------
number of vertices 23947347 number of edges 57708624
average nnz 2.44 maximum nnz 9.00 deviation nnz 0.85
average weight 2285.73 maximum weight 368855.00 deviation weight 3901.49 
-------------------------------------
L3_CHAIN_PARTITION_SETUP gpu=0 segments=961070 interiors=2697536 overflow=0 build_ms=1072.305710
L3_CHAIN_PARTITION_SETUP gpu=1 segments=560196 interiors=1546987 overflow=0 build_ms=716.231676
CPU done!
CPU total work count 57708624
CPU sequential time 3153.47 ms
GPU0 partition: [0, 14368408) v_local=14368408 nedges=34589534
GPU1 partition: [14368408, 23947347) v_local=9578939 nedges=23119090
L3_CHAIN_PARTITION_DIAG_MEMORY gpu=0 visit_bytes=18478704
L3_CHAIN_PARTITION_UPLOAD gpu=0 bytes=188862088 upload_ms=16.779748
L3_CHAIN_PARTITION_DIAG_MEMORY gpu=1 visit_bytes=10669516
L3_CHAIN_PARTITION_UPLOAD gpu=1 bytes=119309584 upload_ms=10.703864
L3_BOUNDARY_INDEX gpu=0 dense_words=299342 boundary_words=700 indexed=1 build_ms=36.750158
L3_BOUNDARY_INDEX gpu=1 dense_words=449013 boundary_words=662 indexed=1 build_ms=21.469331
GPU begin!
BENCH_SETUP algorithm=MLMQ input_ms=387.919374 reference_ms=3153.471924 initialization_other_ms=3276.457145 setup_wall_ms=6817.848443
L2_CAPACITY budget=2147483647 record_bytes=8 buckets=8 per_bucket=33553920 allocated_records=268435455 counter_bits=32
L2_CAPACITY budget=2147483647 record_bytes=8 buckets=8 per_bucket=33553920 allocated_records=268435455 counter_bits=32
L3_CONFIG gpu=1 work_blocks=107 delta=400000 queue_type=19 window_mode=2 window_min=25000 window_max=25000 idle_backoff=0 worker_recovery=1 term_wait_ack=1 rx_priority_bootstrap=0 rx_express=0 rx_express_enabled=0 rx_express_slots=64 rx_express_batch=32 rx_l2_pull=0 rx_l2_pull_claim=0 rx_l2_pull_enabled=0
L3_WORKER_ACK gpu=1 active_slots=1712 capacity=1712 work_blocks=107 warps_per_block=16
L3_CONFIG gpu=0 work_blocks=107 delta=400000 queue_type=19 window_mode=2 window_min=25000 window_max=25000 idle_backoff=0 worker_recovery=1 term_wait_ack=1 rx_priority_bootstrap=0 rx_express=0 rx_express_enabled=0 rx_express_slots=64 rx_express_batch=32 rx_l2_pull=0 rx_l2_pull_claim=0 rx_l2_pull_enabled=0
L3_WORKER_ACK gpu=0 active_slots=1712 capacity=1712 work_blocks=107 warps_per_block=16
L2_FINAL gpu=1 buckets=8 reads=7409387 writes=7409387 completed=7409387 guarded_writes=7409387 max_bucket_writes=2596725 per_bucket_capacity=33553920 total_capacity=268431360 counter_bits=32 overflow_guard=1 overflow_detected=0 no_wrap=1
L3_CHAIN_PARTITION gpu=1 closures=8370689 materialized=12111047 tails=5440470 rx_sources=140824088 route_reads=25062624 unique_segments=560196 repeated_closures=7810493 max_segment_visits=302
L2_FINAL gpu=0 buckets=8 reads=8669101 writes=8669101 completed=8669101 guarded_writes=8669101 max_bucket_writes=1255393 per_bucket_capacity=33553920 total_capacity=268431360 counter_bits=32 overflow_guard=1 overflow_detected=0 no_wrap=1
L3_CHAIN_PARTITION gpu=0 closures=7481724 materialized=11723131 tails=4991960 rx_sources=75328878 route_reads=19106773 unique_segments=532848 repeated_closures=6948876 max_segment_visits=385
GPU multi-GPU wall time 259.34 ms
gpu
3885704 3889069 3889665 3887147 3889909 3891006 3891660 3888157 3888872 3892869 3894621 3893646 3893843 3889024 3884747 3893318 3892607 3895480 3894442 3894667 3890133 3887462 3883751 3896038 3894488 3889248 3893240 3896477 3899421 3893918 
cpu
3885704 3889069 3889665 3887147 3889909 3891006 3891660 3888157 3888872 3892869 3894621 3893646 3893843 3889024 3884747 3893318 3892607 3895480 3894442 3894667 3890133 3887462 3883751 3896038 3894488 3889248 3893240 3896477 3899421 3893918 
WIDE_ORACLE vertices=23947347 correct=1
mlmq sssp correct!
BENCH algorithm=MLMQ gpu_count=2 source=11973673 repeat=0 warmup=0 queue=L1SLF_L2DQ solve_ms=252.264809 collection_ms=50.461047 query_wall_ms=309.801391 prepare_ms=6.939355 post_solve_ms=0.136149 correct=1

RUN_RC=0
HOST_ELAPSED_SECONDS=7.701429
