/mnt/709/data3/home/Dingzhong/l3_chain_runtime/a91a61e/formal/fixtures/zero.gr
Graph name: /mnt/709/data3/home/Dingzhong/l3_chain_runtime/a91a61e/formal/fixtures/zero.gr
nGPU: 2
sources: 1
delta override: 200000
nnodes=2051, nedges=804.
Host memory for graph:   0 MB
	  1%
	 10%
	 20%
	 30%
	 40%
	 50%
	 60%
	 70%
	 80%
	 90%
	100%
Maximum degree: 2
----------Graph information----------
number of vertices 2051 number of edges 804
average nnz 0.39 maximum nnz 2.00 deviation nnz 0.79
average weight 0.00 maximum weight 0.00 deviation weight 0.00 
-------------------------------------
L3_CHAIN_PARTITION_SETUP gpu=0 segments=2 interiors=198 overflow=0 build_ms=0.016308
L3_CHAIN_PARTITION_SETUP gpu=1 segments=2 interiors=198 overflow=0 build_ms=0.012591
CPU done!
CPU total work count 804
CPU sequential time 0.01 ms
GPU0 partition: [0, 1025) v_local=1025 nedges=402
GPU1 partition: [1025, 2051) v_local=1026 nedges=402
L3_CHAIN_PARTITION_DIAG_MEMORY gpu=0 visit_bytes=808
L3_CHAIN_PARTITION_UPLOAD gpu=0 bytes=11440 upload_ms=0.032942
L3_CHAIN_PARTITION_DIAG_MEMORY gpu=1 visit_bytes=808
L3_CHAIN_PARTITION_UPLOAD gpu=1 bytes=11448 upload_ms=0.035259
L3_BOUNDARY_INDEX gpu=0 dense_words=33 boundary_words=2 indexed=1 build_ms=1.450048
L3_BOUNDARY_INDEX gpu=1 dense_words=33 boundary_words=2 indexed=1 build_ms=1.322745
GPU begin!
BENCH_SETUP algorithm=MLMQ input_ms=1.454786 reference_ms=0.009000 initialization_other_ms=311.566832 setup_wall_ms=313.030618
L2_CAPACITY budget=2147483647 record_bytes=8 buckets=8 per_bucket=33553920 allocated_records=268435455 counter_bits=32
L2_CAPACITY budget=2147483647 record_bytes=8 buckets=8 per_bucket=33553920 allocated_records=268435455 counter_bits=32
L3_CONFIG gpu=0 work_blocks=107 delta=200000 queue_type=19 window_mode=2 window_min=25000 window_max=25000 idle_backoff=0 worker_recovery=1 term_wait_ack=1 rx_priority_bootstrap=0 rx_express=0 rx_express_enabled=0 rx_express_slots=64 rx_express_batch=32 rx_l2_pull=0 rx_l2_pull_claim=0 rx_l2_pull_enabled=0
L3_WORKER_ACK gpu=0 active_slots=1712 capacity=1712 work_blocks=107 warps_per_block=16
L3_CONFIG gpu=1 work_blocks=107 delta=200000 queue_type=19 window_mode=2 window_min=25000 window_max=25000 idle_backoff=0 worker_recovery=1 term_wait_ack=1 rx_priority_bootstrap=0 rx_express=0 rx_express_enabled=0 rx_express_slots=64 rx_express_batch=32 rx_l2_pull=0 rx_l2_pull_claim=0 rx_l2_pull_enabled=0
L3_WORKER_ACK gpu=1 active_slots=1712 capacity=1712 work_blocks=107 warps_per_block=16
L2_FINAL gpu=0 buckets=8 reads=2 writes=2 completed=2 guarded_writes=2 max_bucket_writes=2 per_bucket_capacity=33553920 total_capacity=268431360 counter_bits=32 overflow_guard=1 overflow_detected=0 no_wrap=1
L3_CHAIN_PARTITION gpu=0 closures=1 materialized=98 tails=1 rx_sources=3 route_reads=2 unique_segments=1 repeated_closures=0 max_segment_visits=1
L2_FINAL gpu=1 buckets=8 reads=2 writes=2 completed=2 guarded_writes=2 max_bucket_writes=2 per_bucket_capacity=33553920 total_capacity=268431360 counter_bits=32 overflow_guard=1 overflow_detected=0 no_wrap=1
L3_CHAIN_PARTITION gpu=1 closures=2 materialized=196 tails=2 rx_sources=6 route_reads=4 unique_segments=2 repeated_closures=0 max_segment_visits=1
GPU multi-GPU wall time 11.62 ms
gpu
0 0 0 0 0 0 0 0 0 0 0 0 0 0 0 0 0 0 0 0 0 0 0 0 0 0 0 0 0 0 
cpu
0 0 0 0 0 0 0 0 0 0 0 0 0 0 0 0 0 0 0 0 0 0 0 0 0 0 0 0 0 0 
mlmq sssp correct!
BENCH algorithm=MLMQ gpu_count=2 source=0 repeat=0 warmup=1 queue=L1SLF_L2DQ solve_ms=3.495158 collection_ms=0.085714 query_wall_ms=11.707578 prepare_ms=7.958601 post_solve_ms=0.167945 correct=1
L3_CONFIG gpu=0 work_blocks=107 delta=200000 queue_type=19 window_mode=2 window_min=25000 window_max=25000 idle_backoff=0 worker_recovery=1 term_wait_ack=1 rx_priority_bootstrap=0 rx_express=0 rx_express_enabled=0 rx_express_slots=64 rx_express_batch=32 rx_l2_pull=0 rx_l2_pull_claim=0 rx_l2_pull_enabled=0
L3_WORKER_ACK gpu=0 active_slots=1712 capacity=1712 work_blocks=107 warps_per_block=16
L3_CONFIG gpu=1 work_blocks=107 delta=200000 queue_type=19 window_mode=2 window_min=25000 window_max=25000 idle_backoff=0 worker_recovery=1 term_wait_ack=1 rx_priority_bootstrap=0 rx_express=0 rx_express_enabled=0 rx_express_slots=64 rx_express_batch=32 rx_l2_pull=0 rx_l2_pull_claim=0 rx_l2_pull_enabled=0
L3_WORKER_ACK gpu=1 active_slots=1712 capacity=1712 work_blocks=107 warps_per_block=16
L2_FINAL gpu=0 buckets=8 reads=2 writes=2 completed=2 guarded_writes=2 max_bucket_writes=2 per_bucket_capacity=33553920 total_capacity=268431360 counter_bits=32 overflow_guard=1 overflow_detected=0 no_wrap=1
L2_FINAL gpu=1 buckets=8 reads=2 writes=2 completed=2 guarded_writes=2 max_bucket_writes=2 per_bucket_capacity=33553920 total_capacity=268431360 counter_bits=32 overflow_guard=1 overflow_detected=0 no_wrap=1
L3_CHAIN_PARTITION gpu=0 closures=1 materialized=98 tails=1 rx_sources=3 route_reads=2 unique_segments=1 repeated_closures=0 max_segment_visits=1
L3_CHAIN_PARTITION gpu=1 closures=2 materialized=196 tails=2 rx_sources=6 route_reads=4 unique_segments=2 repeated_closures=0 max_segment_visits=1
GPU multi-GPU wall time 4.20 ms
gpu
0 0 0 0 0 0 0 0 0 0 0 0 0 0 0 0 0 0 0 0 0 0 0 0 0 0 0 0 0 0 
cpu
0 0 0 0 0 0 0 0 0 0 0 0 0 0 0 0 0 0 0 0 0 0 0 0 0 0 0 0 0 0 
mlmq sssp correct!
BENCH algorithm=MLMQ gpu_count=2 source=0 repeat=1 warmup=0 queue=L1SLF_L2DQ solve_ms=1.446737 collection_ms=0.043428 query_wall_ms=4.241665 prepare_ms=2.671836 post_solve_ms=0.079584 correct=1

RUN_RC=0
HOST_ELAPSED_SECONDS=0.747467
