/mnt/709/data3/home/Dingzhong/src/mlmq_ppopp26/tmp/landmark206_matrix/COL/landmark.gr
Graph name: /mnt/709/data3/home/Dingzhong/src/mlmq_ppopp26/tmp/landmark206_matrix/COL/landmark.gr
nGPU: 2
sources: 1
delta override: 200000
nnodes=435666, nedges=1057066.
Host memory for graph:  11 MB
	  1%
	 10%
	 20%
	 30%
	 40%
	 50%
	 60%
	 70%
	 80%
	 90%
	100%
Maximum degree: 8
----------Graph information----------
number of vertices 435666 number of edges 1057066
average nnz 2.43 maximum nnz 8.00 deviation nnz 0.94
average weight 3499.47 maximum weight 137384.00 deviation weight 5374.80 
-------------------------------------
CPU done!
CPU total work count 1057066
CPU sequential time 39.18 ms
GPU0 partition: [0, 239616) v_local=239616 nedges=574342
GPU1 partition: [239616, 435666) v_local=196050 nedges=482724
L3_BOUNDARY_INDEX gpu=0 dense_words=6127 boundary_words=117 indexed=1 build_ms=2.017756
L3_BOUNDARY_INDEX gpu=1 dense_words=7488 boundary_words=124 indexed=1 build_ms=1.563203
GPU begin!
BENCH_SETUP algorithm=MLMQ input_ms=7.155982 reference_ms=39.179001 initialization_other_ms=344.832858 setup_wall_ms=391.167841
L2_CAPACITY budget=2147483647 record_bytes=8 buckets=8 per_bucket=33553920 allocated_records=268435455 counter_bits=32
L2_CAPACITY budget=2147483647 record_bytes=8 buckets=8 per_bucket=33553920 allocated_records=268435455 counter_bits=32
L3_CONFIG gpu=0 work_blocks=107 delta=200000 queue_type=19 window_mode=2 window_min=25000 window_max=25000 idle_backoff=0 worker_recovery=1 term_wait_ack=1 rx_priority_bootstrap=0 rx_express=0 rx_express_enabled=0 rx_express_slots=64 rx_express_batch=32 rx_l2_pull=0 rx_l2_pull_claim=0 rx_l2_pull_enabled=0
L3_WORKER_ACK gpu=0 active_slots=1712 capacity=1712 work_blocks=107 warps_per_block=16
L3_CONFIG gpu=1 work_blocks=107 delta=200000 queue_type=19 window_mode=2 window_min=25000 window_max=25000 idle_backoff=0 worker_recovery=1 term_wait_ack=1 rx_priority_bootstrap=0 rx_express=0 rx_express_enabled=0 rx_express_slots=64 rx_express_batch=32 rx_l2_pull=0 rx_l2_pull_claim=0 rx_l2_pull_enabled=0
L3_WORKER_ACK gpu=1 active_slots=1712 capacity=1712 work_blocks=107 warps_per_block=16
L2_FINAL gpu=1 buckets=8 reads=121809 writes=121809 completed=121809 guarded_writes=121809 max_bucket_writes=52485 per_bucket_capacity=33553920 total_capacity=268431360 counter_bits=32 overflow_guard=1 overflow_detected=0 no_wrap=1
L2_FINAL gpu=0 buckets=8 reads=118597 writes=118597 completed=118597 guarded_writes=118597 max_bucket_writes=25484 per_bucket_capacity=33553920 total_capacity=268431360 counter_bits=32 overflow_guard=1 overflow_detected=0 no_wrap=1
GPU multi-GPU wall time 19.05 ms
gpu
191465 206825 236013 238983 243657 249897 247841 255415 270170 284660 280023 285831 286215 281789 297536 291534 318606 298043 307425 294618 331071 302103 303550 314887 301666 332651 306023 306429 323667 302375 
cpu
191465 206825 236013 238983 243657 249897 247841 255415 270170 284660 280023 285831 286215 281789 297536 291534 318606 298043 307425 294618 331071 302103 303550 314887 301666 332651 306023 306429 323667 302375 
WIDE_ORACLE vertices=435666 correct=1
mlmq sssp correct!
BENCH algorithm=MLMQ gpu_count=2 source=217833 repeat=0 warmup=1 queue=L1SLF_L2DQ solve_ms=12.370372 collection_ms=0.380838 query_wall_ms=19.432601 prepare_ms=6.585131 post_solve_ms=0.096110 correct=1
L3_CONFIG gpu=0 work_blocks=107 delta=200000 queue_type=19 window_mode=2 window_min=25000 window_max=25000 idle_backoff=0 worker_recovery=1 term_wait_ack=1 rx_priority_bootstrap=0 rx_express=0 rx_express_enabled=0 rx_express_slots=64 rx_express_batch=32 rx_l2_pull=0 rx_l2_pull_claim=0 rx_l2_pull_enabled=0
L3_WORKER_ACK gpu=0 active_slots=1712 capacity=1712 work_blocks=107 warps_per_block=16
L3_CONFIG gpu=1 work_blocks=107 delta=200000 queue_type=19 window_mode=2 window_min=25000 window_max=25000 idle_backoff=0 worker_recovery=1 term_wait_ack=1 rx_priority_bootstrap=0 rx_express=0 rx_express_enabled=0 rx_express_slots=64 rx_express_batch=32 rx_l2_pull=0 rx_l2_pull_claim=0 rx_l2_pull_enabled=0
L3_WORKER_ACK gpu=1 active_slots=1712 capacity=1712 work_blocks=107 warps_per_block=16
L2_FINAL gpu=1 buckets=8 reads=127261 writes=127261 completed=127261 guarded_writes=127261 max_bucket_writes=46115 per_bucket_capacity=33553920 total_capacity=268431360 counter_bits=32 overflow_guard=1 overflow_detected=0 no_wrap=1
L2_FINAL gpu=0 buckets=8 reads=124102 writes=124102 completed=124102 guarded_writes=124102 max_bucket_writes=24787 per_bucket_capacity=33553920 total_capacity=268431360 counter_bits=32 overflow_guard=1 overflow_detected=0 no_wrap=1
GPU multi-GPU wall time 13.30 ms
gpu
191465 206825 236013 238983 243657 249897 247841 255415 270170 284660 280023 285831 286215 281789 297536 291534 318606 298043 307425 294618 331071 302103 303550 314887 301666 332651 306023 306429 323667 302375 
cpu
191465 206825 236013 238983 243657 249897 247841 255415 270170 284660 280023 285831 286215 281789 297536 291534 318606 298043 307425 294618 331071 302103 303550 314887 301666 332651 306023 306429 323667 302375 
WIDE_ORACLE vertices=435666 correct=1
mlmq sssp correct!
BENCH algorithm=MLMQ gpu_count=2 source=217833 repeat=1 warmup=0 queue=L1SLF_L2DQ solve_ms=10.482524 collection_ms=0.294661 query_wall_ms=13.592021 prepare_ms=2.735613 post_solve_ms=0.079193 correct=1
L3_CONFIG gpu=0 work_blocks=107 delta=200000 queue_type=19 window_mode=2 window_min=25000 window_max=25000 idle_backoff=0 worker_recovery=1 term_wait_ack=1 rx_priority_bootstrap=0 rx_express=0 rx_express_enabled=0 rx_express_slots=64 rx_express_batch=32 rx_l2_pull=0 rx_l2_pull_claim=0 rx_l2_pull_enabled=0
L3_WORKER_ACK gpu=0 active_slots=1712 capacity=1712 work_blocks=107 warps_per_block=16
L3_CONFIG gpu=1 work_blocks=107 delta=200000 queue_type=19 window_mode=2 window_min=25000 window_max=25000 idle_backoff=0 worker_recovery=1 term_wait_ack=1 rx_priority_bootstrap=0 rx_express=0 rx_express_enabled=0 rx_express_slots=64 rx_express_batch=32 rx_l2_pull=0 rx_l2_pull_claim=0 rx_l2_pull_enabled=0
L3_WORKER_ACK gpu=1 active_slots=1712 capacity=1712 work_blocks=107 warps_per_block=16
L2_FINAL gpu=1 buckets=8 reads=126651 writes=126651 completed=126651 guarded_writes=126651 max_bucket_writes=53245 per_bucket_capacity=33553920 total_capacity=268431360 counter_bits=32 overflow_guard=1 overflow_detected=0 no_wrap=1
L2_FINAL gpu=0 buckets=8 reads=118512 writes=118512 completed=118512 guarded_writes=118512 max_bucket_writes=24302 per_bucket_capacity=33553920 total_capacity=268431360 counter_bits=32 overflow_guard=1 overflow_detected=0 no_wrap=1
GPU multi-GPU wall time 12.88 ms
gpu
191465 206825 236013 238983 243657 249897 247841 255415 270170 284660 280023 285831 286215 281789 297536 291534 318606 298043 307425 294618 331071 302103 303550 314887 301666 332651 306023 306429 323667 302375 
cpu
191465 206825 236013 238983 243657 249897 247841 255415 270170 284660 280023 285831 286215 281789 297536 291534 318606 298043 307425 294618 331071 302103 303550 314887 301666 332651 306023 306429 323667 302375 
WIDE_ORACLE vertices=435666 correct=1
mlmq sssp correct!
BENCH algorithm=MLMQ gpu_count=2 source=217833 repeat=2 warmup=0 queue=L1SLF_L2DQ solve_ms=10.008412 collection_ms=0.212112 query_wall_ms=13.095461 prepare_ms=2.813787 post_solve_ms=0.061118 correct=1
L3_CONFIG gpu=0 work_blocks=107 delta=200000 queue_type=19 window_mode=2 window_min=25000 window_max=25000 idle_backoff=0 worker_recovery=1 term_wait_ack=1 rx_priority_bootstrap=0 rx_express=0 rx_express_enabled=0 rx_express_slots=64 rx_express_batch=32 rx_l2_pull=0 rx_l2_pull_claim=0 rx_l2_pull_enabled=0
L3_WORKER_ACK gpu=0 active_slots=1712 capacity=1712 work_blocks=107 warps_per_block=16
L3_CONFIG gpu=1 work_blocks=107 delta=200000 queue_type=19 window_mode=2 window_min=25000 window_max=25000 idle_backoff=0 worker_recovery=1 term_wait_ack=1 rx_priority_bootstrap=0 rx_express=0 rx_express_enabled=0 rx_express_slots=64 rx_express_batch=32 rx_l2_pull=0 rx_l2_pull_claim=0 rx_l2_pull_enabled=0
L3_WORKER_ACK gpu=1 active_slots=1712 capacity=1712 work_blocks=107 warps_per_block=16
L2_FINAL gpu=0 buckets=8 reads=122915 writes=122915 completed=122915 guarded_writes=122915 max_bucket_writes=27506 per_bucket_capacity=33553920 total_capacity=268431360 counter_bits=32 overflow_guard=1 overflow_detected=0 no_wrap=1
L2_FINAL gpu=1 buckets=8 reads=112088 writes=112088 completed=112088 guarded_writes=112088 max_bucket_writes=40755 per_bucket_capacity=33553920 total_capacity=268431360 counter_bits=32 overflow_guard=1 overflow_detected=0 no_wrap=1
GPU multi-GPU wall time 12.85 ms
gpu
191465 206825 236013 238983 243657 249897 247841 255415 270170 284660 280023 285831 286215 281789 297536 291534 318606 298043 307425 294618 331071 302103 303550 314887 301666 332651 306023 306429 323667 302375 
cpu
191465 206825 236013 238983 243657 249897 247841 255415 270170 284660 280023 285831 286215 281789 297536 291534 318606 298043 307425 294618 331071 302103 303550 314887 301666 332651 306023 306429 323667 302375 
WIDE_ORACLE vertices=435666 correct=1
mlmq sssp correct!
BENCH algorithm=MLMQ gpu_count=2 source=217833 repeat=3 warmup=0 queue=L1SLF_L2DQ solve_ms=10.123666 collection_ms=0.260820 query_wall_ms=13.107250 prepare_ms=2.669822 post_solve_ms=0.052905 correct=1
L3_CONFIG gpu=0 work_blocks=107 delta=200000 queue_type=19 window_mode=2 window_min=25000 window_max=25000 idle_backoff=0 worker_recovery=1 term_wait_ack=1 rx_priority_bootstrap=0 rx_express=0 rx_express_enabled=0 rx_express_slots=64 rx_express_batch=32 rx_l2_pull=0 rx_l2_pull_claim=0 rx_l2_pull_enabled=0
L3_WORKER_ACK gpu=0 active_slots=1712 capacity=1712 work_blocks=107 warps_per_block=16
L3_CONFIG gpu=1 work_blocks=107 delta=200000 queue_type=19 window_mode=2 window_min=25000 window_max=25000 idle_backoff=0 worker_recovery=1 term_wait_ack=1 rx_priority_bootstrap=0 rx_express=0 rx_express_enabled=0 rx_express_slots=64 rx_express_batch=32 rx_l2_pull=0 rx_l2_pull_claim=0 rx_l2_pull_enabled=0
L3_WORKER_ACK gpu=1 active_slots=1712 capacity=1712 work_blocks=107 warps_per_block=16
L2_FINAL gpu=1 buckets=8 reads=121293 writes=121293 completed=121293 guarded_writes=121293 max_bucket_writes=49557 per_bucket_capacity=33553920 total_capacity=268431360 counter_bits=32 overflow_guard=1 overflow_detected=0 no_wrap=1
L2_FINAL gpu=0 buckets=8 reads=112385 writes=112385 completed=112385 guarded_writes=112385 max_bucket_writes=23266 per_bucket_capacity=33553920 total_capacity=268431360 counter_bits=32 overflow_guard=1 overflow_detected=0 no_wrap=1
GPU multi-GPU wall time 12.63 ms
gpu
191465 206825 236013 238983 243657 249897 247841 255415 270170 284660 280023 285831 286215 281789 297536 291534 318606 298043 307425 294618 331071 302103 303550 314887 301666 332651 306023 306429 323667 302375 
cpu
191465 206825 236013 238983 243657 249897 247841 255415 270170 284660 280023 285831 286215 281789 297536 291534 318606 298043 307425 294618 331071 302103 303550 314887 301666 332651 306023 306429 323667 302375 
WIDE_ORACLE vertices=435666 correct=1
mlmq sssp correct!
BENCH algorithm=MLMQ gpu_count=2 source=217833 repeat=4 warmup=0 queue=L1SLF_L2DQ solve_ms=10.140714 collection_ms=0.223168 query_wall_ms=12.855239 prepare_ms=2.439193 post_solve_ms=0.052148 correct=1
L3_CONFIG gpu=1 work_blocks=107 delta=200000 queue_type=19 window_mode=2 window_min=25000 window_max=25000 idle_backoff=0 worker_recovery=1 term_wait_ack=1 rx_priority_bootstrap=0 rx_express=0 rx_express_enabled=0 rx_express_slots=64 rx_express_batch=32 rx_l2_pull=0 rx_l2_pull_claim=0 rx_l2_pull_enabled=0
L3_WORKER_ACK gpu=1 active_slots=1712 capacity=1712 work_blocks=107 warps_per_block=16
L3_CONFIG gpu=0 work_blocks=107 delta=200000 queue_type=19 window_mode=2 window_min=25000 window_max=25000 idle_backoff=0 worker_recovery=1 term_wait_ack=1 rx_priority_bootstrap=0 rx_express=0 rx_express_enabled=0 rx_express_slots=64 rx_express_batch=32 rx_l2_pull=0 rx_l2_pull_claim=0 rx_l2_pull_enabled=0
L3_WORKER_ACK gpu=0 active_slots=1712 capacity=1712 work_blocks=107 warps_per_block=16
L2_FINAL gpu=1 buckets=8 reads=114122 writes=114122 completed=114122 guarded_writes=114122 max_bucket_writes=75525 per_bucket_capacity=33553920 total_capacity=268431360 counter_bits=32 overflow_guard=1 overflow_detected=0 no_wrap=1
L2_FINAL gpu=0 buckets=8 reads=121050 writes=121050 completed=121050 guarded_writes=121050 max_bucket_writes=23476 per_bucket_capacity=33553920 total_capacity=268431360 counter_bits=32 overflow_guard=1 overflow_detected=0 no_wrap=1
GPU multi-GPU wall time 13.29 ms
gpu
191465 206825 236013 238983 243657 249897 247841 255415 270170 284660 280023 285831 286215 281789 297536 291534 318606 298043 307425 294618 331071 302103 303550 314887 301666 332651 306023 306429 323667 302375 
cpu
191465 206825 236013 238983 243657 249897 247841 255415 270170 284660 280023 285831 286215 281789 297536 291534 318606 298043 307425 294618 331071 302103 303550 314887 301666 332651 306023 306429 323667 302375 
WIDE_ORACLE vertices=435666 correct=1
mlmq sssp correct!
BENCH algorithm=MLMQ gpu_count=2 source=217833 repeat=5 warmup=0 queue=L1SLF_L2DQ solve_ms=10.750517 collection_ms=0.205067 query_wall_ms=13.495703 prepare_ms=2.484065 post_solve_ms=0.056033 correct=1

RUN_RC=0
HOST_ELAPSED_SECONDS=0.898734
