/mnt/a100/data1/Dingzhong/mlmq/data/rgg_n_2_20_s0.gr
Graph name: /mnt/a100/data1/Dingzhong/mlmq/data/rgg_n_2_20_s0.gr
nGPU: 2
sources: 1
delta override: 32
nnodes=1048576, nedges=13783240.
Host memory for graph: 113 MB
	  1%
	 10%
	 20%
	 30%
	 40%
	 50%
	 60%
	 70%
	 80%
	 90%
	100%
Maximum degree: 36
----------Graph information----------
number of vertices 1048576 number of edges 13783240
average nnz 13.14 maximum nnz 36.00 deviation nnz 3.63
average weight 1.00 maximum weight 1.00 deviation weight 0.00 
-------------------------------------
CPU done!
CPU total work count 13783234
CPU sequential time 134.26 ms
GPU0 partition: [0, 524288) v_local=524288 nedges=6880533
GPU1 partition: [524288, 1048576) v_local=524288 nedges=6902707
L3_BOUNDARY_INDEX gpu=0 dense_words=16384 boundary_words=1546 indexed=1 build_ms=6.372458
L3_BOUNDARY_INDEX gpu=1 dense_words=16384 boundary_words=1596 indexed=1 build_ms=6.126963
GPU begin!
BENCH_SETUP algorithm=MLMQ input_ms=60.685668 reference_ms=134.261993 initialization_other_ms=493.665913 setup_wall_ms=688.613574
L2_CAPACITY budget=2147483647 record_bytes=8 buckets=16 per_bucket=16776704 allocated_records=268435455 counter_bits=32
L2_CAPACITY budget=2147483647 record_bytes=8 buckets=16 per_bucket=16776704 allocated_records=268435455 counter_bits=32
L3_CONFIG gpu=1 work_blocks=107 delta=32 window_mode=2 window_min=25000 window_max=25000 idle_backoff=0 worker_recovery=1 term_wait_ack=1 rx_priority_bootstrap=0 rx_express=0 rx_express_enabled=0 rx_express_slots=64 rx_express_batch=32 rx_l2_pull=0 rx_l2_pull_claim=0 rx_l2_pull_enabled=0
L3_WORKER_ACK gpu=1 active_slots=1712 capacity=1712 work_blocks=107 warps_per_block=16
L3_CONFIG gpu=0 work_blocks=107 delta=32 window_mode=2 window_min=25000 window_max=25000 idle_backoff=0 worker_recovery=1 term_wait_ack=1 rx_priority_bootstrap=0 rx_express=0 rx_express_enabled=0 rx_express_slots=64 rx_express_batch=32 rx_l2_pull=0 rx_l2_pull_claim=0 rx_l2_pull_enabled=0
L3_WORKER_ACK gpu=0 active_slots=1712 capacity=1712 work_blocks=107 warps_per_block=16
L2_FINAL gpu=1 buckets=16 reads=35281 writes=35281 completed=35281
L2_FINAL gpu=0 buckets=16 reads=33617 writes=33617 completed=33617
GPU multi-GPU wall time 17.75 ms
gpu
0 51 90 88 74 218 203 141 191 176 94 214 209 31 215 166 188 182 1 69 82 20 197 15 48 30 87 15 17 81 
cpu
0 51 90 88 74 218 203 141 191 176 94 214 209 31 215 166 188 182 1 69 82 20 197 15 48 30 87 15 17 81 
WIDE_ORACLE vertices=1048576 correct=1
mlmq sssp correct!
BENCH algorithm=MLMQ gpu_count=2 source=0 repeat=0 warmup=1 queue=L1SLF_L2DQ solve_ms=11.887592 collection_ms=0.308324 query_wall_ms=18.059605 prepare_ms=5.808401 post_solve_ms=0.055258 correct=1
L3_CONFIG gpu=0 work_blocks=107 delta=32 window_mode=2 window_min=25000 window_max=25000 idle_backoff=0 worker_recovery=1 term_wait_ack=1 rx_priority_bootstrap=0 rx_express=0 rx_express_enabled=0 rx_express_slots=64 rx_express_batch=32 rx_l2_pull=0 rx_l2_pull_claim=0 rx_l2_pull_enabled=0
L3_WORKER_ACK gpu=0 active_slots=1712 capacity=1712 work_blocks=107 warps_per_block=16
L3_CONFIG gpu=1 work_blocks=107 delta=32 window_mode=2 window_min=25000 window_max=25000 idle_backoff=0 worker_recovery=1 term_wait_ack=1 rx_priority_bootstrap=0 rx_express=0 rx_express_enabled=0 rx_express_slots=64 rx_express_batch=32 rx_l2_pull=0 rx_l2_pull_claim=0 rx_l2_pull_enabled=0
L3_WORKER_ACK gpu=1 active_slots=1712 capacity=1712 work_blocks=107 warps_per_block=16
L2_FINAL gpu=1 buckets=16 reads=37588 writes=37588 completed=37588
L2_FINAL gpu=0 buckets=16 reads=37713 writes=37713 completed=37713
GPU multi-GPU wall time 13.51 ms
gpu
0 51 90 88 74 218 203 141 191 176 94 214 209 31 215 166 188 182 1 69 82 20 197 15 48 30 87 15 17 81 
cpu
0 51 90 88 74 218 203 141 191 176 94 214 209 31 215 166 188 182 1 69 82 20 197 15 48 30 87 15 17 81 
WIDE_ORACLE vertices=1048576 correct=1
mlmq sssp correct!
BENCH algorithm=MLMQ gpu_count=2 source=0 repeat=1 warmup=0 queue=L1SLF_L2DQ solve_ms=11.028216 collection_ms=0.299453 query_wall_ms=13.804556 prepare_ms=2.434917 post_solve_ms=0.041953 correct=1
L3_CONFIG gpu=0 work_blocks=107 delta=32 window_mode=2 window_min=25000 window_max=25000 idle_backoff=0 worker_recovery=1 term_wait_ack=1 rx_priority_bootstrap=0 rx_express=0 rx_express_enabled=0 rx_express_slots=64 rx_express_batch=32 rx_l2_pull=0 rx_l2_pull_claim=0 rx_l2_pull_enabled=0
L3_WORKER_ACK gpu=0 active_slots=1712 capacity=1712 work_blocks=107 warps_per_block=16
L3_CONFIG gpu=1 work_blocks=107 delta=32 window_mode=2 window_min=25000 window_max=25000 idle_backoff=0 worker_recovery=1 term_wait_ack=1 rx_priority_bootstrap=0 rx_express=0 rx_express_enabled=0 rx_express_slots=64 rx_express_batch=32 rx_l2_pull=0 rx_l2_pull_claim=0 rx_l2_pull_enabled=0
L3_WORKER_ACK gpu=1 active_slots=1712 capacity=1712 work_blocks=107 warps_per_block=16
L2_FINAL gpu=1 buckets=16 reads=36021 writes=36021 completed=36021
L2_FINAL gpu=0 buckets=16 reads=39125 writes=39125 completed=39125
GPU multi-GPU wall time 12.03 ms
gpu
0 51 90 88 74 218 203 141 191 176 94 214 209 31 215 166 188 182 1 69 82 20 197 15 48 30 87 15 17 81 
cpu
0 51 90 88 74 218 203 141 191 176 94 214 209 31 215 166 188 182 1 69 82 20 197 15 48 30 87 15 17 81 
WIDE_ORACLE vertices=1048576 correct=1
mlmq sssp correct!
BENCH algorithm=MLMQ gpu_count=2 source=0 repeat=2 warmup=0 queue=L1SLF_L2DQ solve_ms=9.600872 collection_ms=0.300152 query_wall_ms=12.327218 prepare_ms=2.389735 post_solve_ms=0.036442 correct=1
L3_CONFIG gpu=0 work_blocks=107 delta=32 window_mode=2 window_min=25000 window_max=25000 idle_backoff=0 worker_recovery=1 term_wait_ack=1 rx_priority_bootstrap=0 rx_express=0 rx_express_enabled=0 rx_express_slots=64 rx_express_batch=32 rx_l2_pull=0 rx_l2_pull_claim=0 rx_l2_pull_enabled=0
L3_WORKER_ACK gpu=0 active_slots=1712 capacity=1712 work_blocks=107 warps_per_block=16
L3_CONFIG gpu=1 work_blocks=107 delta=32 window_mode=2 window_min=25000 window_max=25000 idle_backoff=0 worker_recovery=1 term_wait_ack=1 rx_priority_bootstrap=0 rx_express=0 rx_express_enabled=0 rx_express_slots=64 rx_express_batch=32 rx_l2_pull=0 rx_l2_pull_claim=0 rx_l2_pull_enabled=0
L3_WORKER_ACK gpu=1 active_slots=1712 capacity=1712 work_blocks=107 warps_per_block=16
L2_FINAL gpu=1 buckets=16 reads=41234 writes=41234 completed=41234
L2_FINAL gpu=0 buckets=16 reads=39814 writes=39814 completed=39814
GPU multi-GPU wall time 12.85 ms
gpu
0 51 90 88 74 218 203 141 191 176 94 214 209 31 215 166 188 182 1 69 82 20 197 15 48 30 87 15 17 81 
cpu
0 51 90 88 74 218 203 141 191 176 94 214 209 31 215 166 188 182 1 69 82 20 197 15 48 30 87 15 17 81 
WIDE_ORACLE vertices=1048576 correct=1
mlmq sssp correct!
BENCH algorithm=MLMQ gpu_count=2 source=0 repeat=3 warmup=0 queue=L1SLF_L2DQ solve_ms=10.412447 collection_ms=0.305540 query_wall_ms=13.158659 prepare_ms=2.403509 post_solve_ms=0.037147 correct=1

RUN_RC=0
HOST_ELAPSED_SECONDS=1.180503
