/mnt/a100/data1/Dingzhong/mlmq/data/sssp-int/delaunay_n23.gr
Graph name: /mnt/a100/data1/Dingzhong/mlmq/data/sssp-int/delaunay_n23.gr
nGPU: 2
sources: 1
delta override: 64
nnodes=8388608, nedges=50331568.
Host memory for graph: 447 MB
	  1%
	 10%
	 20%
	 30%
	 40%
	 50%
	 60%
	 70%
	 80%
	 90%
	100%
Maximum degree: 28
----------Graph information----------
number of vertices 8388608 number of edges 50331568
average nnz 6.01 maximum nnz 28.00 deviation nnz 1.34
average weight 0.33 maximum weight 1.00 deviation weight 0.41 
-------------------------------------
CPU done!
CPU total work count 50331568
CPU sequential time 741.90 ms
GPU0 partition: [0, 4194304) v_local=4194304 nedges=25166898
GPU1 partition: [4194304, 8388608) v_local=4194304 nedges=25164670
L3_BOUNDARY_INDEX gpu=0 dense_words=131072 boundary_words=131072 indexed=0 build_ms=36.043688
L3_BOUNDARY_INDEX gpu=1 dense_words=131072 boundary_words=44627 indexed=1 build_ms=66.623073
GPU begin!
BENCH_SETUP algorithm=MLMQ input_ms=238.729748 reference_ms=741.903015 initialization_other_ms=1098.733190 setup_wall_ms=2079.365953
L2_CAPACITY budget=2147483647 record_bytes=8 buckets=16 per_bucket=16776704 allocated_records=268435455 counter_bits=32
L2_CAPACITY budget=2147483647 record_bytes=8 buckets=16 per_bucket=16776704 allocated_records=268435455 counter_bits=32
L3_CONFIG gpu=0 work_blocks=107 delta=64 worker_recovery=1 term_wait_ack=1 rx_priority_bootstrap=0 rx_express=0 rx_express_enabled=0 rx_express_slots=64 rx_express_batch=32 rx_l2_pull=0 rx_l2_pull_claim=0 rx_l2_pull_enabled=0
L3_CONFIG gpu=1 work_blocks=107 delta=64 worker_recovery=1 term_wait_ack=1 rx_priority_bootstrap=0 rx_express=0 rx_express_enabled=0 rx_express_slots=64 rx_express_batch=32 rx_l2_pull=0 rx_l2_pull_claim=0 rx_l2_pull_enabled=0
L2_FINAL gpu=0 buckets=16 reads=31824761 writes=31824761 completed=31824761
L2_FINAL gpu=1 buckets=16 reads=17957799 writes=17957799 completed=17957799
GPU multi-GPU wall time 7205.10 ms
gpu
0 279 268 858 454 831 711 404 357 465 315 745 235 246 719 771 357 608 966 552 848 674 352 639 443 700 767 868 949 1007 
cpu
0 279 268 858 454 831 711 404 357 465 315 745 235 246 719 771 357 608 966 552 848 674 352 639 443 700 767 868 949 1007 
WIDE_ORACLE vertices=8388608 correct=1
mlmq sssp correct!
BENCH algorithm=MLMQ gpu_count=2 source=0 repeat=0 warmup=1 queue=L1SLF_L2DQ solve_ms=7198.358489 collection_ms=17.713080 query_wall_ms=7222.811906 prepare_ms=6.654882 post_solve_ms=0.085425 correct=1
L3_CONFIG gpu=1 work_blocks=107 delta=64 worker_recovery=1 term_wait_ack=1 rx_priority_bootstrap=0 rx_express=0 rx_express_enabled=0 rx_express_slots=64 rx_express_batch=32 rx_l2_pull=0 rx_l2_pull_claim=0 rx_l2_pull_enabled=0
L3_CONFIG gpu=0 work_blocks=107 delta=64 worker_recovery=1 term_wait_ack=1 rx_priority_bootstrap=0 rx_express=0 rx_express_enabled=0 rx_express_slots=64 rx_express_batch=32 rx_l2_pull=0 rx_l2_pull_claim=0 rx_l2_pull_enabled=0
L2_FINAL gpu=0 buckets=16 reads=33754286 writes=33754286 completed=33754286
L2_FINAL gpu=1 buckets=16 reads=18724023 writes=18724023 completed=18724023
GPU multi-GPU wall time 7274.38 ms
gpu
0 279 268 858 454 831 711 404 357 465 315 745 235 246 719 771 357 608 966 552 848 674 352 639 443 700 767 868 949 1007 
cpu
0 279 268 858 454 831 711 404 357 465 315 745 235 246 719 771 357 608 966 552 848 674 352 639 443 700 767 868 949 1007 
WIDE_ORACLE vertices=8388608 correct=1
mlmq sssp correct!
BENCH algorithm=MLMQ gpu_count=2 source=0 repeat=1 warmup=0 queue=L1SLF_L2DQ solve_ms=7271.572448 collection_ms=3.601582 query_wall_ms=7277.983149 prepare_ms=2.714733 post_solve_ms=0.094358 correct=1
L3_CONFIG gpu=0 work_blocks=107 delta=64 worker_recovery=1 term_wait_ack=1 rx_priority_bootstrap=0 rx_express=0 rx_express_enabled=0 rx_express_slots=64 rx_express_batch=32 rx_l2_pull=0 rx_l2_pull_claim=0 rx_l2_pull_enabled=0
L3_CONFIG gpu=1 work_blocks=107 delta=64 worker_recovery=1 term_wait_ack=1 rx_priority_bootstrap=0 rx_express=0 rx_express_enabled=0 rx_express_slots=64 rx_express_batch=32 rx_l2_pull=0 rx_l2_pull_claim=0 rx_l2_pull_enabled=0
L2_FINAL gpu=0 buckets=16 reads=37377164 writes=37377164 completed=37377164
L2_FINAL gpu=1 buckets=16 reads=20283398 writes=20283398 completed=20283398
GPU multi-GPU wall time 8132.87 ms
gpu
0 279 268 858 454 831 711 404 357 465 315 745 235 246 719 771 357 608 966 552 848 674 352 639 443 700 767 868 949 1007 
cpu
0 279 268 858 454 831 711 404 357 465 315 745 235 246 719 771 357 608 966 552 848 674 352 639 443 700 767 868 949 1007 
WIDE_ORACLE vertices=8388608 correct=1
mlmq sssp correct!
BENCH algorithm=MLMQ gpu_count=2 source=0 repeat=2 warmup=0 queue=L1SLF_L2DQ solve_ms=8130.052038 collection_ms=3.541198 query_wall_ms=8136.412133 prepare_ms=2.745410 post_solve_ms=0.073467 correct=1
L3_CONFIG gpu=0 work_blocks=107 delta=64 worker_recovery=1 term_wait_ack=1 rx_priority_bootstrap=0 rx_express=0 rx_express_enabled=0 rx_express_slots=64 rx_express_batch=32 rx_l2_pull=0 rx_l2_pull_claim=0 rx_l2_pull_enabled=0
L3_CONFIG gpu=1 work_blocks=107 delta=64 worker_recovery=1 term_wait_ack=1 rx_priority_bootstrap=0 rx_express=0 rx_express_enabled=0 rx_express_slots=64 rx_express_batch=32 rx_l2_pull=0 rx_l2_pull_claim=0 rx_l2_pull_enabled=0
L2_FINAL gpu=0 buckets=16 reads=32256601 writes=32256601 completed=32256601
L2_FINAL gpu=1 buckets=16 reads=18088133 writes=18088133 completed=18088133
GPU multi-GPU wall time 7357.26 ms
gpu
0 279 268 858 454 831 711 404 357 465 315 745 235 246 719 771 357 608 966 552 848 674 352 639 443 700 767 868 949 1007 
cpu
0 279 268 858 454 831 711 404 357 465 315 745 235 246 719 771 357 608 966 552 848 674 352 639 443 700 767 868 949 1007 
WIDE_ORACLE vertices=8388608 correct=1
mlmq sssp correct!
BENCH algorithm=MLMQ gpu_count=2 source=0 repeat=3 warmup=0 queue=L1SLF_L2DQ solve_ms=7354.439989 collection_ms=3.070145 query_wall_ms=7360.330440 prepare_ms=2.730528 post_solve_ms=0.089755 correct=1

RUN_RC=0
HOST_ELAPSED_SECONDS=32.667961
