/mnt/709/data3/home/Dingzhong/src/mlmq_tpds_withl3/tmp/l3_no_sync_rerun_20260923/graphs/USA/augmented.gr
Graph name: /mnt/709/data3/home/Dingzhong/src/mlmq_tpds_withl3/tmp/l3_no_sync_rerun_20260923/graphs/USA/augmented.gr
nGPU: 2
sources: 1
delta override: 200000
nnodes=23947347, nedges=66684784.
Host memory for graph: 691 MB
	  1%
	 10%
	 20%
	 30%
	 40%
	 50%
	 60%
	 70%
	 80%
	 90%
	100%
Maximum degree: 14
ADAPTIVE-Q: cross_ratio=0.0146% < 0.0700% -> L1V_L2DQ
----------Graph information----------
number of vertices 23947347 number of edges 66684784
average nnz 2.66 maximum nnz 14.00 deviation nnz 1.30
average weight 2758.08 maximum weight 533146.00 deviation weight 5461.81 
-------------------------------------
CPU done!
CPU total work count 66684784
CPU sequential time 3250.36 ms
GPU0 partition: [0, 14368408) v_local=14368408 nedges=40197322
GPU1 partition: [14368408, 23947347) v_local=9578939 nedges=26487462
L3_BOUNDARY_INDEX gpu=0 dense_words=299342 boundary_words=700 indexed=1 build_ms=33.557035
L3_BOUNDARY_INDEX gpu=1 dense_words=449013 boundary_words=662 indexed=1 build_ms=22.889814
GPU begin!
BENCH_SETUP algorithm=MLMQ input_ms=441.820899 reference_ms=3250.362061 initialization_other_ms=1553.877070 setup_wall_ms=5246.060030
L2_CAPACITY budget=2147483647 record_bytes=8 buckets=16 per_bucket=16776704 allocated_records=268435455 counter_bits=32
L2_CAPACITY budget=2147483647 record_bytes=8 buckets=16 per_bucket=16776704 allocated_records=268435455 counter_bits=32
L3_CONFIG gpu=1 work_blocks=107 delta=200000 worker_recovery=1 term_wait_ack=1 rx_priority_bootstrap=0 rx_express=0 rx_express_enabled=0 rx_express_slots=64 rx_express_batch=32 rx_l2_pull=0 rx_l2_pull_claim=0 rx_l2_pull_enabled=0
L3_CONFIG gpu=0 work_blocks=107 delta=200000 worker_recovery=1 term_wait_ack=1 rx_priority_bootstrap=0 rx_express=0 rx_express_enabled=0 rx_express_slots=64 rx_express_batch=32 rx_l2_pull=0 rx_l2_pull_claim=0 rx_l2_pull_enabled=0
L2_FINAL gpu=0 buckets=16 reads=7702837 writes=7702837 completed=7702837
L2_FINAL gpu=1 buckets=16 reads=5883648 writes=5883648 completed=5883648
GPU multi-GPU wall time 77.18 ms
gpu
3885704 3889069 3889665 3887147 3889909 3891006 3891660 3888157 3888872 3892869 3894621 3893646 3893843 3889024 3884747 3893318 3892607 3895480 3894442 3894667 3890133 3887462 3883751 3896038 3894488 3889248 3893240 3896477 3899421 3893918 
cpu
3885704 3889069 3889665 3887147 3889909 3891006 3891660 3888157 3888872 3892869 3894621 3893646 3893843 3889024 3884747 3893318 3892607 3895480 3894442 3894667 3890133 3887462 3883751 3896038 3894488 3889248 3893240 3896477 3899421 3893918 
WIDE_ORACLE vertices=23947347 correct=1
mlmq sssp correct!
BENCH algorithm=MLMQ gpu_count=2 source=11973673 repeat=0 warmup=1 queue=L1SLF_L2DQ solve_ms=70.896855 collection_ms=44.760883 query_wall_ms=121.937499 prepare_ms=6.202617 post_solve_ms=0.077114 correct=1
L3_CONFIG gpu=1 work_blocks=107 delta=200000 worker_recovery=1 term_wait_ack=1 rx_priority_bootstrap=0 rx_express=0 rx_express_enabled=0 rx_express_slots=64 rx_express_batch=32 rx_l2_pull=0 rx_l2_pull_claim=0 rx_l2_pull_enabled=0
L3_CONFIG gpu=0 work_blocks=107 delta=200000 worker_recovery=1 term_wait_ack=1 rx_priority_bootstrap=0 rx_express=0 rx_express_enabled=0 rx_express_slots=64 rx_express_batch=32 rx_l2_pull=0 rx_l2_pull_claim=0 rx_l2_pull_enabled=0
L2_FINAL gpu=0 buckets=16 reads=7545822 writes=7545822 completed=7545822
L2_FINAL gpu=1 buckets=16 reads=5857846 writes=5857846 completed=5857846
GPU multi-GPU wall time 72.02 ms
gpu
3885704 3889069 3889665 3887147 3889909 3891006 3891660 3888157 3888872 3892869 3894621 3893646 3893843 3889024 3884747 3893318 3892607 3895480 3894442 3894667 3890133 3887462 3883751 3896038 3894488 3889248 3893240 3896477 3899421 3893918 
cpu
3885704 3889069 3889665 3887147 3889909 3891006 3891660 3888157 3888872 3892869 3894621 3893646 3893843 3889024 3884747 3893318 3892607 3895480 3894442 3894667 3890133 3887462 3883751 3896038 3894488 3889248 3893240 3896477 3899421 3893918 
WIDE_ORACLE vertices=23947347 correct=1
mlmq sssp correct!
BENCH algorithm=MLMQ gpu_count=2 source=11973673 repeat=1 warmup=0 queue=L1SLF_L2DQ solve_ms=69.067022 collection_ms=5.068584 query_wall_ms=77.087196 prepare_ms=2.888239 post_solve_ms=0.063335 correct=1
L3_CONFIG gpu=1 work_blocks=107 delta=200000 worker_recovery=1 term_wait_ack=1 rx_priority_bootstrap=0 rx_express=0 rx_express_enabled=0 rx_express_slots=64 rx_express_batch=32 rx_l2_pull=0 rx_l2_pull_claim=0 rx_l2_pull_enabled=0
L3_CONFIG gpu=0 work_blocks=107 delta=200000 worker_recovery=1 term_wait_ack=1 rx_priority_bootstrap=0 rx_express=0 rx_express_enabled=0 rx_express_slots=64 rx_express_batch=32 rx_l2_pull=0 rx_l2_pull_claim=0 rx_l2_pull_enabled=0
L2_FINAL gpu=0 buckets=16 reads=7792660 writes=7792660 completed=7792660
L2_FINAL gpu=1 buckets=16 reads=5810557 writes=5810557 completed=5810557
GPU multi-GPU wall time 74.91 ms
gpu
3885704 3889069 3889665 3887147 3889909 3891006 3891660 3888157 3888872 3892869 3894621 3893646 3893843 3889024 3884747 3893318 3892607 3895480 3894442 3894667 3890133 3887462 3883751 3896038 3894488 3889248 3893240 3896477 3899421 3893918 
cpu
3885704 3889069 3889665 3887147 3889909 3891006 3891660 3888157 3888872 3892869 3894621 3893646 3893843 3889024 3884747 3893318 3892607 3895480 3894442 3894667 3890133 3887462 3883751 3896038 3894488 3889248 3893240 3896477 3899421 3893918 
WIDE_ORACLE vertices=23947347 correct=1
mlmq sssp correct!
BENCH algorithm=MLMQ gpu_count=2 source=11973673 repeat=2 warmup=0 queue=L1SLF_L2DQ solve_ms=71.921504 collection_ms=4.988675 query_wall_ms=79.901428 prepare_ms=2.936994 post_solve_ms=0.054233 correct=1
L3_CONFIG gpu=1 work_blocks=107 delta=200000 worker_recovery=1 term_wait_ack=1 rx_priority_bootstrap=0 rx_express=0 rx_express_enabled=0 rx_express_slots=64 rx_express_batch=32 rx_l2_pull=0 rx_l2_pull_claim=0 rx_l2_pull_enabled=0
L3_CONFIG gpu=0 work_blocks=107 delta=200000 worker_recovery=1 term_wait_ack=1 rx_priority_bootstrap=0 rx_express=0 rx_express_enabled=0 rx_express_slots=64 rx_express_batch=32 rx_l2_pull=0 rx_l2_pull_claim=0 rx_l2_pull_enabled=0
L2_FINAL gpu=0 buckets=16 reads=7817072 writes=7817072 completed=7817072
L2_FINAL gpu=1 buckets=16 reads=5841725 writes=5841725 completed=5841725
GPU multi-GPU wall time 71.21 ms
gpu
3885704 3889069 3889665 3887147 3889909 3891006 3891660 3888157 3888872 3892869 3894621 3893646 3893843 3889024 3884747 3893318 3892607 3895480 3894442 3894667 3890133 3887462 3883751 3896038 3894488 3889248 3893240 3896477 3899421 3893918 
cpu
3885704 3889069 3889665 3887147 3889909 3891006 3891660 3888157 3888872 3892869 3894621 3893646 3893843 3889024 3884747 3893318 3892607 3895480 3894442 3894667 3890133 3887462 3883751 3896038 3894488 3889248 3893240 3896477 3899421 3893918 
WIDE_ORACLE vertices=23947347 correct=1
mlmq sssp correct!
BENCH algorithm=MLMQ gpu_count=2 source=11973673 repeat=3 warmup=0 queue=L1SLF_L2DQ solve_ms=68.372847 collection_ms=6.456130 query_wall_ms=77.664618 prepare_ms=2.782841 post_solve_ms=0.052778 correct=1

RUN_RC=0
HOST_ELAPSED_SECONDS=6.373271
