/mnt/709/data3/home/Dingzhong/src/mlmq_tpds_withl3/tmp/l3_no_sync_rerun_20260923/graphs/USA/augmented.gr
Graph name: /mnt/709/data3/home/Dingzhong/src/mlmq_tpds_withl3/tmp/l3_no_sync_rerun_20260923/graphs/USA/augmented.gr
nnodes=23947347, nedges=66684784.
Host memory for graph: 691 MB
	  1%
	 10%
	 20%
	 30%
	 40%
	 50%
	 60%
	 70%
	 80%
	 90%
	100%
Maximum degree: 14
----------Graph information----------
number of vertices 23947347 number of edges 66684784
average nnz 2.66 maximum nnz 14.00 deviation nnz 1.30
average weight 2758.08 maximum weight 533146.00 deviation weight 5461.81 
-------------------------------------
CPU done!
CPU total work count 66684784
CPU sequential time 3304.63 ms
GPU begin!
NO_L3_CONFIG workers=512 delta=400000 queue=L1SLF_L2DQ
L2_CAPACITY budget=2147483647 record_bytes=8 buckets=16 per_bucket=16776704 allocated_records=268435455 counter_bits=32
shm_size 68608 qshm_size 19456 nshm_size 16384 rshm_size 32768
NO_L3_LAUNCH work_blocks=107 delta=400000 repeat=0
Elapse time: 76.73 ms
WIDE_ORACLE vertices=23947347 correct=1
BENCH algorithm=MLMQ baseline=original_no_l3 gpu_count=1 source=11973673 repeat=0 warmup=0 queue=L1SLF_L2DQ solve_ms=76.721832 query_wall_ms=157.800571 correct=1
GPU done!
gpu
3885704 3889069 3889665 3887147 3889909 3891006 3891660 3888157 3888872 3892869 3894621 3893646 3893843 3889024 3884747 3893318 3892607 3895480 3894442 3894667 3890133 3887462 3883751 3896038 3894488 3889248 3893240 3896477 3899421 3893918 
cpu
3885704 3889069 3889665 3887147 3889909 3891006 3891660 3888157 3888872 3892869 3894621 3893646 3893843 3889024 3884747 3893318 3892607 3895480 3894442 3894667 3890133 3887462 3883751 3896038 3894488 3889248 3893240 3896477 3899421 3893918 
WIDE_ORACLE vertices=23947347 correct=1
mlmq sssp correct!

RUN_RC=0
HOST_ELAPSED_SECONDS=5.289156
