/mnt/709/data3/home/Dingzhong/src/mlmq_ppopp26/tmp/landmark206_matrix/BAY/landmark.gr
Graph name: /mnt/709/data3/home/Dingzhong/src/mlmq_ppopp26/tmp/landmark206_matrix/BAY/landmark.gr
nnodes=321270, nedges=800172.
Host memory for graph:   8 MB
	  1%
	 11%
	 21%
	 31%
	 41%
	 51%
	 61%
	 71%
	 81%
	 91%
Maximum degree: 7
----------Graph information----------
number of vertices 321270 number of edges 800172
average nnz 2.49 maximum nnz 7.00 deviation nnz 0.99
average weight 1630.20 maximum weight 94305.00 deviation weight 2385.91 
-------------------------------------
CPU done!
CPU total work count 800172
CPU sequential time 29.25 ms
GPU begin!
NO_L3_CONFIG workers=512 delta=200000 queue=L1SLF_L2DQ
L2_CAPACITY budget=2147483647 record_bytes=8 buckets=16 per_bucket=16776704 allocated_records=268435455 counter_bits=32
shm_size 68608 qshm_size 19456 nshm_size 16384 rshm_size 32768
CAPACITY_BUCKET gpu=0 bucket=0 capacity=16776704 writes=455 reads=455 no_wrap=1
CAPACITY_BUCKET gpu=0 bucket=1 capacity=16776704 writes=10082 reads=10082 no_wrap=1
CAPACITY_BUCKET gpu=0 bucket=2 capacity=16776704 writes=46758 reads=46758 no_wrap=1
CAPACITY_BUCKET gpu=0 bucket=3 capacity=16776704 writes=60617 reads=60617 no_wrap=1
CAPACITY_BUCKET gpu=0 bucket=4 capacity=16776704 writes=71882 reads=71882 no_wrap=1
CAPACITY_BUCKET gpu=0 bucket=5 capacity=16776704 writes=32562 reads=32562 no_wrap=1
CAPACITY_BUCKET gpu=0 bucket=6 capacity=16776704 writes=17454 reads=17454 no_wrap=1
CAPACITY_BUCKET gpu=0 bucket=7 capacity=16776704 writes=17917 reads=17917 no_wrap=1
CAPACITY_BUCKET gpu=0 bucket=8 capacity=16776704 writes=7124 reads=7124 no_wrap=1
CAPACITY_BUCKET gpu=0 bucket=9 capacity=16776704 writes=2161 reads=2161 no_wrap=1
CAPACITY_BUCKET gpu=0 bucket=10 capacity=16776704 writes=1760 reads=1760 no_wrap=1
CAPACITY_BUCKET gpu=0 bucket=11 capacity=16776704 writes=39 reads=39 no_wrap=1
CAPACITY_BUCKET gpu=0 bucket=12 capacity=16776704 writes=0 reads=0 no_wrap=1
CAPACITY_BUCKET gpu=0 bucket=13 capacity=16776704 writes=0 reads=0 no_wrap=1
CAPACITY_BUCKET gpu=0 bucket=14 capacity=16776704 writes=0 reads=0 no_wrap=1
CAPACITY_BUCKET gpu=0 bucket=15 capacity=16776704 writes=0 reads=0 no_wrap=1
CAPACITY_QUERY gpu=0 total=268811 completed=268811 guarded=1
Elapse time: 7.58 ms
WIDE_ORACLE vertices=321270 correct=1
BENCH algorithm=MLMQ baseline=original_no_l3 gpu_count=1 source=160635 repeat=0 warmup=0 queue=L1SLF_L2DQ solve_ms=7.523465 query_wall_ms=11.453476 correct=1
GPU done!
gpu
587598 592297 606326 592296 610335 606764 578210 599000 607387 608935 570458 585482 597224 556586 594679 600616 550991 558929 593163 603666 559784 537054 588080 602604 560909 524608 526313 587056 588682 601897 
cpu
587598 592297 606326 592296 610335 606764 578210 599000 607387 608935 570458 585482 597224 556586 594679 600616 550991 558929 593163 603666 559784 537054 588080 602604 560909 524608 526313 587056 588682 601897 
WIDE_ORACLE vertices=321270 correct=1
mlmq sssp correct!

RUN_RC=0
HOST_ELAPSED_SECONDS=0.639149
