/mnt/709/data3/home/Dingzhong/src/mlmq_ppopp26/tmp/l3_supplement_20260921_v2/graphs/BAY/augmented.gr
Graph name: /mnt/709/data3/home/Dingzhong/src/mlmq_ppopp26/tmp/l3_supplement_20260921_v2/graphs/BAY/augmented.gr
nnodes=321270, nedges=884786.
Host memory for graph:   9 MB
	  1%
	 11%
	 21%
	 31%
	 41%
	 51%
	 61%
	 71%
	 81%
	 91%
Maximum degree: 12
----------Graph information----------
number of vertices 321270 number of edges 884786
average nnz 2.75 maximum nnz 12.00 deviation nnz 1.28
average weight 1942.23 maximum weight 201076.00 deviation weight 3397.61 
-------------------------------------
CPU done!
CPU total work count 884786
CPU sequential time 30.90 ms
GPU begin!
NO_L3_CONFIG workers=512 delta=200000 queue=L1SLF_L2DQ
L2_CAPACITY budget=2147483647 record_bytes=8 buckets=16 per_bucket=16776704 allocated_records=268435455 counter_bits=32
shm_size 68608 qshm_size 19456 nshm_size 16384 rshm_size 32768
CAPACITY_BUCKET gpu=0 bucket=0 capacity=16776704 writes=2548 reads=2548 no_wrap=1
CAPACITY_BUCKET gpu=0 bucket=1 capacity=16776704 writes=15474 reads=15474 no_wrap=1
CAPACITY_BUCKET gpu=0 bucket=2 capacity=16776704 writes=61387 reads=61387 no_wrap=1
CAPACITY_BUCKET gpu=0 bucket=3 capacity=16776704 writes=69962 reads=69962 no_wrap=1
CAPACITY_BUCKET gpu=0 bucket=4 capacity=16776704 writes=76787 reads=76787 no_wrap=1
CAPACITY_BUCKET gpu=0 bucket=5 capacity=16776704 writes=40344 reads=40344 no_wrap=1
CAPACITY_BUCKET gpu=0 bucket=6 capacity=16776704 writes=22847 reads=22847 no_wrap=1
CAPACITY_BUCKET gpu=0 bucket=7 capacity=16776704 writes=17843 reads=17843 no_wrap=1
CAPACITY_BUCKET gpu=0 bucket=8 capacity=16776704 writes=7855 reads=7855 no_wrap=1
CAPACITY_BUCKET gpu=0 bucket=9 capacity=16776704 writes=3325 reads=3325 no_wrap=1
CAPACITY_BUCKET gpu=0 bucket=10 capacity=16776704 writes=1732 reads=1732 no_wrap=1
CAPACITY_BUCKET gpu=0 bucket=11 capacity=16776704 writes=88 reads=88 no_wrap=1
CAPACITY_BUCKET gpu=0 bucket=12 capacity=16776704 writes=0 reads=0 no_wrap=1
CAPACITY_BUCKET gpu=0 bucket=13 capacity=16776704 writes=0 reads=0 no_wrap=1
CAPACITY_BUCKET gpu=0 bucket=14 capacity=16776704 writes=0 reads=0 no_wrap=1
CAPACITY_BUCKET gpu=0 bucket=15 capacity=16776704 writes=0 reads=0 no_wrap=1
CAPACITY_QUERY gpu=0 total=320192 completed=320192 guarded=1
Elapse time: 6.52 ms
WIDE_ORACLE vertices=321270 correct=1
BENCH algorithm=MLMQ baseline=original_no_l3 gpu_count=1 source=160635 repeat=0 warmup=0 queue=L1SLF_L2DQ solve_ms=6.460780 query_wall_ms=10.342250 correct=1
GPU done!
gpu
587598 592297 606326 592296 610335 606764 578210 599000 607387 608935 570458 585482 597224 556586 594679 600616 550991 558929 593163 603666 559784 537054 588080 602604 560909 524608 526313 587056 588682 601897 
cpu
587598 592297 606326 592296 610335 606764 578210 599000 607387 608935 570458 585482 597224 556586 594679 600616 550991 558929 593163 603666 559784 537054 588080 602604 560909 524608 526313 587056 588682 601897 
WIDE_ORACLE vertices=321270 correct=1
mlmq sssp correct!

RUN_RC=0
HOST_ELAPSED_SECONDS=0.609195
