/mnt/709/data3/home/Dingzhong/src/mlmq_ppopp26/tmp/l3_supplement_20260921_v2/graphs/CAL/augmented.gr
Graph name: /mnt/709/data3/home/Dingzhong/src/mlmq_ppopp26/tmp/l3_supplement_20260921_v2/graphs/CAL/augmented.gr
nnodes=1890815, nedges=5297314.
Host memory for graph:  54 MB
	  1%
	 10%
	 20%
	 30%
	 40%
	 50%
	 60%
	 70%
	 80%
	 90%
	100%
Maximum degree: 12
----------Graph information----------
number of vertices 1890815 number of edges 5297314
average nnz 2.80 maximum nnz 12.00 deviation nnz 1.33
average weight 3405.73 maximum weight 414359.00 deviation weight 6206.85 
-------------------------------------
CPU done!
CPU total work count 5297314
CPU sequential time 207.86 ms
GPU begin!
NO_L3_CONFIG workers=512 delta=200000 queue=L1SLF_L2DQ
L2_CAPACITY budget=2147483647 record_bytes=8 buckets=16 per_bucket=16776704 allocated_records=268435455 counter_bits=32
shm_size 68608 qshm_size 19456 nshm_size 16384 rshm_size 32768
CAPACITY_BUCKET gpu=0 bucket=0 capacity=16776704 writes=134002 reads=134002 no_wrap=1
CAPACITY_BUCKET gpu=0 bucket=1 capacity=16776704 writes=93071 reads=93071 no_wrap=1
CAPACITY_BUCKET gpu=0 bucket=2 capacity=16776704 writes=98189 reads=98189 no_wrap=1
CAPACITY_BUCKET gpu=0 bucket=3 capacity=16776704 writes=142134 reads=142134 no_wrap=1
CAPACITY_BUCKET gpu=0 bucket=4 capacity=16776704 writes=107646 reads=107646 no_wrap=1
CAPACITY_BUCKET gpu=0 bucket=5 capacity=16776704 writes=77591 reads=77591 no_wrap=1
CAPACITY_BUCKET gpu=0 bucket=6 capacity=16776704 writes=46903 reads=46903 no_wrap=1
CAPACITY_BUCKET gpu=0 bucket=7 capacity=16776704 writes=42841 reads=42841 no_wrap=1
CAPACITY_BUCKET gpu=0 bucket=8 capacity=16776704 writes=31765 reads=31765 no_wrap=1
CAPACITY_BUCKET gpu=0 bucket=9 capacity=16776704 writes=39001 reads=39001 no_wrap=1
CAPACITY_BUCKET gpu=0 bucket=10 capacity=16776704 writes=67052 reads=67052 no_wrap=1
CAPACITY_BUCKET gpu=0 bucket=11 capacity=16776704 writes=54643 reads=54643 no_wrap=1
CAPACITY_BUCKET gpu=0 bucket=12 capacity=16776704 writes=80833 reads=80833 no_wrap=1
CAPACITY_BUCKET gpu=0 bucket=13 capacity=16776704 writes=77278 reads=77278 no_wrap=1
CAPACITY_BUCKET gpu=0 bucket=14 capacity=16776704 writes=90231 reads=90231 no_wrap=1
CAPACITY_BUCKET gpu=0 bucket=15 capacity=16776704 writes=140838 reads=140838 no_wrap=1
CAPACITY_QUERY gpu=0 total=1324018 completed=1324018 guarded=1
Elapse time: 20.53 ms
WIDE_ORACLE vertices=1890815 correct=1
BENCH algorithm=MLMQ baseline=original_no_l3 gpu_count=1 source=945407 repeat=0 warmup=0 queue=L1SLF_L2DQ solve_ms=20.472008 query_wall_ms=27.539358 correct=1
GPU done!
gpu
6341374 6364222 6347308 6404168 6377364 6349703 6318119 6406500 6435478 6405696 6403948 6382879 6356246 6358158 6335406 6327111 6456501 6477053 6452637 6428893 6403376 6412499 6416060 6364382 6363575 6357515 6392575 6495479 6487134 6455205 
cpu
6341374 6364222 6347308 6404168 6377364 6349703 6318119 6406500 6435478 6405696 6403948 6382879 6356246 6358158 6335406 6327111 6456501 6477053 6452637 6428893 6403376 6412499 6416060 6364382 6363575 6357515 6392575 6495479 6487134 6455205 
WIDE_ORACLE vertices=1890815 correct=1
mlmq sssp correct!

RUN_RC=0
HOST_ELAPSED_SECONDS=0.892226
