/mnt/709/data3/home/Dingzhong/src/mlmq_ppopp26/tmp/l3_supplement_20260921_v2/graphs/CAL/augmented.gr
Graph name: /mnt/709/data3/home/Dingzhong/src/mlmq_ppopp26/tmp/l3_supplement_20260921_v2/graphs/CAL/augmented.gr
nGPU: 2
sources: 1
delta override: 200000
nnodes=1890815, nedges=5297314.
Host memory for graph:  54 MB
	  1%
	 10%
	 20%
	 30%
	 40%
	 50%
	 60%
	 70%
	 80%
	 90%
	100%
Maximum degree: 12
ADAPTIVE-Q: cross_ratio=0.0110% < 0.0700% -> L1V_L2DQ
----------Graph information----------
number of vertices 1890815 number of edges 5297314
average nnz 2.80 maximum nnz 12.00 deviation nnz 1.33
average weight 3405.73 maximum weight 414359.00 deviation weight 6206.85 
-------------------------------------
CPU done!
CPU total work count 5297314
CPU sequential time 208.82 ms
GPU0 partition: [0, 945407) v_local=945407 nedges=2609356
GPU1 partition: [945407, 1890815) v_local=945408 nedges=2687958
L3_BOUNDARY_INDEX gpu=0 dense_words=29544 boundary_words=193 indexed=1 build_ms=2.681159
L3_BOUNDARY_INDEX gpu=1 dense_words=29544 boundary_words=180 indexed=1 build_ms=2.903967
GPU begin!
BENCH_SETUP algorithm=MLMQ input_ms=36.585946 reference_ms=208.817993 initialization_other_ms=418.129168 setup_wall_ms=663.533107
L2_CAPACITY budget=2147483647 record_bytes=8 buckets=16 per_bucket=16776704 allocated_records=268435455 counter_bits=32
L2_CAPACITY budget=2147483647 record_bytes=8 buckets=16 per_bucket=16776704 allocated_records=268435455 counter_bits=32
QUERY_REUSE gpu1 src=945407 reset=1 free=78518.94MiB min=78518.94MiB max=78518.94MiB
QUERY_REUSE gpu0 src=945407 reset=1 free=78522.94MiB min=78522.94MiB max=78522.94MiB
L3_CONFIG gpu=1 work_blocks=107 delta=200000 worker_recovery=1 term_wait_ack=1 rx_priority_bootstrap=0 rx_express=0 rx_express_enabled=0 rx_express_slots=64 rx_express_batch=32 rx_l2_pull=0 rx_l2_pull_claim=0 rx_l2_pull_enabled=0
L3_WORKER_GEOMETRY gpu=1 threads=544 warps=16 blocks=107 resident=1 ack_slots=1712 shm=68608
L3_CONFIG gpu=0 work_blocks=107 delta=200000 worker_recovery=1 term_wait_ack=1 rx_priority_bootstrap=0 rx_express=0 rx_express_enabled=0 rx_express_slots=64 rx_express_batch=32 rx_l2_pull=0 rx_l2_pull_claim=0 rx_l2_pull_enabled=0
L3_WORKER_GEOMETRY gpu=0 threads=544 warps=16 blocks=107 resident=1 ack_slots=1712 shm=68608
CAPACITY_BUCKET gpu=0 bucket=0 capacity=16776704 writes=101886 reads=101886 no_wrap=1
CAPACITY_BUCKET gpu=1 bucket=0 capacity=16776704 writes=13852 reads=13852 no_wrap=1
CAPACITY_BUCKET gpu=1 bucket=1 capacity=16776704 writes=391339 reads=391339 no_wrap=1
CAPACITY_BUCKET gpu=1 bucket=2 capacity=16776704 writes=4053 reads=4053 no_wrap=1
CAPACITY_BUCKET gpu=1 bucket=3 capacity=16776704 writes=3491 reads=3491 no_wrap=1
CAPACITY_BUCKET gpu=1 bucket=4 capacity=16776704 writes=2927 reads=2927 no_wrap=1
CAPACITY_BUCKET gpu=1 bucket=5 capacity=16776704 writes=1546 reads=1546 no_wrap=1
CAPACITY_BUCKET gpu=1 bucket=6 capacity=16776704 writes=488 reads=488 no_wrap=1
CAPACITY_BUCKET gpu=1 bucket=7 capacity=16776704 writes=1404 reads=1404 no_wrap=1
CAPACITY_BUCKET gpu=1 bucket=8 capacity=16776704 writes=2466505 reads=2466505 no_wrap=1
CAPACITY_BUCKET gpu=1 bucket=9 capacity=16776704 writes=7 reads=7 no_wrap=1
CAPACITY_BUCKET gpu=1 bucket=10 capacity=16776704 writes=760 reads=760 no_wrap=1
CAPACITY_BUCKET gpu=1 bucket=11 capacity=16776704 writes=42 reads=42 no_wrap=1
CAPACITY_BUCKET gpu=1 bucket=12 capacity=16776704 writes=35 reads=35 no_wrap=1
CAPACITY_BUCKET gpu=1 bucket=13 capacity=16776704 writes=2388817 reads=2388817 no_wrap=1
CAPACITY_BUCKET gpu=1 bucket=14 capacity=16776704 writes=32606 reads=32606 no_wrap=1
CAPACITY_BUCKET gpu=1 bucket=15 capacity=16776704 writes=20563 reads=20563 no_wrap=1
CAPACITY_QUERY gpu=1 total=5328435 completed=5328435 guarded=1
CAPACITY_BUCKET gpu=0 bucket=1 capacity=16776704 writes=68434 reads=68434 no_wrap=1
CAPACITY_BUCKET gpu=0 bucket=2 capacity=16776704 writes=29638 reads=29638 no_wrap=1
CAPACITY_BUCKET gpu=0 bucket=3 capacity=16776704 writes=18025 reads=18025 no_wrap=1
CAPACITY_BUCKET gpu=0 bucket=4 capacity=16776704 writes=16039 reads=16039 no_wrap=1
CAPACITY_BUCKET gpu=0 bucket=5 capacity=16776704 writes=14083 reads=14083 no_wrap=1
CAPACITY_BUCKET gpu=0 bucket=6 capacity=16776704 writes=12074 reads=12074 no_wrap=1
CAPACITY_BUCKET gpu=0 bucket=7 capacity=16776704 writes=3222849 reads=3222849 no_wrap=1
CAPACITY_BUCKET gpu=0 bucket=8 capacity=16776704 writes=13446 reads=13446 no_wrap=1
CAPACITY_BUCKET gpu=0 bucket=9 capacity=16776704 writes=9263 reads=9263 no_wrap=1
CAPACITY_BUCKET gpu=0 bucket=10 capacity=16776704 writes=8843 reads=8843 no_wrap=1
CAPACITY_BUCKET gpu=0 bucket=11 capacity=16776704 writes=10058 reads=10058 no_wrap=1
CAPACITY_BUCKET gpu=0 bucket=12 capacity=16776704 writes=8664 reads=8664 no_wrap=1
CAPACITY_BUCKET gpu=0 bucket=13 capacity=16776704 writes=441748 reads=441748 no_wrap=1
CAPACITY_BUCKET gpu=0 bucket=14 capacity=16776704 writes=122888 reads=122888 no_wrap=1
CAPACITY_BUCKET gpu=0 bucket=15 capacity=16776704 writes=91105 reads=91105 no_wrap=1
CAPACITY_QUERY gpu=0 total=4189043 completed=4189043 guarded=1
L2_FINAL gpu=1 buckets=16 reads=5328435 writes=5328435 completed=5328435
L2_FINAL gpu=0 buckets=16 reads=4189043 writes=4189043 completed=4189043
GPU multi-GPU wall time 48.43 ms
gpu
6341374 6364222 6347308 6404168 6377364 6349703 6318119 6406500 6435478 6405696 6403948 6382879 6356246 6358158 6335406 6327111 6456501 6477053 6452637 6428893 6403376 6412499 6416060 6364382 6363575 6357515 6392575 6495479 6487134 6455205 
cpu
6341374 6364222 6347308 6404168 6377364 6349703 6318119 6406500 6435478 6405696 6403948 6382879 6356246 6358158 6335406 6327111 6456501 6477053 6452637 6428893 6403376 6412499 6416060 6364382 6363575 6357515 6392575 6495479 6487134 6455205 
WIDE_ORACLE vertices=1890815 correct=1
mlmq sssp correct!
BENCH algorithm=MLMQ gpu_count=2 source=945407 repeat=0 warmup=0 queue=L1SLF_L2DQ solve_ms=41.726204 collection_ms=1.810146 query_wall_ms=50.244248 prepare_ms=6.589271 post_solve_ms=0.118604 correct=1

RUN_RC=0
HOST_ELAPSED_SECONDS=1.144277
