/mnt/709/data3/home/Dingzhong/src/mlmq_ppopp26/tmp/landmark206_matrix/COL/landmark.gr
Graph name: /mnt/709/data3/home/Dingzhong/src/mlmq_ppopp26/tmp/landmark206_matrix/COL/landmark.gr
nnodes=435666, nedges=1057066.
Host memory for graph:  11 MB
	  1%
	 10%
	 20%
	 30%
	 40%
	 50%
	 60%
	 70%
	 80%
	 90%
	100%
Maximum degree: 8
----------Graph information----------
number of vertices 435666 number of edges 1057066
average nnz 2.43 maximum nnz 8.00 deviation nnz 0.94
average weight 3499.47 maximum weight 137384.00 deviation weight 5374.80 
-------------------------------------
CPU done!
CPU total work count 1057066
CPU sequential time 39.74 ms
GPU begin!
NO_L3_CONFIG workers=512 delta=200000 queue=L1SLF_L2DQ
L2_CAPACITY budget=2147483647 record_bytes=8 buckets=16 per_bucket=16776704 allocated_records=268435455 counter_bits=32
shm_size 68608 qshm_size 19456 nshm_size 16384 rshm_size 32768
CAPACITY_BUCKET gpu=0 bucket=0 capacity=16776704 writes=4848 reads=4848 no_wrap=1
CAPACITY_BUCKET gpu=0 bucket=1 capacity=16776704 writes=5016 reads=5016 no_wrap=1
CAPACITY_BUCKET gpu=0 bucket=2 capacity=16776704 writes=3899 reads=3899 no_wrap=1
CAPACITY_BUCKET gpu=0 bucket=3 capacity=16776704 writes=7018 reads=7018 no_wrap=1
CAPACITY_BUCKET gpu=0 bucket=4 capacity=16776704 writes=19212 reads=19212 no_wrap=1
CAPACITY_BUCKET gpu=0 bucket=5 capacity=16776704 writes=58918 reads=58918 no_wrap=1
CAPACITY_BUCKET gpu=0 bucket=6 capacity=16776704 writes=40891 reads=40891 no_wrap=1
CAPACITY_BUCKET gpu=0 bucket=7 capacity=16776704 writes=21693 reads=21693 no_wrap=1
CAPACITY_BUCKET gpu=0 bucket=8 capacity=16776704 writes=18870 reads=18870 no_wrap=1
CAPACITY_BUCKET gpu=0 bucket=9 capacity=16776704 writes=7873 reads=7873 no_wrap=1
CAPACITY_BUCKET gpu=0 bucket=10 capacity=16776704 writes=5021 reads=5021 no_wrap=1
CAPACITY_BUCKET gpu=0 bucket=11 capacity=16776704 writes=6235 reads=6235 no_wrap=1
CAPACITY_BUCKET gpu=0 bucket=12 capacity=16776704 writes=8451 reads=8451 no_wrap=1
CAPACITY_BUCKET gpu=0 bucket=13 capacity=16776704 writes=4297 reads=4297 no_wrap=1
CAPACITY_BUCKET gpu=0 bucket=14 capacity=16776704 writes=5980 reads=5980 no_wrap=1
CAPACITY_BUCKET gpu=0 bucket=15 capacity=16776704 writes=4089 reads=4089 no_wrap=1
CAPACITY_QUERY gpu=0 total=222311 completed=222311 guarded=1
Elapse time: 14.51 ms
WIDE_ORACLE vertices=435666 correct=1
BENCH algorithm=MLMQ baseline=original_no_l3 gpu_count=1 source=217833 repeat=0 warmup=0 queue=L1SLF_L2DQ solve_ms=14.457320 query_wall_ms=18.364208 correct=1
GPU done!
gpu
191465 206825 236013 238983 243657 249897 247841 255415 270170 284660 280023 285831 286215 281789 297536 291534 318606 298043 307425 294618 331071 302103 303550 314887 301666 332651 306023 306429 323667 302375 
cpu
191465 206825 236013 238983 243657 249897 247841 255415 270170 284660 280023 285831 286215 281789 297536 291534 318606 298043 307425 294618 331071 302103 303550 314887 301666 332651 306023 306429 323667 302375 
WIDE_ORACLE vertices=435666 correct=1
mlmq sssp correct!

RUN_RC=0
HOST_ELAPSED_SECONDS=0.644293
