/mnt/709/data3/home/Dingzhong/src/mlmq_ppopp26/tmp/landmark206_matrix/E/landmark.gr
Graph name: /mnt/709/data3/home/Dingzhong/src/mlmq_ppopp26/tmp/landmark206_matrix/E/landmark.gr
nGPU: 2
sources: 1
delta override: 200000
nnodes=3598623, nedges=8778114.
Host memory for graph:  94 MB
	  1%
	 10%
	 20%
	 30%
	 40%
	 50%
	 60%
	 70%
	 80%
	 90%
	100%
Maximum degree: 9
ADAPTIVE-Q: cross_ratio=0.0132% < 0.0700% -> L1V_L2DQ
----------Graph information----------
number of vertices 3598623 number of edges 8778114
average nnz 2.44 maximum nnz 9.00 deviation nnz 0.95
average weight 2112.28 maximum weight 200760.00 deviation weight 2731.31 
-------------------------------------
CPU done!
CPU total work count 8778114
CPU sequential time 402.73 ms
GPU0 partition: [0, 1799311) v_local=1799311 nedges=4375307
GPU1 partition: [1799311, 3598623) v_local=1799312 nedges=4402807
L3_BOUNDARY_INDEX gpu=0 dense_words=56229 boundary_words=352 indexed=1 build_ms=4.004342
L3_BOUNDARY_INDEX gpu=1 dense_words=56229 boundary_words=320 indexed=1 build_ms=4.084019
GPU begin!
BENCH_SETUP algorithm=MLMQ input_ms=57.589323 reference_ms=402.729004 initialization_other_ms=487.315622 setup_wall_ms=947.633949
L2_CAPACITY budget=2147483647 record_bytes=8 buckets=16 per_bucket=16776704 allocated_records=268435455 counter_bits=32
QUERY_REUSE gpu0 src=1799311 reset=1 free=78456.94MiB min=78456.94MiB max=78456.94MiB
L2_CAPACITY budget=2147483647 record_bytes=8 buckets=16 per_bucket=16776704 allocated_records=268435455 counter_bits=32
QUERY_REUSE gpu1 src=1799311 reset=1 free=78456.94MiB min=78456.94MiB max=78456.94MiB
L3_CONFIG gpu=0 work_blocks=107 delta=200000 worker_recovery=1 term_wait_ack=1 rx_priority_bootstrap=0 rx_express=0 rx_express_enabled=0 rx_express_slots=64 rx_express_batch=32 rx_l2_pull=0 rx_l2_pull_claim=0 rx_l2_pull_enabled=0
L3_WORKER_GEOMETRY gpu=0 threads=544 warps=16 blocks=107 resident=1 ack_slots=1712 shm=68608
L3_CONFIG gpu=1 work_blocks=107 delta=200000 worker_recovery=1 term_wait_ack=1 rx_priority_bootstrap=0 rx_express=0 rx_express_enabled=0 rx_express_slots=64 rx_express_batch=32 rx_l2_pull=0 rx_l2_pull_claim=0 rx_l2_pull_enabled=0
L3_WORKER_GEOMETRY gpu=1 threads=544 warps=16 blocks=107 resident=1 ack_slots=1712 shm=68608
CAPACITY_BUCKET gpu=0 bucket=0 capacity=16776704 writes=48780 reads=48780 no_wrap=1
CAPACITY_BUCKET gpu=0 bucket=1 capacity=16776704 writes=38659 reads=38659 no_wrap=1
CAPACITY_BUCKET gpu=0 bucket=2 capacity=16776704 writes=43709 reads=43709 no_wrap=1
CAPACITY_BUCKET gpu=0 bucket=3 capacity=16776704 writes=39866 reads=39866 no_wrap=1
CAPACITY_BUCKET gpu=0 bucket=4 capacity=16776704 writes=42974 reads=42974 no_wrap=1
CAPACITY_BUCKET gpu=0 bucket=5 capacity=16776704 writes=43683 reads=43683 no_wrap=1
CAPACITY_BUCKET gpu=0 bucket=6 capacity=16776704 writes=67857 reads=67857 no_wrap=1
CAPACITY_BUCKET gpu=0 bucket=7 capacity=16776704 writes=77018 reads=77018 no_wrap=1
CAPACITY_BUCKET gpu=0 bucket=8 capacity=16776704 writes=139246 reads=139246 no_wrap=1
CAPACITY_BUCKET gpu=0 bucket=9 capacity=16776704 writes=94056 reads=94056 no_wrap=1
CAPACITY_BUCKET gpu=0 bucket=10 capacity=16776704 writes=119978 reads=119978 no_wrap=1
CAPACITY_BUCKET gpu=0 bucket=11 capacity=16776704 writes=172623 reads=172623 no_wrap=1
CAPACITY_BUCKET gpu=0 bucket=12 capacity=16776704 writes=161875 reads=161875 no_wrap=1
CAPACITY_BUCKET gpu=0 bucket=13 capacity=16776704 writes=55379 reads=55379 no_wrap=1
CAPACITY_BUCKET gpu=0 bucket=14 capacity=16776704 writes=54508 reads=54508 no_wrap=1
CAPACITY_BUCKET gpu=0 bucket=15 capacity=16776704 writes=55326 reads=55326 no_wrap=1
CAPACITY_QUERY gpu=0 total=1255537 completed=1255537 guarded=1
L2_FINAL gpu=0 buckets=16 reads=1255537 writes=1255537 completed=1255537
CAPACITY_BUCKET gpu=1 bucket=0 capacity=16776704 writes=15116 reads=15116 no_wrap=1
CAPACITY_BUCKET gpu=1 bucket=1 capacity=16776704 writes=20075 reads=20075 no_wrap=1
CAPACITY_BUCKET gpu=1 bucket=2 capacity=16776704 writes=34544 reads=34544 no_wrap=1
CAPACITY_BUCKET gpu=1 bucket=3 capacity=16776704 writes=42546 reads=42546 no_wrap=1
CAPACITY_BUCKET gpu=1 bucket=4 capacity=16776704 writes=59463 reads=59463 no_wrap=1
CAPACITY_BUCKET gpu=1 bucket=5 capacity=16776704 writes=176616 reads=176616 no_wrap=1
CAPACITY_BUCKET gpu=1 bucket=6 capacity=16776704 writes=192788 reads=192788 no_wrap=1
CAPACITY_BUCKET gpu=1 bucket=7 capacity=16776704 writes=119868 reads=119868 no_wrap=1
CAPACITY_BUCKET gpu=1 bucket=8 capacity=16776704 writes=72786 reads=72786 no_wrap=1
CAPACITY_BUCKET gpu=1 bucket=9 capacity=16776704 writes=39486 reads=39486 no_wrap=1
CAPACITY_BUCKET gpu=1 bucket=10 capacity=16776704 writes=37410 reads=37410 no_wrap=1
CAPACITY_BUCKET gpu=1 bucket=11 capacity=16776704 writes=51140 reads=51140 no_wrap=1
CAPACITY_BUCKET gpu=1 bucket=12 capacity=16776704 writes=47244 reads=47244 no_wrap=1
CAPACITY_BUCKET gpu=1 bucket=13 capacity=16776704 writes=32489 reads=32489 no_wrap=1
CAPACITY_BUCKET gpu=1 bucket=14 capacity=16776704 writes=18071 reads=18071 no_wrap=1
CAPACITY_BUCKET gpu=1 bucket=15 capacity=16776704 writes=17336 reads=17336 no_wrap=1
CAPACITY_QUERY gpu=1 total=976978 completed=976978 guarded=1
L2_FINAL gpu=1 buckets=16 reads=976978 writes=976978 completed=976978
GPU multi-GPU wall time 45.16 ms
gpu
1447791 1448509 1448811 1448655 1457860 1449642 1460129 1453152 1460560 1460566 1460604 1460644 1456247 1452009 1461037 1460904 1460605 1459891 1458484 1457460 1466370 1462485 1461719 1463936 1462179 1460771 1458744 1459604 1459246 1467181 
cpu
1447791 1448509 1448811 1448655 1457860 1449642 1460129 1453152 1460560 1460566 1460604 1460644 1456247 1452009 1461037 1460904 1460605 1459891 1458484 1457460 1466370 1462485 1461719 1463936 1462179 1460771 1458744 1459604 1459246 1467181 
WIDE_ORACLE vertices=3598623 correct=1
mlmq sssp correct!
BENCH algorithm=MLMQ gpu_count=2 source=1799311 repeat=0 warmup=0 queue=L1SLF_L2DQ solve_ms=37.707189 collection_ms=3.746573 query_wall_ms=48.907901 prepare_ms=7.363004 post_solve_ms=0.091113 correct=1

RUN_RC=0
HOST_ELAPSED_SECONDS=1.436138
