/mnt/709/data3/home/Dingzhong/src/mlmq_ppopp26/tmp/l3_supplement_20260921_v2/graphs/FLA/augmented.gr
Graph name: /mnt/709/data3/home/Dingzhong/src/mlmq_ppopp26/tmp/l3_supplement_20260921_v2/graphs/FLA/augmented.gr
nnodes=1070376, nedges=3021626.
Host memory for graph:  31 MB
	  1%
	 10%
	 20%
	 30%
	 40%
	 50%
	 60%
	 70%
	 80%
	 90%
	100%
Maximum degree: 10
----------Graph information----------
number of vertices 1070376 number of edges 3021626
average nnz 2.82 maximum nnz 10.00 deviation nnz 1.27
average weight 2404.55 maximum weight 328376.00 deviation weight 3844.09 
-------------------------------------
CPU done!
CPU total work count 3021626
CPU sequential time 103.96 ms
GPU begin!
NO_L3_CONFIG workers=512 delta=200000 queue=L1SLF_L2DQ
L2_CAPACITY budget=2147483647 record_bytes=8 buckets=16 per_bucket=16776704 allocated_records=268435455 counter_bits=32
shm_size 68608 qshm_size 19456 nshm_size 16384 rshm_size 32768
CAPACITY_BUCKET gpu=0 bucket=0 capacity=16776704 writes=41730 reads=41730 no_wrap=1
CAPACITY_BUCKET gpu=0 bucket=1 capacity=16776704 writes=52569 reads=52569 no_wrap=1
CAPACITY_BUCKET gpu=0 bucket=2 capacity=16776704 writes=98541 reads=98541 no_wrap=1
CAPACITY_BUCKET gpu=0 bucket=3 capacity=16776704 writes=169031 reads=169031 no_wrap=1
CAPACITY_BUCKET gpu=0 bucket=4 capacity=16776704 writes=108598 reads=108598 no_wrap=1
CAPACITY_BUCKET gpu=0 bucket=5 capacity=16776704 writes=54102 reads=54102 no_wrap=1
CAPACITY_BUCKET gpu=0 bucket=6 capacity=16776704 writes=41085 reads=41085 no_wrap=1
CAPACITY_BUCKET gpu=0 bucket=7 capacity=16776704 writes=24580 reads=24580 no_wrap=1
CAPACITY_BUCKET gpu=0 bucket=8 capacity=16776704 writes=34154 reads=34154 no_wrap=1
CAPACITY_BUCKET gpu=0 bucket=9 capacity=16776704 writes=23400 reads=23400 no_wrap=1
CAPACITY_BUCKET gpu=0 bucket=10 capacity=16776704 writes=48483 reads=48483 no_wrap=1
CAPACITY_BUCKET gpu=0 bucket=11 capacity=16776704 writes=49038 reads=49038 no_wrap=1
CAPACITY_BUCKET gpu=0 bucket=12 capacity=16776704 writes=44801 reads=44801 no_wrap=1
CAPACITY_BUCKET gpu=0 bucket=13 capacity=16776704 writes=65224 reads=65224 no_wrap=1
CAPACITY_BUCKET gpu=0 bucket=14 capacity=16776704 writes=61269 reads=61269 no_wrap=1
CAPACITY_BUCKET gpu=0 bucket=15 capacity=16776704 writes=42794 reads=42794 no_wrap=1
CAPACITY_QUERY gpu=0 total=959399 completed=959399 guarded=1
Elapse time: 20.69 ms
WIDE_ORACLE vertices=1070376 correct=1
BENCH algorithm=MLMQ baseline=original_no_l3 gpu_count=1 source=0 repeat=0 warmup=0 queue=L1SLF_L2DQ solve_ms=20.633390 query_wall_ms=26.686455 correct=1
GPU done!
gpu
0 14188 3172 3291 15287 9599 5075 15803 16263 10439 15917 9484 11871 15291 43084 19971 13207 21241 18262 15457 41766 47754 20754 22091 22529 32846 22684 20335 18245 45857 
cpu
0 14188 3172 3291 15287 9599 5075 15803 16263 10439 15917 9484 11871 15291 43084 19971 13207 21241 18262 15457 41766 47754 20754 22091 22529 32846 22684 20335 18245 45857 
WIDE_ORACLE vertices=1070376 correct=1
mlmq sssp correct!

RUN_RC=0
HOST_ELAPSED_SECONDS=0.748859
