/mnt/709/data3/home/Dingzhong/src/mlmq_ppopp26/tmp/l3_supplement_20260921_v2/graphs/NY/augmented.gr
Graph name: /mnt/709/data3/home/Dingzhong/src/mlmq_ppopp26/tmp/l3_supplement_20260921_v2/graphs/NY/augmented.gr
nnodes=264346, nedges=788664.
Host memory for graph:   8 MB
	  1%
	 10%
	 20%
	 30%
	 40%
	 50%
	 60%
	 70%
	 80%
	 90%
	100%
Maximum degree: 12
----------Graph information----------
number of vertices 264346 number of edges 788664
average nnz 2.98 maximum nnz 12.00 deviation nnz 1.19
average weight 1432.17 maximum weight 77053.00 deviation weight 1517.65 
-------------------------------------
CPU done!
CPU total work count 788664
CPU sequential time 25.73 ms
GPU begin!
NO_L3_CONFIG workers=512 delta=200000 queue=L1SLF_L2DQ
L2_CAPACITY budget=2147483647 record_bytes=8 buckets=16 per_bucket=16776704 allocated_records=268435455 counter_bits=32
shm_size 68608 qshm_size 19456 nshm_size 16384 rshm_size 32768
CAPACITY_BUCKET gpu=0 bucket=0 capacity=16776704 writes=1083 reads=1083 no_wrap=1
CAPACITY_BUCKET gpu=0 bucket=1 capacity=16776704 writes=21485 reads=21485 no_wrap=1
CAPACITY_BUCKET gpu=0 bucket=2 capacity=16776704 writes=69669 reads=69669 no_wrap=1
CAPACITY_BUCKET gpu=0 bucket=3 capacity=16776704 writes=246182 reads=246182 no_wrap=1
CAPACITY_BUCKET gpu=0 bucket=4 capacity=16776704 writes=169427 reads=169427 no_wrap=1
CAPACITY_BUCKET gpu=0 bucket=5 capacity=16776704 writes=69428 reads=69428 no_wrap=1
CAPACITY_BUCKET gpu=0 bucket=6 capacity=16776704 writes=18728 reads=18728 no_wrap=1
CAPACITY_BUCKET gpu=0 bucket=7 capacity=16776704 writes=1193 reads=1193 no_wrap=1
CAPACITY_BUCKET gpu=0 bucket=8 capacity=16776704 writes=35 reads=35 no_wrap=1
CAPACITY_BUCKET gpu=0 bucket=9 capacity=16776704 writes=0 reads=0 no_wrap=1
CAPACITY_BUCKET gpu=0 bucket=10 capacity=16776704 writes=322 reads=322 no_wrap=1
CAPACITY_BUCKET gpu=0 bucket=11 capacity=16776704 writes=108 reads=108 no_wrap=1
CAPACITY_BUCKET gpu=0 bucket=12 capacity=16776704 writes=540 reads=540 no_wrap=1
CAPACITY_BUCKET gpu=0 bucket=13 capacity=16776704 writes=67 reads=67 no_wrap=1
CAPACITY_BUCKET gpu=0 bucket=14 capacity=16776704 writes=40 reads=40 no_wrap=1
CAPACITY_BUCKET gpu=0 bucket=15 capacity=16776704 writes=0 reads=0 no_wrap=1
CAPACITY_QUERY gpu=0 total=598307 completed=598307 guarded=1
Elapse time: 8.59 ms
WIDE_ORACLE vertices=264346 correct=1
BENCH algorithm=MLMQ baseline=original_no_l3 gpu_count=1 source=132173 repeat=0 warmup=0 queue=L1SLF_L2DQ solve_ms=8.535562 query_wall_ms=12.329428 correct=1
GPU done!
gpu
562009 565677 564497 565323 563718 560712 556584 554563 544330 539612 574578 574077 571996 566125 567616 563997 561605 561130 560490 557291 556914 555595 553953 550819 545087 544371 541828 537369 540931 573911 
cpu
562009 565677 564497 565323 563718 560712 556584 554563 544330 539612 574578 574077 571996 566125 567616 563997 561605 561130 560490 557291 556914 555595 553953 550819 545087 544371 541828 537369 540931 573911 
WIDE_ORACLE vertices=264346 correct=1
mlmq sssp correct!

RUN_RC=0
HOST_ELAPSED_SECONDS=0.612162
