/mnt/709/data3/home/Dingzhong/src/mlmq_ppopp26/tmp/landmark206_matrix/NY/landmark.gr
Graph name: /mnt/709/data3/home/Dingzhong/src/mlmq_ppopp26/tmp/landmark206_matrix/NY/landmark.gr
nGPU: 2
sources: 1
delta override: 200000
nnodes=264346, nedges=730100.
Host memory for graph:   7 MB
	  1%
	 10%
	 20%
	 30%
	 40%
	 50%
	 60%
	 70%
	 80%
	 90%
	100%
Maximum degree: 8
----------Graph information----------
number of vertices 264346 number of edges 730100
average nnz 2.76 maximum nnz 8.00 deviation nnz 0.98
average weight 1293.34 maximum weight 36946.00 deviation weight 1129.61 
-------------------------------------
CPU done!
CPU total work count 730100
CPU sequential time 24.59 ms
GPU0 partition: [0, 158607) v_local=158607 nedges=420135
GPU1 partition: [158607, 264346) v_local=105739 nedges=309965
L3_BOUNDARY_INDEX gpu=0 dense_words=3305 boundary_words=149 indexed=1 build_ms=2.074440
L3_BOUNDARY_INDEX gpu=1 dense_words=4957 boundary_words=123 indexed=1 build_ms=1.548440
GPU begin!
BENCH_SETUP algorithm=MLMQ input_ms=4.603923 reference_ms=24.589001 initialization_other_ms=328.244284 setup_wall_ms=357.437208
L2_CAPACITY budget=2147483647 record_bytes=8 buckets=16 per_bucket=16776704 allocated_records=268435455 counter_bits=32
L2_CAPACITY budget=2147483647 record_bytes=8 buckets=16 per_bucket=16776704 allocated_records=268435455 counter_bits=32
QUERY_REUSE gpu1 src=132173 reset=1 free=78590.94MiB min=78590.94MiB max=78590.94MiB
QUERY_REUSE gpu0 src=132173 reset=1 free=78588.94MiB min=78588.94MiB max=78588.94MiB
L3_CONFIG gpu=1 work_blocks=107 delta=200000 worker_recovery=1 term_wait_ack=1 rx_priority_bootstrap=0 rx_express=0 rx_express_enabled=0 rx_express_slots=64 rx_express_batch=32 rx_l2_pull=0 rx_l2_pull_claim=0 rx_l2_pull_enabled=0
L3_WORKER_GEOMETRY gpu=1 threads=544 warps=16 blocks=107 resident=1 ack_slots=1712 shm=68608
L3_CONFIG gpu=0 work_blocks=107 delta=200000 worker_recovery=1 term_wait_ack=1 rx_priority_bootstrap=0 rx_express=0 rx_express_enabled=0 rx_express_slots=64 rx_express_batch=32 rx_l2_pull=0 rx_l2_pull_claim=0 rx_l2_pull_enabled=0
L3_WORKER_GEOMETRY gpu=0 threads=544 warps=16 blocks=107 resident=1 ack_slots=1712 shm=68608
CAPACITY_BUCKET gpu=0 bucket=0 capacity=16776704 writes=818 reads=818 no_wrap=1
CAPACITY_BUCKET gpu=0 bucket=1 capacity=16776704 writes=6299 reads=6299 no_wrap=1
CAPACITY_BUCKET gpu=0 bucket=2 capacity=16776704 writes=346 reads=346 no_wrap=1
CAPACITY_BUCKET gpu=0 bucket=3 capacity=16776704 writes=67076 reads=67076 no_wrap=1
CAPACITY_BUCKET gpu=0 bucket=4 capacity=16776704 writes=78039 reads=78039 no_wrap=1
CAPACITY_BUCKET gpu=0 bucket=5 capacity=16776704 writes=43988 reads=43988 no_wrap=1
CAPACITY_BUCKET gpu=0 bucket=6 capacity=16776704 writes=23874 reads=23874 no_wrap=1
CAPACITY_BUCKET gpu=0 bucket=7 capacity=16776704 writes=1062 reads=1062 no_wrap=1
CAPACITY_BUCKET gpu=0 bucket=8 capacity=16776704 writes=0 reads=0 no_wrap=1
CAPACITY_BUCKET gpu=0 bucket=9 capacity=16776704 writes=0 reads=0 no_wrap=1
CAPACITY_BUCKET gpu=0 bucket=10 capacity=16776704 writes=0 reads=0 no_wrap=1
CAPACITY_BUCKET gpu=0 bucket=11 capacity=16776704 writes=0 reads=0 no_wrap=1
CAPACITY_BUCKET gpu=0 bucket=12 capacity=16776704 writes=0 reads=0 no_wrap=1
CAPACITY_BUCKET gpu=0 bucket=13 capacity=16776704 writes=0 reads=0 no_wrap=1
CAPACITY_BUCKET gpu=0 bucket=14 capacity=16776704 writes=0 reads=0 no_wrap=1
CAPACITY_BUCKET gpu=0 bucket=15 capacity=16776704 writes=0 reads=0 no_wrap=1
CAPACITY_QUERY gpu=0 total=221502 completed=221502 guarded=1
CAPACITY_BUCKET gpu=1 bucket=0 capacity=16776704 writes=0 reads=0 no_wrap=1
CAPACITY_BUCKET gpu=1 bucket=1 capacity=16776704 writes=0 reads=0 no_wrap=1
CAPACITY_BUCKET gpu=1 bucket=2 capacity=16776704 writes=31065 reads=31065 no_wrap=1
CAPACITY_BUCKET gpu=1 bucket=3 capacity=16776704 writes=39109 reads=39109 no_wrap=1
CAPACITY_BUCKET gpu=1 bucket=4 capacity=16776704 writes=3766 reads=3766 no_wrap=1
CAPACITY_BUCKET gpu=1 bucket=5 capacity=16776704 writes=0 reads=0 no_wrap=1
CAPACITY_BUCKET gpu=1 bucket=6 capacity=16776704 writes=0 reads=0 no_wrap=1
CAPACITY_BUCKET gpu=1 bucket=7 capacity=16776704 writes=0 reads=0 no_wrap=1
CAPACITY_BUCKET gpu=1 bucket=8 capacity=16776704 writes=33 reads=33 no_wrap=1
CAPACITY_BUCKET gpu=1 bucket=9 capacity=16776704 writes=0 reads=0 no_wrap=1
CAPACITY_BUCKET gpu=1 bucket=10 capacity=16776704 writes=0 reads=0 no_wrap=1
CAPACITY_BUCKET gpu=1 bucket=11 capacity=16776704 writes=0 reads=0 no_wrap=1
CAPACITY_BUCKET gpu=1 bucket=12 capacity=16776704 writes=0 reads=0 no_wrap=1
CAPACITY_BUCKET gpu=1 bucket=13 capacity=16776704 writes=34 reads=34 no_wrap=1
CAPACITY_BUCKET gpu=1 bucket=14 capacity=16776704 writes=0 reads=0 no_wrap=1
CAPACITY_BUCKET gpu=1 bucket=15 capacity=16776704 writes=0 reads=0 no_wrap=1
CAPACITY_QUERY gpu=1 total=74007 completed=74007 guarded=1
L2_FINAL gpu=0 buckets=16 reads=221502 writes=221502 completed=221502
L2_FINAL gpu=1 buckets=16 reads=74007 writes=74007 completed=74007
GPU multi-GPU wall time 16.38 ms
gpu
562009 565677 564497 565323 563718 560712 556584 554563 544330 539612 574578 574077 571996 566125 567616 563997 561605 561130 560490 557291 556914 555595 553953 550819 545087 544371 541828 537369 540931 573911 
cpu
562009 565677 564497 565323 563718 560712 556584 554563 544330 539612 574578 574077 571996 566125 567616 563997 561605 561130 560490 557291 556914 555595 553953 550819 545087 544371 541828 537369 540931 573911 
WIDE_ORACLE vertices=264346 correct=1
mlmq sssp correct!
BENCH algorithm=MLMQ gpu_count=2 source=132173 repeat=0 warmup=0 queue=L1SLF_L2DQ solve_ms=10.511810 collection_ms=0.271588 query_wall_ms=16.647939 prepare_ms=5.770350 post_solve_ms=0.094051 correct=1

RUN_RC=0
HOST_ELAPSED_SECONDS=0.793521
