/mnt/709/data3/home/Dingzhong/src/mlmq_ppopp26/tmp/landmark206_matrix/NY/landmark.gr
Graph name: /mnt/709/data3/home/Dingzhong/src/mlmq_ppopp26/tmp/landmark206_matrix/NY/landmark.gr
nnodes=264346, nedges=730100.
Host memory for graph:   7 MB
	  1%
	 10%
	 20%
	 30%
	 40%
	 50%
	 60%
	 70%
	 80%
	 90%
	100%
Maximum degree: 8
----------Graph information----------
number of vertices 264346 number of edges 730100
average nnz 2.76 maximum nnz 8.00 deviation nnz 0.98
average weight 1293.34 maximum weight 36946.00 deviation weight 1129.61 
-------------------------------------
CPU done!
CPU total work count 730100
CPU sequential time 24.61 ms
GPU begin!
NO_L3_CONFIG workers=512 delta=200000 queue=L1SLF_L2DQ
L2_CAPACITY budget=2147483647 record_bytes=8 buckets=16 per_bucket=16776704 allocated_records=268435455 counter_bits=32
shm_size 68608 qshm_size 19456 nshm_size 16384 rshm_size 32768
CAPACITY_BUCKET gpu=0 bucket=0 capacity=16776704 writes=836 reads=836 no_wrap=1
CAPACITY_BUCKET gpu=0 bucket=1 capacity=16776704 writes=95 reads=95 no_wrap=1
CAPACITY_BUCKET gpu=0 bucket=2 capacity=16776704 writes=3589 reads=3589 no_wrap=1
CAPACITY_BUCKET gpu=0 bucket=3 capacity=16776704 writes=173232 reads=173232 no_wrap=1
CAPACITY_BUCKET gpu=0 bucket=4 capacity=16776704 writes=87031 reads=87031 no_wrap=1
CAPACITY_BUCKET gpu=0 bucket=5 capacity=16776704 writes=49285 reads=49285 no_wrap=1
CAPACITY_BUCKET gpu=0 bucket=6 capacity=16776704 writes=21468 reads=21468 no_wrap=1
CAPACITY_BUCKET gpu=0 bucket=7 capacity=16776704 writes=3531 reads=3531 no_wrap=1
CAPACITY_BUCKET gpu=0 bucket=8 capacity=16776704 writes=0 reads=0 no_wrap=1
CAPACITY_BUCKET gpu=0 bucket=9 capacity=16776704 writes=0 reads=0 no_wrap=1
CAPACITY_BUCKET gpu=0 bucket=10 capacity=16776704 writes=33 reads=33 no_wrap=1
CAPACITY_BUCKET gpu=0 bucket=11 capacity=16776704 writes=0 reads=0 no_wrap=1
CAPACITY_BUCKET gpu=0 bucket=12 capacity=16776704 writes=0 reads=0 no_wrap=1
CAPACITY_BUCKET gpu=0 bucket=13 capacity=16776704 writes=0 reads=0 no_wrap=1
CAPACITY_BUCKET gpu=0 bucket=14 capacity=16776704 writes=33 reads=33 no_wrap=1
CAPACITY_BUCKET gpu=0 bucket=15 capacity=16776704 writes=286 reads=286 no_wrap=1
CAPACITY_QUERY gpu=0 total=339419 completed=339419 guarded=1
Elapse time: 9.00 ms
WIDE_ORACLE vertices=264346 correct=1
BENCH algorithm=MLMQ baseline=original_no_l3 gpu_count=1 source=132173 repeat=0 warmup=0 queue=L1SLF_L2DQ solve_ms=8.948338 query_wall_ms=12.855670 correct=1
GPU done!
gpu
562009 565677 564497 565323 563718 560712 556584 554563 544330 539612 574578 574077 571996 566125 567616 563997 561605 561130 560490 557291 556914 555595 553953 550819 545087 544371 541828 537369 540931 573911 
cpu
562009 565677 564497 565323 563718 560712 556584 554563 544330 539612 574578 574077 571996 566125 567616 563997 561605 561130 560490 557291 556914 555595 553953 550819 545087 544371 541828 537369 540931 573911 
WIDE_ORACLE vertices=264346 correct=1
mlmq sssp correct!

RUN_RC=0
HOST_ELAPSED_SECONDS=0.618543
