/mnt/709/data3/home/Dingzhong/src/mlmq_ppopp26/tmp/l3_supplement_20260921_v2/checks/s0.gr
Graph name: /mnt/709/data3/home/Dingzhong/src/mlmq_ppopp26/tmp/l3_supplement_20260921_v2/checks/s0.gr
nGPU: 2
sources: 1
delta override: 200000
nnodes=2052, nedges=5644.
Host memory for graph:   0 MB
	  1%
	 10%
	 20%
	 30%
	 40%
	 50%
	 60%
	 70%
	 80%
	 90%
	100%
Maximum degree: 515
----------Graph information----------
number of vertices 2052 number of edges 5644
average nnz 2.75 maximum nnz 515.00 deviation nnz 15.97
average weight 117.79 maximum weight 3054.00 deviation weight 366.52 
-------------------------------------
CPU done!
CPU total work count 5644
CPU sequential time 0.10 ms
GPU0 partition: [0, 1026) v_local=1026 nedges=3591
GPU1 partition: [1026, 2052) v_local=1026 nedges=2053
L3_BOUNDARY_INDEX gpu=0 dense_words=33 boundary_words=1 indexed=1 build_ms=1.677032
L3_BOUNDARY_INDEX gpu=1 dense_words=33 boundary_words=1 indexed=1 build_ms=1.355649
GPU begin!
BENCH_SETUP algorithm=MLMQ input_ms=0.132169 reference_ms=0.105000 initialization_other_ms=317.705434 setup_wall_ms=317.942603
SEQUENTIAL_L3_QUERY sample=0 source=0 gpu_count=2
L2_CAPACITY budget=2147483647 record_bytes=8 buckets=16 per_bucket=16776704 allocated_records=268435455 counter_bits=32
QUERY_REUSE gpu1 src=0 reset=1 free=78602.94MiB min=78602.94MiB max=78602.94MiB
L2_CAPACITY budget=2147483647 record_bytes=8 buckets=16 per_bucket=16776704 allocated_records=268435455 counter_bits=32
L3_CONFIG gpu=1 work_blocks=107 delta=200000 worker_recovery=1 term_wait_ack=1 rx_priority_bootstrap=0 rx_express=0 rx_express_enabled=0 rx_express_slots=64 rx_express_batch=32 rx_l2_pull=0 rx_l2_pull_claim=0 rx_l2_pull_enabled=0
L3_WORKER_GEOMETRY gpu=1 threads=544 warps=16 blocks=107 resident=1 ack_slots=1712 shm=68608
QUERY_REUSE gpu0 src=0 reset=1 free=78602.94MiB min=78602.94MiB max=78602.94MiB
L3_CONFIG gpu=0 work_blocks=107 delta=200000 worker_recovery=1 term_wait_ack=1 rx_priority_bootstrap=0 rx_express=0 rx_express_enabled=0 rx_express_slots=64 rx_express_batch=32 rx_l2_pull=0 rx_l2_pull_claim=0 rx_l2_pull_enabled=0
L3_WORKER_GEOMETRY gpu=0 threads=544 warps=16 blocks=107 resident=1 ack_slots=1712 shm=68608
CAPACITY_BUCKET gpu=1 bucket=0 capacity=16776704 writes=3 reads=3 no_wrap=1
CAPACITY_BUCKET gpu=1 bucket=1 capacity=16776704 writes=0 reads=0 no_wrap=1
CAPACITY_BUCKET gpu=1 bucket=2 capacity=16776704 writes=0 reads=0 no_wrap=1
CAPACITY_BUCKET gpu=1 bucket=3 capacity=16776704 writes=0 reads=0 no_wrap=1
CAPACITY_BUCKET gpu=1 bucket=4 capacity=16776704 writes=0 reads=0 no_wrap=1
CAPACITY_BUCKET gpu=1 bucket=5 capacity=16776704 writes=0 reads=0 no_wrap=1
CAPACITY_BUCKET gpu=1 bucket=6 capacity=16776704 writes=0 reads=0 no_wrap=1
CAPACITY_BUCKET gpu=1 bucket=7 capacity=16776704 writes=0 reads=0 no_wrap=1
CAPACITY_BUCKET gpu=1 bucket=8 capacity=16776704 writes=0 reads=0 no_wrap=1
CAPACITY_BUCKET gpu=1 bucket=9 capacity=16776704 writes=0 reads=0 no_wrap=1
CAPACITY_BUCKET gpu=1 bucket=10 capacity=16776704 writes=0 reads=0 no_wrap=1
CAPACITY_BUCKET gpu=1 bucket=11 capacity=16776704 writes=0 reads=0 no_wrap=1
CAPACITY_BUCKET gpu=1 bucket=12 capacity=16776704 writes=0 reads=0 no_wrap=1
CAPACITY_BUCKET gpu=1 bucket=13 capacity=16776704 writes=0 reads=0 no_wrap=1
CAPACITY_BUCKET gpu=1 bucket=14 capacity=16776704 writes=0 reads=0 no_wrap=1
CAPACITY_BUCKET gpu=1 bucket=15 capacity=16776704 writes=0 reads=0 no_wrap=1
CAPACITY_QUERY gpu=1 total=3 completed=3 guarded=1
L2_FINAL gpu=1 buckets=16 reads=3 writes=3 completed=3
CAPACITY_BUCKET gpu=0 bucket=0 capacity=16776704 writes=1557 reads=1557 no_wrap=1
CAPACITY_BUCKET gpu=0 bucket=1 capacity=16776704 writes=0 reads=0 no_wrap=1
CAPACITY_BUCKET gpu=0 bucket=2 capacity=16776704 writes=0 reads=0 no_wrap=1
CAPACITY_BUCKET gpu=0 bucket=3 capacity=16776704 writes=0 reads=0 no_wrap=1
CAPACITY_BUCKET gpu=0 bucket=4 capacity=16776704 writes=0 reads=0 no_wrap=1
CAPACITY_BUCKET gpu=0 bucket=5 capacity=16776704 writes=0 reads=0 no_wrap=1
CAPACITY_BUCKET gpu=0 bucket=6 capacity=16776704 writes=0 reads=0 no_wrap=1
CAPACITY_BUCKET gpu=0 bucket=7 capacity=16776704 writes=0 reads=0 no_wrap=1
CAPACITY_BUCKET gpu=0 bucket=8 capacity=16776704 writes=0 reads=0 no_wrap=1
CAPACITY_BUCKET gpu=0 bucket=9 capacity=16776704 writes=0 reads=0 no_wrap=1
CAPACITY_BUCKET gpu=0 bucket=10 capacity=16776704 writes=0 reads=0 no_wrap=1
CAPACITY_BUCKET gpu=0 bucket=11 capacity=16776704 writes=0 reads=0 no_wrap=1
CAPACITY_BUCKET gpu=0 bucket=12 capacity=16776704 writes=0 reads=0 no_wrap=1
CAPACITY_BUCKET gpu=0 bucket=13 capacity=16776704 writes=0 reads=0 no_wrap=1
CAPACITY_BUCKET gpu=0 bucket=14 capacity=16776704 writes=0 reads=0 no_wrap=1
CAPACITY_BUCKET gpu=0 bucket=15 capacity=16776704 writes=0 reads=0 no_wrap=1
CAPACITY_QUERY gpu=0 total=1557 completed=1557 guarded=1
L2_FINAL gpu=0 buckets=16 reads=1557 writes=1557 completed=1557
GPU multi-GPU wall time 19.51 ms
gpu
0 1 3 6 7 4 4 5 7 8 4 5 6 7 8 4 5 6 7 8 4 5 6 7 8 4 5 6 7 8 
cpu
0 1 3 6 7 4 4 5 7 8 4 5 6 7 8 4 5 6 7 8 4 5 6 7 8 4 5 6 7 8 
WIDE_ORACLE vertices=2052 correct=1
mlmq sssp correct!
BENCH algorithm=MLMQ gpu_count=2 source=0 repeat=0 warmup=0 queue=L1SLF_L2DQ solve_ms=12.028113 collection_ms=0.022647 query_wall_ms=19.536808 prepare_ms=7.362911 post_solve_ms=0.123104 correct=1
SEQUENTIAL_L3_QUERY sample=1 source=1030 gpu_count=2
QUERY_REUSE gpu0 src=1030 reset=2 free=78602.94MiB min=78602.94MiB max=78602.94MiB
QUERY_REUSE gpu1 src=1030 reset=2 free=78602.94MiB min=78602.94MiB max=78602.94MiB
L3_CONFIG gpu=0 work_blocks=107 delta=200000 worker_recovery=1 term_wait_ack=1 rx_priority_bootstrap=0 rx_express=0 rx_express_enabled=0 rx_express_slots=64 rx_express_batch=32 rx_l2_pull=0 rx_l2_pull_claim=0 rx_l2_pull_enabled=0
L3_WORKER_GEOMETRY gpu=0 threads=544 warps=16 blocks=107 resident=1 ack_slots=1712 shm=68608
L3_CONFIG gpu=1 work_blocks=107 delta=200000 worker_recovery=1 term_wait_ack=1 rx_priority_bootstrap=0 rx_express=0 rx_express_enabled=0 rx_express_slots=64 rx_express_batch=32 rx_l2_pull=0 rx_l2_pull_claim=0 rx_l2_pull_enabled=0
L3_WORKER_GEOMETRY gpu=1 threads=544 warps=16 blocks=107 resident=1 ack_slots=1712 shm=68608
CAPACITY_BUCKET gpu=1 bucket=0 capacity=16776704 writes=1 reads=1 no_wrap=1
CAPACITY_BUCKET gpu=1 bucket=1 capacity=16776704 writes=0 reads=0 no_wrap=1
CAPACITY_BUCKET gpu=1 bucket=2 capacity=16776704 writes=0 reads=0 no_wrap=1
CAPACITY_BUCKET gpu=1 bucket=3 capacity=16776704 writes=0 reads=0 no_wrap=1
CAPACITY_BUCKET gpu=1 bucket=4 capacity=16776704 writes=0 reads=0 no_wrap=1
CAPACITY_BUCKET gpu=1 bucket=5 capacity=16776704 writes=0 reads=0 no_wrap=1
CAPACITY_BUCKET gpu=1 bucket=6 capacity=16776704 writes=0 reads=0 no_wrap=1
CAPACITY_BUCKET gpu=1 bucket=7 capacity=16776704 writes=0 reads=0 no_wrap=1
CAPACITY_BUCKET gpu=1 bucket=8 capacity=16776704 writes=0 reads=0 no_wrap=1
CAPACITY_BUCKET gpu=1 bucket=9 capacity=16776704 writes=0 reads=0 no_wrap=1
CAPACITY_BUCKET gpu=1 bucket=10 capacity=16776704 writes=0 reads=0 no_wrap=1
CAPACITY_BUCKET gpu=1 bucket=11 capacity=16776704 writes=0 reads=0 no_wrap=1
CAPACITY_BUCKET gpu=1 bucket=12 capacity=16776704 writes=0 reads=0 no_wrap=1
CAPACITY_BUCKET gpu=1 bucket=13 capacity=16776704 writes=0 reads=0 no_wrap=1
CAPACITY_BUCKET gpu=1 bucket=14 capacity=16776704 writes=0 reads=0 no_wrap=1
CAPACITY_BUCKET gpu=1 bucket=15 capacity=16776704 writes=0 reads=0 no_wrap=1
CAPACITY_QUERY gpu=1 total=1 completed=1 guarded=1
CAPACITY_BUCKET gpu=0 bucket=0 capacity=16776704 writes=515 reads=515 no_wrap=1
CAPACITY_BUCKET gpu=0 bucket=1 capacity=16776704 writes=0 reads=0 no_wrap=1
CAPACITY_BUCKET gpu=0 bucket=2 capacity=16776704 writes=0 reads=0 no_wrap=1
CAPACITY_BUCKET gpu=0 bucket=3 capacity=16776704 writes=0 reads=0 no_wrap=1
CAPACITY_BUCKET gpu=0 bucket=4 capacity=16776704 writes=0 reads=0 no_wrap=1
CAPACITY_BUCKET gpu=0 bucket=5 capacity=16776704 writes=0 reads=0 no_wrap=1
CAPACITY_BUCKET gpu=0 bucket=6 capacity=16776704 writes=0 reads=0 no_wrap=1
CAPACITY_BUCKET gpu=0 bucket=7 capacity=16776704 writes=0 reads=0 no_wrap=1
CAPACITY_BUCKET gpu=0 bucket=8 capacity=16776704 writes=0 reads=0 no_wrap=1
CAPACITY_BUCKET gpu=0 bucket=9 capacity=16776704 writes=0 reads=0 no_wrap=1
CAPACITY_BUCKET gpu=0 bucket=10 capacity=16776704 writes=0 reads=0 no_wrap=1
CAPACITY_BUCKET gpu=0 bucket=11 capacity=16776704 writes=0 reads=0 no_wrap=1
CAPACITY_BUCKET gpu=0 bucket=12 capacity=16776704 writes=0 reads=0 no_wrap=1
CAPACITY_BUCKET gpu=0 bucket=13 capacity=16776704 writes=0 reads=0 no_wrap=1
CAPACITY_BUCKET gpu=0 bucket=14 capacity=16776704 writes=0 reads=0 no_wrap=1
CAPACITY_BUCKET gpu=0 bucket=15 capacity=16776704 writes=0 reads=0 no_wrap=1
CAPACITY_QUERY gpu=0 total=515 completed=515 guarded=1
L2_FINAL gpu=1 buckets=16 reads=1 writes=1 completed=1
L2_FINAL gpu=0 buckets=16 reads=515 writes=515 completed=515
GPU multi-GPU wall time 10.27 ms
gpu
19 18 19 20 21 17 17 18 20 21 17 18 19 20 21 17 18 19 20 21 17 18 19 20 21 17 18 19 20 21 
cpu
19 18 19 20 21 17 17 18 20 21 17 18 19 20 21 17 18 19 20 21 17 18 19 20 21 17 18 19 20 21 
WIDE_ORACLE vertices=2052 correct=1
mlmq sssp correct!
BENCH algorithm=MLMQ gpu_count=2 source=1030 repeat=1 warmup=0 queue=L1SLF_L2DQ solve_ms=7.399814 collection_ms=0.091471 query_wall_ms=10.365809 prepare_ms=2.797304 post_solve_ms=0.077064 correct=1
SEQUENTIAL_L3_QUERY sample=2 source=2050 gpu_count=2
QUERY_REUSE gpu0 src=2050 reset=3 free=78602.94MiB min=78602.94MiB max=78602.94MiB
QUERY_REUSE gpu1 src=2050 reset=3 free=78602.94MiB min=78602.94MiB max=78602.94MiB
L3_CONFIG gpu=0 work_blocks=107 delta=200000 worker_recovery=1 term_wait_ack=1 rx_priority_bootstrap=0 rx_express=0 rx_express_enabled=0 rx_express_slots=64 rx_express_batch=32 rx_l2_pull=0 rx_l2_pull_claim=0 rx_l2_pull_enabled=0
L3_WORKER_GEOMETRY gpu=0 threads=544 warps=16 blocks=107 resident=1 ack_slots=1712 shm=68608
L3_CONFIG gpu=1 work_blocks=107 delta=200000 worker_recovery=1 term_wait_ack=1 rx_priority_bootstrap=0 rx_express=0 rx_express_enabled=0 rx_express_slots=64 rx_express_batch=32 rx_l2_pull=0 rx_l2_pull_claim=0 rx_l2_pull_enabled=0
L3_WORKER_GEOMETRY gpu=1 threads=544 warps=16 blocks=107 resident=1 ack_slots=1712 shm=68608
CAPACITY_BUCKET gpu=0 bucket=0 capacity=16776704 writes=0 reads=0 no_wrap=1
CAPACITY_BUCKET gpu=0 bucket=1 capacity=16776704 writes=0 reads=0 no_wrap=1
CAPACITY_BUCKET gpu=0 bucket=2 capacity=16776704 writes=0 reads=0 no_wrap=1
CAPACITY_BUCKET gpu=0 bucket=3 capacity=16776704 writes=0 reads=0 no_wrap=1
CAPACITY_BUCKET gpu=0 bucket=4 capacity=16776704 writes=0 reads=0 no_wrap=1
CAPACITY_BUCKET gpu=0 bucket=5 capacity=16776704 writes=0 reads=0 no_wrap=1
CAPACITY_BUCKET gpu=0 bucket=6 capacity=16776704 writes=0 reads=0 no_wrap=1
CAPACITY_BUCKET gpu=0 bucket=7 capacity=16776704 writes=0 reads=0 no_wrap=1
CAPACITY_BUCKET gpu=0 bucket=8 capacity=16776704 writes=0 reads=0 no_wrap=1
CAPACITY_BUCKET gpu=0 bucket=9 capacity=16776704 writes=0 reads=0 no_wrap=1
CAPACITY_BUCKET gpu=0 bucket=10 capacity=16776704 writes=0 reads=0 no_wrap=1
CAPACITY_BUCKET gpu=0 bucket=11 capacity=16776704 writes=0 reads=0 no_wrap=1
CAPACITY_BUCKET gpu=0 bucket=12 capacity=16776704 writes=0 reads=0 no_wrap=1
CAPACITY_BUCKET gpu=0 bucket=13 capacity=16776704 writes=0 reads=0 no_wrap=1
CAPACITY_BUCKET gpu=0 bucket=14 capacity=16776704 writes=0 reads=0 no_wrap=1
CAPACITY_BUCKET gpu=0 bucket=15 capacity=16776704 writes=0 reads=0 no_wrap=1
CAPACITY_QUERY gpu=0 total=0 completed=0 guarded=1
CAPACITY_BUCKET gpu=1 bucket=0 capacity=16776704 writes=1 reads=1 no_wrap=1
L2_FINAL gpu=0 buckets=16 reads=0 writes=0 completed=0
CAPACITY_BUCKET gpu=1 bucket=1 capacity=16776704 writes=0 reads=0 no_wrap=1
CAPACITY_BUCKET gpu=1 bucket=2 capacity=16776704 writes=0 reads=0 no_wrap=1
CAPACITY_BUCKET gpu=1 bucket=3 capacity=16776704 writes=0 reads=0 no_wrap=1
CAPACITY_BUCKET gpu=1 bucket=4 capacity=16776704 writes=0 reads=0 no_wrap=1
CAPACITY_BUCKET gpu=1 bucket=5 capacity=16776704 writes=0 reads=0 no_wrap=1
CAPACITY_BUCKET gpu=1 bucket=6 capacity=16776704 writes=0 reads=0 no_wrap=1
CAPACITY_BUCKET gpu=1 bucket=7 capacity=16776704 writes=0 reads=0 no_wrap=1
CAPACITY_BUCKET gpu=1 bucket=8 capacity=16776704 writes=0 reads=0 no_wrap=1
CAPACITY_BUCKET gpu=1 bucket=9 capacity=16776704 writes=0 reads=0 no_wrap=1
CAPACITY_BUCKET gpu=1 bucket=10 capacity=16776704 writes=0 reads=0 no_wrap=1
CAPACITY_BUCKET gpu=1 bucket=11 capacity=16776704 writes=0 reads=0 no_wrap=1
CAPACITY_BUCKET gpu=1 bucket=12 capacity=16776704 writes=0 reads=0 no_wrap=1
CAPACITY_BUCKET gpu=1 bucket=13 capacity=16776704 writes=0 reads=0 no_wrap=1
CAPACITY_BUCKET gpu=1 bucket=14 capacity=16776704 writes=0 reads=0 no_wrap=1
CAPACITY_BUCKET gpu=1 bucket=15 capacity=16776704 writes=0 reads=0 no_wrap=1
CAPACITY_QUERY gpu=1 total=1 completed=1 guarded=1
L2_FINAL gpu=1 buckets=16 reads=1 writes=1 completed=1
GPU multi-GPU wall time 3.09 ms
gpu
2147483647 2147483647 2147483647 2147483647 2147483647 2147483647 2147483647 2147483647 2147483647 2147483647 2147483647 2147483647 2147483647 2147483647 2147483647 2147483647 2147483647 2147483647 2147483647 2147483647 2147483647 2147483647 2147483647 2147483647 2147483647 2147483647 2147483647 2147483647 2147483647 2147483647 
cpu
2147483647 2147483647 2147483647 2147483647 2147483647 2147483647 2147483647 2147483647 2147483647 2147483647 2147483647 2147483647 2147483647 2147483647 2147483647 2147483647 2147483647 2147483647 2147483647 2147483647 2147483647 2147483647 2147483647 2147483647 2147483647 2147483647 2147483647 2147483647 2147483647 2147483647 
WIDE_ORACLE vertices=2052 correct=1
mlmq sssp correct!
BENCH algorithm=MLMQ gpu_count=2 source=2050 repeat=2 warmup=0 queue=L1SLF_L2DQ solve_ms=0.220461 collection_ms=0.023380 query_wall_ms=3.111514 prepare_ms=2.788123 post_solve_ms=0.079517 correct=1
SEQUENTIAL_L3_QUERY sample=3 source=0 gpu_count=2
QUERY_REUSE gpu0 src=0 reset=4 free=78602.94MiB min=78602.94MiB max=78602.94MiB
QUERY_REUSE gpu1 src=0 reset=4 free=78602.94MiB min=78602.94MiB max=78602.94MiB
L3_CONFIG gpu=0 work_blocks=107 delta=200000 worker_recovery=1 term_wait_ack=1 rx_priority_bootstrap=0 rx_express=0 rx_express_enabled=0 rx_express_slots=64 rx_express_batch=32 rx_l2_pull=0 rx_l2_pull_claim=0 rx_l2_pull_enabled=0
L3_WORKER_GEOMETRY gpu=0 threads=544 warps=16 blocks=107 resident=1 ack_slots=1712 shm=68608
L3_CONFIG gpu=1 work_blocks=107 delta=200000 worker_recovery=1 term_wait_ack=1 rx_priority_bootstrap=0 rx_express=0 rx_express_enabled=0 rx_express_slots=64 rx_express_batch=32 rx_l2_pull=0 rx_l2_pull_claim=0 rx_l2_pull_enabled=0
L3_WORKER_GEOMETRY gpu=1 threads=544 warps=16 blocks=107 resident=1 ack_slots=1712 shm=68608
CAPACITY_BUCKET gpu=1 bucket=0 capacity=16776704 writes=3 reads=3 no_wrap=1
CAPACITY_BUCKET gpu=1 bucket=1 capacity=16776704 writes=0 reads=0 no_wrap=1
CAPACITY_BUCKET gpu=1 bucket=2 capacity=16776704 writes=0 reads=0 no_wrap=1
CAPACITY_BUCKET gpu=1 bucket=3 capacity=16776704 writes=0 reads=0 no_wrap=1
CAPACITY_BUCKET gpu=1 bucket=4 capacity=16776704 writes=0 reads=0 no_wrap=1
CAPACITY_BUCKET gpu=1 bucket=5 capacity=16776704 writes=0 reads=0 no_wrap=1
CAPACITY_BUCKET gpu=1 bucket=6 capacity=16776704 writes=0 reads=0 no_wrap=1
CAPACITY_BUCKET gpu=1 bucket=7 capacity=16776704 writes=0 reads=0 no_wrap=1
CAPACITY_BUCKET gpu=1 bucket=8 capacity=16776704 writes=0 reads=0 no_wrap=1
CAPACITY_BUCKET gpu=1 bucket=9 capacity=16776704 writes=0 reads=0 no_wrap=1
CAPACITY_BUCKET gpu=1 bucket=10 capacity=16776704 writes=0 reads=0 no_wrap=1
CAPACITY_BUCKET gpu=1 bucket=11 capacity=16776704 writes=0 reads=0 no_wrap=1
CAPACITY_BUCKET gpu=1 bucket=12 capacity=16776704 writes=0 reads=0 no_wrap=1
CAPACITY_BUCKET gpu=1 bucket=13 capacity=16776704 writes=0 reads=0 no_wrap=1
CAPACITY_BUCKET gpu=1 bucket=14 capacity=16776704 writes=0 reads=0 no_wrap=1
CAPACITY_BUCKET gpu=1 bucket=15 capacity=16776704 writes=0 reads=0 no_wrap=1
CAPACITY_QUERY gpu=1 total=3 completed=3 guarded=1
L2_FINAL gpu=1 buckets=16 reads=3 writes=3 completed=3
CAPACITY_BUCKET gpu=0 bucket=0 capacity=16776704 writes=1390 reads=1390 no_wrap=1
CAPACITY_BUCKET gpu=0 bucket=1 capacity=16776704 writes=0 reads=0 no_wrap=1
CAPACITY_BUCKET gpu=0 bucket=2 capacity=16776704 writes=0 reads=0 no_wrap=1
CAPACITY_BUCKET gpu=0 bucket=3 capacity=16776704 writes=0 reads=0 no_wrap=1
CAPACITY_BUCKET gpu=0 bucket=4 capacity=16776704 writes=0 reads=0 no_wrap=1
CAPACITY_BUCKET gpu=0 bucket=5 capacity=16776704 writes=0 reads=0 no_wrap=1
CAPACITY_BUCKET gpu=0 bucket=6 capacity=16776704 writes=0 reads=0 no_wrap=1
CAPACITY_BUCKET gpu=0 bucket=7 capacity=16776704 writes=0 reads=0 no_wrap=1
CAPACITY_BUCKET gpu=0 bucket=8 capacity=16776704 writes=0 reads=0 no_wrap=1
CAPACITY_BUCKET gpu=0 bucket=9 capacity=16776704 writes=0 reads=0 no_wrap=1
CAPACITY_BUCKET gpu=0 bucket=10 capacity=16776704 writes=0 reads=0 no_wrap=1
CAPACITY_BUCKET gpu=0 bucket=11 capacity=16776704 writes=0 reads=0 no_wrap=1
CAPACITY_BUCKET gpu=0 bucket=12 capacity=16776704 writes=0 reads=0 no_wrap=1
CAPACITY_BUCKET gpu=0 bucket=13 capacity=16776704 writes=0 reads=0 no_wrap=1
CAPACITY_BUCKET gpu=0 bucket=14 capacity=16776704 writes=0 reads=0 no_wrap=1
CAPACITY_BUCKET gpu=0 bucket=15 capacity=16776704 writes=0 reads=0 no_wrap=1
CAPACITY_QUERY gpu=0 total=1390 completed=1390 guarded=1
L2_FINAL gpu=0 buckets=16 reads=1390 writes=1390 completed=1390
GPU multi-GPU wall time 10.51 ms
gpu
0 1 3 6 7 4 4 5 7 8 4 5 6 7 8 4 5 6 7 8 4 5 6 7 8 4 5 6 7 8 
cpu
0 1 3 6 7 4 4 5 7 8 4 5 6 7 8 4 5 6 7 8 4 5 6 7 8 4 5 6 7 8 
WIDE_ORACLE vertices=2052 correct=1
mlmq sssp correct!
BENCH algorithm=MLMQ gpu_count=2 source=0 repeat=3 warmup=0 queue=L1SLF_L2DQ solve_ms=7.678840 collection_ms=0.017542 query_wall_ms=10.527945 prepare_ms=2.762761 post_solve_ms=0.068775 correct=1

RUN_RC=0
