/mnt/709/data3/home/Dingzhong/src/mlmq_ppopp26/tmp/l3_supplement_20260921_v2/graphs/USA/augmented.gr
Graph name: /mnt/709/data3/home/Dingzhong/src/mlmq_ppopp26/tmp/l3_supplement_20260921_v2/graphs/USA/augmented.gr
nnodes=23947347, nedges=66684784.
Host memory for graph: 691 MB
	  1%
	 10%
	 20%
	 30%
	 40%
	 50%
	 60%
	 70%
	 80%
	 90%
	100%
Maximum degree: 14
----------Graph information----------
number of vertices 23947347 number of edges 66684784
average nnz 2.66 maximum nnz 14.00 deviation nnz 1.30
average weight 2758.08 maximum weight 533146.00 deviation weight 5461.81 
-------------------------------------
CPU done!
CPU total work count 66684784
CPU sequential time 3318.26 ms
GPU begin!
NO_L3_CONFIG workers=512 delta=200000 queue=L1SLF_L2DQ
L2_CAPACITY budget=2147483647 record_bytes=8 buckets=16 per_bucket=16776704 allocated_records=268435455 counter_bits=32
shm_size 68608 qshm_size 19456 nshm_size 16384 rshm_size 32768
CAPACITY_BUCKET gpu=0 bucket=0 capacity=16776704 writes=1000545 reads=1000545 no_wrap=1
CAPACITY_BUCKET gpu=0 bucket=1 capacity=16776704 writes=912325 reads=912325 no_wrap=1
CAPACITY_BUCKET gpu=0 bucket=2 capacity=16776704 writes=893355 reads=893355 no_wrap=1
CAPACITY_BUCKET gpu=0 bucket=3 capacity=16776704 writes=841674 reads=841674 no_wrap=1
CAPACITY_BUCKET gpu=0 bucket=4 capacity=16776704 writes=806684 reads=806684 no_wrap=1
CAPACITY_BUCKET gpu=0 bucket=5 capacity=16776704 writes=728647 reads=728647 no_wrap=1
CAPACITY_BUCKET gpu=0 bucket=6 capacity=16776704 writes=723540 reads=723540 no_wrap=1
CAPACITY_BUCKET gpu=0 bucket=7 capacity=16776704 writes=726471 reads=726471 no_wrap=1
CAPACITY_BUCKET gpu=0 bucket=8 capacity=16776704 writes=795428 reads=795428 no_wrap=1
CAPACITY_BUCKET gpu=0 bucket=9 capacity=16776704 writes=812165 reads=812165 no_wrap=1
CAPACITY_BUCKET gpu=0 bucket=10 capacity=16776704 writes=817427 reads=817427 no_wrap=1
CAPACITY_BUCKET gpu=0 bucket=11 capacity=16776704 writes=893714 reads=893714 no_wrap=1
CAPACITY_BUCKET gpu=0 bucket=12 capacity=16776704 writes=885839 reads=885839 no_wrap=1
CAPACITY_BUCKET gpu=0 bucket=13 capacity=16776704 writes=822862 reads=822862 no_wrap=1
CAPACITY_BUCKET gpu=0 bucket=14 capacity=16776704 writes=806047 reads=806047 no_wrap=1
CAPACITY_BUCKET gpu=0 bucket=15 capacity=16776704 writes=911662 reads=911662 no_wrap=1
CAPACITY_QUERY gpu=0 total=13378385 completed=13378385 guarded=1
Elapse time: 83.92 ms
WIDE_ORACLE vertices=23947347 correct=1
BENCH algorithm=MLMQ baseline=original_no_l3 gpu_count=1 source=11973673 repeat=0 warmup=0 queue=L1SLF_L2DQ solve_ms=83.857104 query_wall_ms=166.228804 correct=1
GPU done!
gpu
3885704 3889069 3889665 3887147 3889909 3891006 3891660 3888157 3888872 3892869 3894621 3893646 3893843 3889024 3884747 3893318 3892607 3895480 3894442 3894667 3890133 3887462 3883751 3896038 3894488 3889248 3893240 3896477 3899421 3893918 
cpu
3885704 3889069 3889665 3887147 3889909 3891006 3891660 3888157 3888872 3892869 3894621 3893646 3893843 3889024 3884747 3893318 3892607 3895480 3894442 3894667 3890133 3887462 3883751 3896038 3894488 3889248 3893240 3896477 3899421 3893918 
WIDE_ORACLE vertices=23947347 correct=1
mlmq sssp correct!

RUN_RC=0
HOST_ELAPSED_SECONDS=5.302298
