/mnt/709/data3/home/Dingzhong/src/mlmq_ppopp26/tmp/landmark206_matrix/USA/landmark.gr
Graph name: /mnt/709/data3/home/Dingzhong/src/mlmq_ppopp26/tmp/landmark206_matrix/USA/landmark.gr
nnodes=23947347, nedges=57708624.
Host memory for graph: 622 MB
	  1%
	 10%
	 20%
	 30%
	 40%
	 50%
	 60%
	 70%
	 80%
	 90%
	100%
Maximum degree: 9
----------Graph information----------
number of vertices 23947347 number of edges 57708624
average nnz 2.44 maximum nnz 9.00 deviation nnz 0.85
average weight 2285.73 maximum weight 368855.00 deviation weight 3901.49 
-------------------------------------
CPU done!
CPU total work count 57708624
CPU sequential time 3188.13 ms
GPU begin!
NO_L3_CONFIG workers=512 delta=200000 queue=L1SLF_L2DQ
L2_CAPACITY budget=2147483647 record_bytes=8 buckets=16 per_bucket=16776704 allocated_records=268435455 counter_bits=32
shm_size 68608 qshm_size 19456 nshm_size 16384 rshm_size 32768
CAPACITY_BUCKET gpu=0 bucket=0 capacity=16776704 writes=821517 reads=821517 no_wrap=1
CAPACITY_BUCKET gpu=0 bucket=1 capacity=16776704 writes=717330 reads=717330 no_wrap=1
CAPACITY_BUCKET gpu=0 bucket=2 capacity=16776704 writes=709734 reads=709734 no_wrap=1
CAPACITY_BUCKET gpu=0 bucket=3 capacity=16776704 writes=781909 reads=781909 no_wrap=1
CAPACITY_BUCKET gpu=0 bucket=4 capacity=16776704 writes=693707 reads=693707 no_wrap=1
CAPACITY_BUCKET gpu=0 bucket=5 capacity=16776704 writes=587780 reads=587780 no_wrap=1
CAPACITY_BUCKET gpu=0 bucket=6 capacity=16776704 writes=531042 reads=531042 no_wrap=1
CAPACITY_BUCKET gpu=0 bucket=7 capacity=16776704 writes=542675 reads=542675 no_wrap=1
CAPACITY_BUCKET gpu=0 bucket=8 capacity=16776704 writes=657913 reads=657913 no_wrap=1
CAPACITY_BUCKET gpu=0 bucket=9 capacity=16776704 writes=657001 reads=657001 no_wrap=1
CAPACITY_BUCKET gpu=0 bucket=10 capacity=16776704 writes=662155 reads=662155 no_wrap=1
CAPACITY_BUCKET gpu=0 bucket=11 capacity=16776704 writes=665164 reads=665164 no_wrap=1
CAPACITY_BUCKET gpu=0 bucket=12 capacity=16776704 writes=633267 reads=633267 no_wrap=1
CAPACITY_BUCKET gpu=0 bucket=13 capacity=16776704 writes=622576 reads=622576 no_wrap=1
CAPACITY_BUCKET gpu=0 bucket=14 capacity=16776704 writes=656435 reads=656435 no_wrap=1
CAPACITY_BUCKET gpu=0 bucket=15 capacity=16776704 writes=759676 reads=759676 no_wrap=1
CAPACITY_QUERY gpu=0 total=10699881 completed=10699881 guarded=1
Elapse time: 106.41 ms
WIDE_ORACLE vertices=23947347 correct=1
BENCH algorithm=MLMQ baseline=original_no_l3 gpu_count=1 source=11973673 repeat=0 warmup=0 queue=L1SLF_L2DQ solve_ms=106.353499 query_wall_ms=184.873172 correct=1
GPU done!
gpu
3885704 3889069 3889665 3887147 3889909 3891006 3891660 3888157 3888872 3892869 3894621 3893646 3893843 3889024 3884747 3893318 3892607 3895480 3894442 3894667 3890133 3887462 3883751 3896038 3894488 3889248 3893240 3896477 3899421 3893918 
cpu
3885704 3889069 3889665 3887147 3889909 3891006 3891660 3888157 3888872 3892869 3894621 3893646 3893843 3889024 3884747 3893318 3892607 3895480 3894442 3894667 3890133 3887462 3883751 3896038 3894488 3889248 3893240 3896477 3899421 3893918 
WIDE_ORACLE vertices=23947347 correct=1
mlmq sssp correct!

RUN_RC=0
HOST_ELAPSED_SECONDS=5.114342
