/mnt/709/data3/home/Dingzhong/src/mlmq_ppopp26/tmp/l3_supplement_20260921_v2/graphs/W/augmented.gr
Graph name: /mnt/709/data3/home/Dingzhong/src/mlmq_ppopp26/tmp/l3_supplement_20260921_v2/graphs/W/augmented.gr
nGPU: 2
sources: 1
delta override: 200000
nnodes=6262104, nedges=17557344.
Host memory for graph: 181 MB
	  1%
	 10%
	 20%
	 30%
	 40%
	 50%
	 60%
	 70%
	 80%
	 90%
	100%
Maximum degree: 14
ADAPTIVE-Q: cross_ratio=0.0477% < 0.0700% -> L1V_L2DQ
----------Graph information----------
number of vertices 6262104 number of edges 17557344
average nnz 2.80 maximum nnz 14.00 deviation nnz 1.35
average weight 4467.20 maximum weight 533146.00 deviation weight 7270.79 
-------------------------------------
CPU done!
CPU total work count 17557344
CPU sequential time 788.04 ms
GPU0 partition: [0, 2504841) v_local=2504841 nedges=6977534
GPU1 partition: [2504841, 6262104) v_local=3757263 nedges=10579810
L3_BOUNDARY_INDEX gpu=0 dense_words=117415 boundary_words=510 indexed=1 build_ms=5.989770
L3_BOUNDARY_INDEX gpu=1 dense_words=78277 boundary_words=498 indexed=1 build_ms=9.074645
GPU begin!
BENCH_SETUP algorithm=MLMQ input_ms=117.517385 reference_ms=788.036011 initialization_other_ms=634.457318 setup_wall_ms=1540.010714
L2_CAPACITY budget=2147483647 record_bytes=8 buckets=16 per_bucket=16776704 allocated_records=268435455 counter_bits=32
L2_CAPACITY budget=2147483647 record_bytes=8 buckets=16 per_bucket=16776704 allocated_records=268435455 counter_bits=32
QUERY_REUSE gpu0 src=3131052 reset=1 free=78366.94MiB min=78366.94MiB max=78366.94MiB
QUERY_REUSE gpu1 src=3131052 reset=1 free=78324.94MiB min=78324.94MiB max=78324.94MiB
L3_CONFIG gpu=0 work_blocks=107 delta=200000 worker_recovery=1 term_wait_ack=1 rx_priority_bootstrap=0 rx_express=0 rx_express_enabled=0 rx_express_slots=64 rx_express_batch=32 rx_l2_pull=0 rx_l2_pull_claim=0 rx_l2_pull_enabled=0
L3_WORKER_GEOMETRY gpu=0 threads=544 warps=16 blocks=107 resident=1 ack_slots=1712 shm=68608
L3_CONFIG gpu=1 work_blocks=107 delta=200000 worker_recovery=1 term_wait_ack=1 rx_priority_bootstrap=0 rx_express=0 rx_express_enabled=0 rx_express_slots=64 rx_express_batch=32 rx_l2_pull=0 rx_l2_pull_claim=0 rx_l2_pull_enabled=0
L3_WORKER_GEOMETRY gpu=1 threads=544 warps=16 blocks=107 resident=1 ack_slots=1712 shm=68608
CAPACITY_BUCKET gpu=1 bucket=0 capacity=16776704 writes=102681 reads=102681 no_wrap=1
CAPACITY_BUCKET gpu=1 bucket=1 capacity=16776704 writes=101007 reads=101007 no_wrap=1
CAPACITY_BUCKET gpu=1 bucket=2 capacity=16776704 writes=85234 reads=85234 no_wrap=1
CAPACITY_BUCKET gpu=1 bucket=3 capacity=16776704 writes=66034 reads=66034 no_wrap=1
CAPACITY_BUCKET gpu=1 bucket=4 capacity=16776704 writes=76835 reads=76835 no_wrap=1
CAPACITY_BUCKET gpu=1 bucket=5 capacity=16776704 writes=82829 reads=82829 no_wrap=1
CAPACITY_BUCKET gpu=1 bucket=6 capacity=16776704 writes=88075 reads=88075 no_wrap=1
CAPACITY_BUCKET gpu=1 bucket=7 capacity=16776704 writes=101536 reads=101536 no_wrap=1
CAPACITY_BUCKET gpu=1 bucket=8 capacity=16776704 writes=124229 reads=124229 no_wrap=1
CAPACITY_BUCKET gpu=1 bucket=9 capacity=16776704 writes=135512 reads=135512 no_wrap=1
CAPACITY_BUCKET gpu=1 bucket=10 capacity=16776704 writes=100315 reads=100315 no_wrap=1
CAPACITY_BUCKET gpu=1 bucket=11 capacity=16776704 writes=104882 reads=104882 no_wrap=1
CAPACITY_BUCKET gpu=1 bucket=12 capacity=16776704 writes=887411 reads=887411 no_wrap=1
CAPACITY_BUCKET gpu=1 bucket=13 capacity=16776704 writes=123382 reads=123382 no_wrap=1
CAPACITY_BUCKET gpu=1 bucket=14 capacity=16776704 writes=78522 reads=78522 no_wrap=1
CAPACITY_BUCKET gpu=1 bucket=15 capacity=16776704 writes=83060 reads=83060 no_wrap=1
CAPACITY_QUERY gpu=1 total=2341544 completed=2341544 guarded=1
L2_FINAL gpu=1 buckets=16 reads=2341544 writes=2341544 completed=2341544
CAPACITY_BUCKET gpu=0 bucket=0 capacity=16776704 writes=87389 reads=87389 no_wrap=1
CAPACITY_BUCKET gpu=0 bucket=1 capacity=16776704 writes=94943 reads=94943 no_wrap=1
CAPACITY_BUCKET gpu=0 bucket=2 capacity=16776704 writes=67805 reads=67805 no_wrap=1
CAPACITY_BUCKET gpu=0 bucket=3 capacity=16776704 writes=83060 reads=83060 no_wrap=1
CAPACITY_BUCKET gpu=0 bucket=4 capacity=16776704 writes=100342 reads=100342 no_wrap=1
CAPACITY_BUCKET gpu=0 bucket=5 capacity=16776704 writes=68715 reads=68715 no_wrap=1
CAPACITY_BUCKET gpu=0 bucket=6 capacity=16776704 writes=74635 reads=74635 no_wrap=1
CAPACITY_BUCKET gpu=0 bucket=7 capacity=16776704 writes=77508 reads=77508 no_wrap=1
CAPACITY_BUCKET gpu=0 bucket=8 capacity=16776704 writes=78176 reads=78176 no_wrap=1
CAPACITY_BUCKET gpu=0 bucket=9 capacity=16776704 writes=55609 reads=55609 no_wrap=1
CAPACITY_BUCKET gpu=0 bucket=10 capacity=16776704 writes=63000 reads=63000 no_wrap=1
CAPACITY_BUCKET gpu=0 bucket=11 capacity=16776704 writes=54314 reads=54314 no_wrap=1
CAPACITY_BUCKET gpu=0 bucket=12 capacity=16776704 writes=82817 reads=82817 no_wrap=1
CAPACITY_BUCKET gpu=0 bucket=13 capacity=16776704 writes=108722 reads=108722 no_wrap=1
CAPACITY_BUCKET gpu=0 bucket=14 capacity=16776704 writes=101171 reads=101171 no_wrap=1
CAPACITY_BUCKET gpu=0 bucket=15 capacity=16776704 writes=88926 reads=88926 no_wrap=1
CAPACITY_QUERY gpu=0 total=1287132 completed=1287132 guarded=1
L2_FINAL gpu=0 buckets=16 reads=1287132 writes=1287132 completed=1287132
GPU multi-GPU wall time 43.48 ms
gpu
6199524 6167003 6205194 6206144 6165876 6173439 6177211 6216604 6224831 6206540 6164333 6171820 6170338 6152466 6180584 6169776 6186986 6187396 6219946 6236079 6223911 6229928 6207303 6201212 6193393 6180022 6156127 6155185 6189925 6184380 
cpu
6199524 6167003 6205194 6206144 6165876 6173439 6177211 6216604 6224831 6206540 6164333 6171820 6170338 6152466 6180584 6169776 6186986 6187396 6219946 6236079 6223911 6229928 6207303 6201212 6193393 6180022 6156127 6155185 6189925 6184380 
WIDE_ORACLE vertices=6262104 correct=1
mlmq sssp correct!
BENCH algorithm=MLMQ gpu_count=2 source=3131052 repeat=0 warmup=0 queue=L1SLF_L2DQ solve_ms=36.040520 collection_ms=5.307784 query_wall_ms=48.784405 prepare_ms=7.337436 post_solve_ms=0.098631 correct=1

RUN_RC=0
HOST_ELAPSED_SECONDS=2.047195
