/mnt/a100/data1/Dingzhong/mlmq/data/rgg_n_2_20_s0.gr
Graph name: /mnt/a100/data1/Dingzhong/mlmq/data/rgg_n_2_20_s0.gr
nGPU: 2
sources: 1
delta override: 32
nnodes=1048576, nedges=13783240.
Host memory for graph: 113 MB
	  1%
	 10%
	 20%
	 30%
	 40%
	 50%
	 60%
	 70%
	 80%
	 90%
	100%
Maximum degree: 36
----------Graph information----------
number of vertices 1048576 number of edges 13783240
average nnz 13.14 maximum nnz 36.00 deviation nnz 3.63
average weight 1.00 maximum weight 1.00 deviation weight 0.00 
-------------------------------------
CPU done!
CPU total work count 13783234
CPU sequential time 134.75 ms
GPU0 partition: [0, 524288) v_local=524288 nedges=6880533
GPU1 partition: [524288, 1048576) v_local=524288 nedges=6902707
L3_BOUNDARY_INDEX gpu=0 dense_words=16384 boundary_words=1546 indexed=1 build_ms=6.833250
L3_BOUNDARY_INDEX gpu=1 dense_words=16384 boundary_words=1596 indexed=1 build_ms=6.315191
GPU begin!
BENCH_SETUP algorithm=MLMQ input_ms=61.433504 reference_ms=134.750000 initialization_other_ms=529.932638 setup_wall_ms=726.116142
L2_CAPACITY budget=2147483647 record_bytes=8 buckets=16 per_bucket=16776704 allocated_records=268435455 counter_bits=32
L2_CAPACITY budget=2147483647 record_bytes=8 buckets=16 per_bucket=16776704 allocated_records=268435455 counter_bits=32
L3_CONFIG gpu=0 work_blocks=107 delta=32 worker_recovery=1 term_wait_ack=1 rx_priority_bootstrap=0 rx_express=0 rx_express_enabled=0 rx_express_slots=64 rx_express_batch=32 rx_l2_pull=0 rx_l2_pull_claim=0 rx_l2_pull_enabled=0
L3_CONFIG gpu=1 work_blocks=107 delta=32 worker_recovery=1 term_wait_ack=1 rx_priority_bootstrap=0 rx_express=0 rx_express_enabled=0 rx_express_slots=64 rx_express_batch=32 rx_l2_pull=0 rx_l2_pull_claim=0 rx_l2_pull_enabled=0
L2_FINAL gpu=1 buckets=16 reads=46273 writes=46273 completed=46273
L2_FINAL gpu=0 buckets=16 reads=38677 writes=38677 completed=38677
GPU multi-GPU wall time 19.91 ms
gpu
0 51 90 88 74 218 203 141 191 176 94 214 209 31 215 166 188 182 1 69 82 20 197 15 48 30 87 15 17 81 
cpu
0 51 90 88 74 218 203 141 191 176 94 214 209 31 215 166 188 182 1 69 82 20 197 15 48 30 87 15 17 81 
WIDE_ORACLE vertices=1048576 correct=1
mlmq sssp correct!
BENCH algorithm=MLMQ gpu_count=2 source=0 repeat=0 warmup=1 queue=L1SLF_L2DQ solve_ms=12.679375 collection_ms=0.318077 query_wall_ms=20.230586 prepare_ms=7.168258 post_solve_ms=0.064848 correct=1
L3_CONFIG gpu=1 work_blocks=107 delta=32 worker_recovery=1 term_wait_ack=1 rx_priority_bootstrap=0 rx_express=0 rx_express_enabled=0 rx_express_slots=64 rx_express_batch=32 rx_l2_pull=0 rx_l2_pull_claim=0 rx_l2_pull_enabled=0
L3_CONFIG gpu=0 work_blocks=107 delta=32 worker_recovery=1 term_wait_ack=1 rx_priority_bootstrap=0 rx_express=0 rx_express_enabled=0 rx_express_slots=64 rx_express_batch=32 rx_l2_pull=0 rx_l2_pull_claim=0 rx_l2_pull_enabled=0
L2_FINAL gpu=1 buckets=16 reads=41694 writes=41694 completed=41694
L2_FINAL gpu=0 buckets=16 reads=36665 writes=36665 completed=36665
GPU multi-GPU wall time 12.32 ms
gpu
0 51 90 88 74 218 203 141 191 176 94 214 209 31 215 166 188 182 1 69 82 20 197 15 48 30 87 15 17 81 
cpu
0 51 90 88 74 218 203 141 191 176 94 214 209 31 215 166 188 182 1 69 82 20 197 15 48 30 87 15 17 81 
WIDE_ORACLE vertices=1048576 correct=1
mlmq sssp correct!
BENCH algorithm=MLMQ gpu_count=2 source=0 repeat=1 warmup=0 queue=L1SLF_L2DQ solve_ms=9.595560 collection_ms=0.400852 query_wall_ms=12.723290 prepare_ms=2.679949 post_solve_ms=0.046901 correct=1
L3_CONFIG gpu=0 work_blocks=107 delta=32 worker_recovery=1 term_wait_ack=1 rx_priority_bootstrap=0 rx_express=0 rx_express_enabled=0 rx_express_slots=64 rx_express_batch=32 rx_l2_pull=0 rx_l2_pull_claim=0 rx_l2_pull_enabled=0
L3_CONFIG gpu=1 work_blocks=107 delta=32 worker_recovery=1 term_wait_ack=1 rx_priority_bootstrap=0 rx_express=0 rx_express_enabled=0 rx_express_slots=64 rx_express_batch=32 rx_l2_pull=0 rx_l2_pull_claim=0 rx_l2_pull_enabled=0
L2_FINAL gpu=1 buckets=16 reads=45729 writes=45729 completed=45729
L2_FINAL gpu=0 buckets=16 reads=39851 writes=39851 completed=39851
GPU multi-GPU wall time 13.04 ms
gpu
0 51 90 88 74 218 203 141 191 176 94 214 209 31 215 166 188 182 1 69 82 20 197 15 48 30 87 15 17 81 
cpu
0 51 90 88 74 218 203 141 191 176 94 214 209 31 215 166 188 182 1 69 82 20 197 15 48 30 87 15 17 81 
WIDE_ORACLE vertices=1048576 correct=1
mlmq sssp correct!
BENCH algorithm=MLMQ gpu_count=2 source=0 repeat=2 warmup=0 queue=L1SLF_L2DQ solve_ms=10.568585 collection_ms=0.337772 query_wall_ms=13.381419 prepare_ms=2.433167 post_solve_ms=0.041877 correct=1
L3_CONFIG gpu=0 work_blocks=107 delta=32 worker_recovery=1 term_wait_ack=1 rx_priority_bootstrap=0 rx_express=0 rx_express_enabled=0 rx_express_slots=64 rx_express_batch=32 rx_l2_pull=0 rx_l2_pull_claim=0 rx_l2_pull_enabled=0
L3_CONFIG gpu=1 work_blocks=107 delta=32 worker_recovery=1 term_wait_ack=1 rx_priority_bootstrap=0 rx_express=0 rx_express_enabled=0 rx_express_slots=64 rx_express_batch=32 rx_l2_pull=0 rx_l2_pull_claim=0 rx_l2_pull_enabled=0
L2_FINAL gpu=1 buckets=16 reads=39640 writes=39640 completed=39640
L2_FINAL gpu=0 buckets=16 reads=36489 writes=36489 completed=36489
GPU multi-GPU wall time 11.96 ms
gpu
0 51 90 88 74 218 203 141 191 176 94 214 209 31 215 166 188 182 1 69 82 20 197 15 48 30 87 15 17 81 
cpu
0 51 90 88 74 218 203 141 191 176 94 214 209 31 215 166 188 182 1 69 82 20 197 15 48 30 87 15 17 81 
WIDE_ORACLE vertices=1048576 correct=1
mlmq sssp correct!
BENCH algorithm=MLMQ gpu_count=2 source=0 repeat=3 warmup=0 queue=L1SLF_L2DQ solve_ms=9.529013 collection_ms=0.308286 query_wall_ms=12.272113 prepare_ms=2.399142 post_solve_ms=0.035651 correct=1

RUN_RC=0
HOST_ELAPSED_SECONDS=1.217960
