nnodes=321270, nedges=884786.
Host memory for graph:   9 MB
	  1%
	 11%
	 21%
	 31%
	 41%
	 51%
	 61%
	 71%
	 81%
	 91%
read 9648480 bytes

ADDS_CONFIG baseline=official_v3 tb_size=768 per_sm=1 blocks=107 suggested_threads=576 cub=toolkit
BENCH_SETUP algorithm=ADDS baseline=official_v3 input_ms=9.065348 reference_ms=30.962649 device_upload_ms=136.914446 workspace_ms=11.372935
float 21.405134, round 16
multi-bag, multi-warp, variant c, wl size is 33554432, linear size is 33554432
MAX_CON_BAG 4, MINI_GRAIN 8, ave_wt 1886.409668, ave_degree 2.754026, delta init 4 (21.405134)
BENCH algorithm=ADDS baseline=official_v3 gpu_count=1 source=160635 repeat=0 warmup=1 reset_ms=0.100717 parameter_ms=0.047982 solve_ms=14.101711 complete_solve_ms=14.149693 collection_ms=0.654252 query_wall_ms=14.904662 correct=1
float 21.410223, round 16
multi-bag, multi-warp, variant c, wl size is 33554432, linear size is 33554432
MAX_CON_BAG 4, MINI_GRAIN 8, ave_wt 1886.858032, ave_degree 2.754026, delta init 4 (21.410223)
BENCH algorithm=ADDS baseline=official_v3 gpu_count=1 source=160635 repeat=1 warmup=0 reset_ms=0.084159 parameter_ms=0.035605 solve_ms=11.475669 complete_solve_ms=11.511274 collection_ms=0.119640 query_wall_ms=11.715073 correct=1
float 21.392012, round 16
multi-bag, multi-warp, variant c, wl size is 33554432, linear size is 33554432
MAX_CON_BAG 4, MINI_GRAIN 8, ave_wt 1885.253174, ave_degree 2.754026, delta init 4 (21.392012)
BENCH algorithm=ADDS baseline=official_v3 gpu_count=1 source=160635 repeat=2 warmup=0 reset_ms=0.078384 parameter_ms=0.028969 solve_ms=11.440151 complete_solve_ms=11.469120 collection_ms=0.117763 query_wall_ms=11.665267 correct=1
float 21.446001, round 16
multi-bag, multi-warp, variant c, wl size is 33554432, linear size is 33554432
MAX_CON_BAG 4, MINI_GRAIN 8, ave_wt 1890.011108, ave_degree 2.754026, delta init 4 (21.446001)
BENCH algorithm=ADDS baseline=official_v3 gpu_count=1 source=160635 repeat=3 warmup=0 reset_ms=0.079269 parameter_ms=0.025805 solve_ms=11.377141 complete_solve_ms=11.402946 collection_ms=0.117883 query_wall_ms=11.600098 correct=1
float 21.440199, round 16
multi-bag, multi-warp, variant c, wl size is 33554432, linear size is 33554432
MAX_CON_BAG 4, MINI_GRAIN 8, ave_wt 1889.499756, ave_degree 2.754026, delta init 4 (21.440199)
BENCH algorithm=ADDS baseline=official_v3 gpu_count=1 source=160635 repeat=4 warmup=0 reset_ms=0.077674 parameter_ms=0.024680 solve_ms=11.414057 complete_solve_ms=11.438737 collection_ms=0.116116 query_wall_ms=11.632527 correct=1
float 21.409922, round 16
multi-bag, multi-warp, variant c, wl size is 33554432, linear size is 33554432
MAX_CON_BAG 4, MINI_GRAIN 8, ave_wt 1886.831543, ave_degree 2.754026, delta init 4 (21.409922)
BENCH algorithm=ADDS baseline=official_v3 gpu_count=1 source=160635 repeat=5 warmup=0 reset_ms=0.077381 parameter_ms=0.025621 solve_ms=11.493748 complete_solve_ms=11.519369 collection_ms=0.117303 query_wall_ms=11.714053 correct=1
ADDS official sssp correct!

RUN_RC=0
HOST_ELAPSED_SECONDS=0.456948
