nnodes=3598623, nedges=8778114.
Host memory for graph:  94 MB
	  1%
	 10%
	 20%
	 30%
	 40%
	 50%
	 60%
	 70%
	 80%
	 90%
	100%
read 99013928 bytes

ADDS_CONFIG baseline=official_v3 tb_size=768 per_sm=1 blocks=107 suggested_threads=576 cub=toolkit
BENCH_SETUP algorithm=ADDS baseline=official_v3 input_ms=57.694639 reference_ms=408.936940 device_upload_ms=144.777131 workspace_ms=12.103655
float 27.301783, round 32
multi-bag, multi-warp, variant c, wl size is 33554432, linear size is 33554432
MAX_CON_BAG 4, MINI_GRAIN 8, ave_wt 2131.109863, ave_degree 2.439298, delta init 5 (27.301783)
BENCH algorithm=ADDS baseline=official_v3 gpu_count=1 source=1799311 repeat=0 warmup=1 reset_ms=0.099457 parameter_ms=0.047563 solve_ms=42.156155 complete_solve_ms=42.203718 collection_ms=6.746159 query_wall_ms=49.049334 correct=1
float 27.313053, round 32
multi-bag, multi-warp, variant c, wl size is 33554432, linear size is 33554432
MAX_CON_BAG 4, MINI_GRAIN 8, ave_wt 2131.989502, ave_degree 2.439298, delta init 5 (27.313053)
BENCH algorithm=ADDS baseline=official_v3 gpu_count=1 source=1799311 repeat=1 warmup=0 reset_ms=0.087365 parameter_ms=0.038182 solve_ms=39.750413 complete_solve_ms=39.788595 collection_ms=0.841621 query_wall_ms=40.717581 correct=1
float 27.263191, round 32
multi-bag, multi-warp, variant c, wl size is 33554432, linear size is 33554432
MAX_CON_BAG 4, MINI_GRAIN 8, ave_wt 2128.097412, ave_degree 2.439298, delta init 5 (27.263191)
BENCH algorithm=ADDS baseline=official_v3 gpu_count=1 source=1799311 repeat=2 warmup=0 reset_ms=0.090097 parameter_ms=0.034907 solve_ms=39.734109 complete_solve_ms=39.769016 collection_ms=0.989694 query_wall_ms=40.848807 correct=1
float 27.336304, round 32
multi-bag, multi-warp, variant c, wl size is 33554432, linear size is 33554432
MAX_CON_BAG 4, MINI_GRAIN 8, ave_wt 2133.804443, ave_degree 2.439298, delta init 5 (27.336304)
BENCH algorithm=ADDS baseline=official_v3 gpu_count=1 source=1799311 repeat=3 warmup=0 reset_ms=0.086810 parameter_ms=0.031315 solve_ms=39.741393 complete_solve_ms=39.772708 collection_ms=0.990141 query_wall_ms=40.849659 correct=1
float 27.329313, round 32
multi-bag, multi-warp, variant c, wl size is 33554432, linear size is 33554432
MAX_CON_BAG 4, MINI_GRAIN 8, ave_wt 2133.258789, ave_degree 2.439298, delta init 5 (27.329313)
BENCH algorithm=ADDS baseline=official_v3 gpu_count=1 source=1799311 repeat=4 warmup=0 reset_ms=0.088688 parameter_ms=0.029872 solve_ms=39.716779 complete_solve_ms=39.746651 collection_ms=1.256868 query_wall_ms=41.092207 correct=1
float 27.278860, round 32
multi-bag, multi-warp, variant c, wl size is 33554432, linear size is 33554432
MAX_CON_BAG 4, MINI_GRAIN 8, ave_wt 2129.320557, ave_degree 2.439298, delta init 5 (27.278860)
BENCH algorithm=ADDS baseline=official_v3 gpu_count=1 source=1799311 repeat=5 warmup=0 reset_ms=0.092923 parameter_ms=0.036941 solve_ms=39.826521 complete_solve_ms=39.863462 collection_ms=1.386957 query_wall_ms=41.343342 correct=1
ADDS official sssp correct!

RUN_RC=0
HOST_ELAPSED_SECONDS=1.099209
