nnodes=3598623, nedges=9908486.
Host memory for graph: 103 MB
	  1%
	 10%
	 20%
	 30%
	 40%
	 50%
	 60%
	 70%
	 80%
	 90%
	100%
read 108056904 bytes

ADDS_CONFIG baseline=official_v3 tb_size=768 per_sm=1 blocks=107 suggested_threads=576 cub=toolkit
BENCH_SETUP algorithm=ADDS baseline=official_v3 input_ms=65.679424 reference_ms=434.844298 device_upload_ms=146.341771 workspace_ms=12.098623
float 30.414946, round 32
multi-bag, multi-warp, variant c, wl size is 33554432, linear size is 33554432
MAX_CON_BAG 4, MINI_GRAIN 8, ave_wt 2679.834473, ave_degree 2.753410, delta init 5 (30.414946)
BENCH algorithm=ADDS baseline=official_v3 gpu_count=1 source=1799311 repeat=0 warmup=1 reset_ms=0.102362 parameter_ms=0.047647 solve_ms=32.511055 complete_solve_ms=32.558702 collection_ms=6.879965 query_wall_ms=39.541029 correct=1
float 30.425938, round 32
multi-bag, multi-warp, variant c, wl size is 33554432, linear size is 33554432
MAX_CON_BAG 4, MINI_GRAIN 8, ave_wt 2680.802979, ave_degree 2.753410, delta init 5 (30.425938)
BENCH algorithm=ADDS baseline=official_v3 gpu_count=1 source=1799311 repeat=1 warmup=0 reset_ms=0.086813 parameter_ms=0.039685 solve_ms=30.066431 complete_solve_ms=30.106116 collection_ms=0.843123 query_wall_ms=31.036052 correct=1
float 30.503096, round 32
multi-bag, multi-warp, variant c, wl size is 33554432, linear size is 33554432
MAX_CON_BAG 4, MINI_GRAIN 8, ave_wt 2687.601318, ave_degree 2.753410, delta init 5 (30.503096)
BENCH algorithm=ADDS baseline=official_v3 gpu_count=1 source=1799311 repeat=2 warmup=0 reset_ms=0.088829 parameter_ms=0.033972 solve_ms=29.971559 complete_solve_ms=30.005531 collection_ms=0.939863 query_wall_ms=31.034223 correct=1
float 30.465130, round 32
multi-bag, multi-warp, variant c, wl size is 33554432, linear size is 33554432
MAX_CON_BAG 4, MINI_GRAIN 8, ave_wt 2684.256104, ave_degree 2.753410, delta init 5 (30.465130)
BENCH algorithm=ADDS baseline=official_v3 gpu_count=1 source=1799311 repeat=3 warmup=0 reset_ms=0.086693 parameter_ms=0.031587 solve_ms=30.347558 complete_solve_ms=30.379145 collection_ms=1.052493 query_wall_ms=31.518331 correct=1
float 30.357012, round 32
multi-bag, multi-warp, variant c, wl size is 33554432, linear size is 33554432
MAX_CON_BAG 4, MINI_GRAIN 8, ave_wt 2674.729980, ave_degree 2.753410, delta init 5 (30.357012)
BENCH algorithm=ADDS baseline=official_v3 gpu_count=1 source=1799311 repeat=4 warmup=0 reset_ms=0.089619 parameter_ms=0.030172 solve_ms=30.412177 complete_solve_ms=30.442349 collection_ms=1.265588 query_wall_ms=31.797556 correct=1
float 30.416719, round 32
multi-bag, multi-warp, variant c, wl size is 33554432, linear size is 33554432
MAX_CON_BAG 4, MINI_GRAIN 8, ave_wt 2679.990723, ave_degree 2.753410, delta init 5 (30.416719)
BENCH algorithm=ADDS baseline=official_v3 gpu_count=1 source=1799311 repeat=5 warmup=0 reset_ms=0.094205 parameter_ms=0.031816 solve_ms=30.897699 complete_solve_ms=30.929515 collection_ms=1.390076 query_wall_ms=32.413796 correct=1
ADDS official sssp correct!

RUN_RC=0
HOST_ELAPSED_SECONDS=1.075870
