nnodes=264346, nedges=788664.
Host memory for graph:   8 MB
	  1%
	 10%
	 20%
	 30%
	 40%
	 50%
	 60%
	 70%
	 80%
	 90%
	100%
read 8424112 bytes

ADDS_CONFIG baseline=official_v3 tb_size=768 per_sm=1 blocks=107 suggested_threads=576 cub=toolkit
BENCH_SETUP algorithm=ADDS baseline=official_v3 input_ms=6.416246 reference_ms=26.180671 device_upload_ms=136.303028 workspace_ms=11.394648
float 14.855796, round 16
multi-bag, multi-warp, variant c, wl size is 33554432, linear size is 33554432
MAX_CON_BAG 4, MINI_GRAIN 8, ave_wt 1418.290405, ave_degree 2.983454, delta init 4 (14.855796)
BENCH algorithm=ADDS baseline=official_v3 gpu_count=1 source=132173 repeat=0 warmup=1 reset_ms=0.099668 parameter_ms=0.048367 solve_ms=12.271887 complete_solve_ms=12.320254 collection_ms=0.530559 query_wall_ms=12.950481 correct=1
float 14.878539, round 16
multi-bag, multi-warp, variant c, wl size is 33554432, linear size is 33554432
MAX_CON_BAG 4, MINI_GRAIN 8, ave_wt 1420.461792, ave_degree 2.983454, delta init 4 (14.878539)
BENCH algorithm=ADDS baseline=official_v3 gpu_count=1 source=132173 repeat=1 warmup=0 reset_ms=0.079500 parameter_ms=0.033563 solve_ms=9.703943 complete_solve_ms=9.737506 collection_ms=0.108637 query_wall_ms=9.925643 correct=1
float 14.892628, round 16
multi-bag, multi-warp, variant c, wl size is 33554432, linear size is 33554432
MAX_CON_BAG 4, MINI_GRAIN 8, ave_wt 1421.806763, ave_degree 2.983454, delta init 4 (14.892628)
BENCH algorithm=ADDS baseline=official_v3 gpu_count=1 source=132173 repeat=2 warmup=0 reset_ms=0.076665 parameter_ms=0.027389 solve_ms=9.718552 complete_solve_ms=9.745941 collection_ms=0.105534 query_wall_ms=9.928140 correct=1
float 14.874903, round 16
multi-bag, multi-warp, variant c, wl size is 33554432, linear size is 33554432
MAX_CON_BAG 4, MINI_GRAIN 8, ave_wt 1420.114624, ave_degree 2.983454, delta init 4 (14.874903)
BENCH algorithm=ADDS baseline=official_v3 gpu_count=1 source=132173 repeat=3 warmup=0 reset_ms=0.077481 parameter_ms=0.025602 solve_ms=9.729051 complete_solve_ms=9.754653 collection_ms=0.104494 query_wall_ms=9.936628 correct=1
float 14.886572, round 16
multi-bag, multi-warp, variant c, wl size is 33554432, linear size is 33554432
MAX_CON_BAG 4, MINI_GRAIN 8, ave_wt 1421.228638, ave_degree 2.983454, delta init 4 (14.886572)
BENCH algorithm=ADDS baseline=official_v3 gpu_count=1 source=132173 repeat=4 warmup=0 reset_ms=0.078675 parameter_ms=0.024778 solve_ms=9.688576 complete_solve_ms=9.713354 collection_ms=0.104536 query_wall_ms=9.896565 correct=1
float 14.880174, round 16
multi-bag, multi-warp, variant c, wl size is 33554432, linear size is 33554432
MAX_CON_BAG 4, MINI_GRAIN 8, ave_wt 1420.617798, ave_degree 2.983454, delta init 4 (14.880174)
BENCH algorithm=ADDS baseline=official_v3 gpu_count=1 source=132173 repeat=5 warmup=0 reset_ms=0.076502 parameter_ms=0.024799 solve_ms=9.705477 complete_solve_ms=9.730276 collection_ms=0.104790 query_wall_ms=9.911568 correct=1
ADDS official sssp correct!

RUN_RC=0
HOST_ELAPSED_SECONDS=0.436808
