nnodes=435666, nedges=1224504.
Host memory for graph:  12 MB
	  1%
	 10%
	 20%
	 30%
	 40%
	 50%
	 60%
	 70%
	 80%
	 90%
	100%
read 13281392 bytes

ADDS_CONFIG baseline=official_v3 tb_size=768 per_sm=1 blocks=107 suggested_threads=576 cub=toolkit
BENCH_SETUP algorithm=ADDS baseline=official_v3 input_ms=15.275100 reference_ms=47.591370 device_upload_ms=136.208605 workspace_ms=12.036790
float 46.009102, round 32
multi-bag, multi-warp, variant c, wl size is 33554432, linear size is 33554432
MAX_CON_BAG 4, MINI_GRAIN 8, ave_wt 4138.093262, ave_degree 2.810648, delta init 5 (46.009102)
BENCH algorithm=ADDS baseline=official_v3 gpu_count=1 source=217833 repeat=0 warmup=1 reset_ms=0.095067 parameter_ms=0.047455 solve_ms=21.191678 complete_solve_ms=21.239133 collection_ms=0.851858 query_wall_ms=22.186058 correct=1
float 46.173229, round 32
multi-bag, multi-warp, variant c, wl size is 33554432, linear size is 33554432
MAX_CON_BAG 4, MINI_GRAIN 8, ave_wt 4152.854980, ave_degree 2.810648, delta init 5 (46.173229)
BENCH algorithm=ADDS baseline=official_v3 gpu_count=1 source=217833 repeat=1 warmup=0 reset_ms=0.082348 parameter_ms=0.035382 solve_ms=18.402618 complete_solve_ms=18.438000 collection_ms=0.142303 query_wall_ms=18.662651 correct=1
float 46.042927, round 32
multi-bag, multi-warp, variant c, wl size is 33554432, linear size is 33554432
MAX_CON_BAG 4, MINI_GRAIN 8, ave_wt 4141.135254, ave_degree 2.810648, delta init 5 (46.042927)
BENCH algorithm=ADDS baseline=official_v3 gpu_count=1 source=217833 repeat=2 warmup=0 reset_ms=0.078741 parameter_ms=0.027307 solve_ms=18.484868 complete_solve_ms=18.512175 collection_ms=0.146233 query_wall_ms=18.737149 correct=1
float 45.873875, round 32
multi-bag, multi-warp, variant c, wl size is 33554432, linear size is 33554432
MAX_CON_BAG 4, MINI_GRAIN 8, ave_wt 4125.930664, ave_degree 2.810648, delta init 5 (45.873875)
BENCH algorithm=ADDS baseline=official_v3 gpu_count=1 source=217833 repeat=3 warmup=0 reset_ms=0.077962 parameter_ms=0.026098 solve_ms=18.445180 complete_solve_ms=18.471278 collection_ms=0.151316 query_wall_ms=18.700556 correct=1
float 46.127911, round 32
multi-bag, multi-warp, variant c, wl size is 33554432, linear size is 33554432
MAX_CON_BAG 4, MINI_GRAIN 8, ave_wt 4148.778809, ave_degree 2.810648, delta init 5 (46.127911)
BENCH algorithm=ADDS baseline=official_v3 gpu_count=1 source=217833 repeat=4 warmup=0 reset_ms=0.078140 parameter_ms=0.027002 solve_ms=18.424771 complete_solve_ms=18.451773 collection_ms=0.156548 query_wall_ms=18.686461 correct=1
float 45.978539, round 32
multi-bag, multi-warp, variant c, wl size is 33554432, linear size is 33554432
MAX_CON_BAG 4, MINI_GRAIN 8, ave_wt 4135.344238, ave_degree 2.810648, delta init 5 (45.978539)
BENCH algorithm=ADDS baseline=official_v3 gpu_count=1 source=217833 repeat=5 warmup=0 reset_ms=0.078960 parameter_ms=0.026796 solve_ms=18.515256 complete_solve_ms=18.542052 collection_ms=0.161655 query_wall_ms=18.782667 correct=1
ADDS official sssp correct!

RUN_RC=0
HOST_ELAPSED_SECONDS=0.522233
