nnodes=3598623, nedges=9908486.
Host memory for graph: 103 MB
	  1%
	 10%
	 20%
	 30%
	 40%
	 50%
	 60%
	 70%
	 80%
	 90%
	100%
read 108056904 bytes

ADDS_CONFIG baseline=official_v3 tb_size=768 per_sm=1 blocks=107 suggested_threads=576 cub=toolkit
BENCH_SETUP algorithm=ADDS baseline=official_v3 input_ms=68.279946 reference_ms=434.502160 device_upload_ms=152.293886 workspace_ms=12.115408
float 30.357370, round 32
multi-bag, multi-warp, variant c, wl size is 33554432, linear size is 33554432
MAX_CON_BAG 4, MINI_GRAIN 8, ave_wt 2674.761475, ave_degree 2.753410, delta init 5 (30.357370)
BENCH algorithm=ADDS baseline=official_v3 gpu_count=1 source=1799311 repeat=0 warmup=1 reset_ms=0.099948 parameter_ms=0.048697 solve_ms=32.655945 complete_solve_ms=32.704642 collection_ms=6.770460 query_wall_ms=39.575050 correct=1
float 30.371939, round 32
multi-bag, multi-warp, variant c, wl size is 33554432, linear size is 33554432
MAX_CON_BAG 4, MINI_GRAIN 8, ave_wt 2676.045166, ave_degree 2.753410, delta init 5 (30.371939)
BENCH algorithm=ADDS baseline=official_v3 gpu_count=1 source=1799311 repeat=1 warmup=0 reset_ms=0.087203 parameter_ms=0.039116 solve_ms=51.441804 complete_solve_ms=51.480920 collection_ms=0.937901 query_wall_ms=52.506024 correct=1
float 30.485094, round 32
multi-bag, multi-warp, variant c, wl size is 33554432, linear size is 33554432
MAX_CON_BAG 4, MINI_GRAIN 8, ave_wt 2686.015137, ave_degree 2.753410, delta init 5 (30.485094)
BENCH algorithm=ADDS baseline=official_v3 gpu_count=1 source=1799311 repeat=2 warmup=0 reset_ms=0.087910 parameter_ms=0.033043 solve_ms=30.295716 complete_solve_ms=30.328759 collection_ms=1.052401 query_wall_ms=31.469070 correct=1
float 30.399000, round 32
multi-bag, multi-warp, variant c, wl size is 33554432, linear size is 33554432
MAX_CON_BAG 4, MINI_GRAIN 8, ave_wt 2678.429443, ave_degree 2.753410, delta init 5 (30.399000)
BENCH algorithm=ADDS baseline=official_v3 gpu_count=1 source=1799311 repeat=3 warmup=0 reset_ms=0.086766 parameter_ms=0.031885 solve_ms=30.333839 complete_solve_ms=30.365724 collection_ms=1.256705 query_wall_ms=31.709195 correct=1
float 30.497805, round 32
multi-bag, multi-warp, variant c, wl size is 33554432, linear size is 33554432
MAX_CON_BAG 4, MINI_GRAIN 8, ave_wt 2687.135010, ave_degree 2.753410, delta init 5 (30.497805)
BENCH algorithm=ADDS baseline=official_v3 gpu_count=1 source=1799311 repeat=4 warmup=0 reset_ms=0.092680 parameter_ms=0.030135 solve_ms=30.255221 complete_solve_ms=30.285356 collection_ms=1.382374 query_wall_ms=31.760410 correct=1
float 30.463484, round 32
multi-bag, multi-warp, variant c, wl size is 33554432, linear size is 33554432
MAX_CON_BAG 4, MINI_GRAIN 8, ave_wt 2684.111084, ave_degree 2.753410, delta init 5 (30.463484)
BENCH algorithm=ADDS baseline=official_v3 gpu_count=1 source=1799311 repeat=5 warmup=0 reset_ms=0.093822 parameter_ms=0.032348 solve_ms=30.405824 complete_solve_ms=30.438172 collection_ms=1.389966 query_wall_ms=31.921960 correct=1
ADDS official sssp correct!

RUN_RC=0
HOST_ELAPSED_SECONDS=1.106816
