nnodes=3598623, nedges=8778114.
Host memory for graph:  94 MB
	  1%
	 10%
	 20%
	 30%
	 40%
	 50%
	 60%
	 70%
	 80%
	 90%
	100%
read 99013928 bytes

ADDS_CONFIG baseline=official_v3 tb_size=768 per_sm=1 blocks=107 suggested_threads=576 cub=toolkit
BENCH_SETUP algorithm=ADDS baseline=official_v3 input_ms=57.535057 reference_ms=410.667850 device_upload_ms=148.947962 workspace_ms=12.141538
float 27.306906, round 32
multi-bag, multi-warp, variant c, wl size is 33554432, linear size is 33554432
MAX_CON_BAG 4, MINI_GRAIN 8, ave_wt 2131.509766, ave_degree 2.439298, delta init 5 (27.306906)
BENCH algorithm=ADDS baseline=official_v3 gpu_count=1 source=1799311 repeat=0 warmup=1 reset_ms=0.098612 parameter_ms=0.047870 solve_ms=42.032476 complete_solve_ms=42.080346 collection_ms=7.199145 query_wall_ms=49.378103 correct=1
float 27.293921, round 32
multi-bag, multi-warp, variant c, wl size is 33554432, linear size is 33554432
MAX_CON_BAG 4, MINI_GRAIN 8, ave_wt 2130.496094, ave_degree 2.439298, delta init 5 (27.293921)
BENCH algorithm=ADDS baseline=official_v3 gpu_count=1 source=1799311 repeat=1 warmup=0 reset_ms=0.090427 parameter_ms=0.038737 solve_ms=39.573408 complete_solve_ms=39.612145 collection_ms=0.927111 query_wall_ms=40.629683 correct=1
float 27.235529, round 32
multi-bag, multi-warp, variant c, wl size is 33554432, linear size is 33554432
MAX_CON_BAG 4, MINI_GRAIN 8, ave_wt 2125.938232, ave_degree 2.439298, delta init 5 (27.235529)
BENCH algorithm=ADDS baseline=official_v3 gpu_count=1 source=1799311 repeat=2 warmup=0 reset_ms=0.089925 parameter_ms=0.035945 solve_ms=39.851586 complete_solve_ms=39.887531 collection_ms=1.139369 query_wall_ms=41.116825 correct=1
float 27.402538, round 32
multi-bag, multi-warp, variant c, wl size is 33554432, linear size is 33554432
MAX_CON_BAG 4, MINI_GRAIN 8, ave_wt 2138.974609, ave_degree 2.439298, delta init 5 (27.402538)
BENCH algorithm=ADDS baseline=official_v3 gpu_count=1 source=1799311 repeat=3 warmup=0 reset_ms=0.091163 parameter_ms=0.034268 solve_ms=40.435902 complete_solve_ms=40.470170 collection_ms=1.391410 query_wall_ms=41.952743 correct=1
float 27.300081, round 32
multi-bag, multi-warp, variant c, wl size is 33554432, linear size is 33554432
MAX_CON_BAG 4, MINI_GRAIN 8, ave_wt 2130.977051, ave_degree 2.439298, delta init 5 (27.300081)
BENCH algorithm=ADDS baseline=official_v3 gpu_count=1 source=1799311 repeat=4 warmup=0 reset_ms=0.097317 parameter_ms=0.032893 solve_ms=39.567039 complete_solve_ms=39.599932 collection_ms=1.384513 query_wall_ms=41.081762 correct=1
float 27.281244, round 32
multi-bag, multi-warp, variant c, wl size is 33554432, linear size is 33554432
MAX_CON_BAG 4, MINI_GRAIN 8, ave_wt 2129.506592, ave_degree 2.439298, delta init 5 (27.281244)
BENCH algorithm=ADDS baseline=official_v3 gpu_count=1 source=1799311 repeat=5 warmup=0 reset_ms=0.096228 parameter_ms=0.034468 solve_ms=39.670384 complete_solve_ms=39.704852 collection_ms=1.386096 query_wall_ms=41.187176 correct=1
ADDS official sssp correct!

RUN_RC=0
HOST_ELAPSED_SECONDS=1.104654
