nnodes=1070376, nedges=2712798.
Host memory for graph:  28 MB
	  1%
	 10%
	 20%
	 30%
	 40%
	 50%
	 60%
	 70%
	 80%
	 90%
	100%
read 30265424 bytes

ADDS_CONFIG baseline=official_v3 tb_size=768 per_sm=1 blocks=107 suggested_threads=576 cub=toolkit
BENCH_SETUP algorithm=ADDS baseline=official_v3 input_ms=17.723956 reference_ms=102.232400 device_upload_ms=138.493702 workspace_ms=12.069995
float 25.927179, round 32
multi-bag, multi-warp, variant c, wl size is 33554432, linear size is 33554432
MAX_CON_BAG 4, MINI_GRAIN 8, ave_wt 2102.743652, ave_degree 2.534435, delta init 5 (25.927179)
BENCH algorithm=ADDS baseline=official_v3 gpu_count=1 source=0 repeat=0 warmup=1 reset_ms=0.094365 parameter_ms=0.047650 solve_ms=57.147914 complete_solve_ms=57.195564 collection_ms=2.186533 query_wall_ms=59.476462 correct=1
float 25.931105, round 32
multi-bag, multi-warp, variant c, wl size is 33554432, linear size is 33554432
MAX_CON_BAG 4, MINI_GRAIN 8, ave_wt 2103.062012, ave_degree 2.534435, delta init 5 (25.931105)
BENCH algorithm=ADDS baseline=official_v3 gpu_count=1 source=0 repeat=1 warmup=0 reset_ms=0.085168 parameter_ms=0.038156 solve_ms=54.638607 complete_solve_ms=54.676763 collection_ms=0.339354 query_wall_ms=55.101285 correct=1
float 25.951653, round 32
multi-bag, multi-warp, variant c, wl size is 33554432, linear size is 33554432
MAX_CON_BAG 4, MINI_GRAIN 8, ave_wt 2104.728516, ave_degree 2.534435, delta init 5 (25.951653)
BENCH algorithm=ADDS baseline=official_v3 gpu_count=1 source=0 repeat=2 warmup=0 reset_ms=0.087041 parameter_ms=0.032878 solve_ms=54.708938 complete_solve_ms=54.741816 collection_ms=0.432308 query_wall_ms=55.261165 correct=1
float 25.838448, round 32
multi-bag, multi-warp, variant c, wl size is 33554432, linear size is 33554432
MAX_CON_BAG 4, MINI_GRAIN 8, ave_wt 2095.547363, ave_degree 2.534435, delta init 5 (25.838448)
BENCH algorithm=ADDS baseline=official_v3 gpu_count=1 source=0 repeat=3 warmup=0 reset_ms=0.087521 parameter_ms=0.030911 solve_ms=54.575496 complete_solve_ms=54.606407 collection_ms=0.434391 query_wall_ms=55.128319 correct=1
float 25.895248, round 32
multi-bag, multi-warp, variant c, wl size is 33554432, linear size is 33554432
MAX_CON_BAG 4, MINI_GRAIN 8, ave_wt 2100.154053, ave_degree 2.534435, delta init 5 (25.895248)
BENCH algorithm=ADDS baseline=official_v3 gpu_count=1 source=0 repeat=4 warmup=0 reset_ms=0.099403 parameter_ms=0.030404 solve_ms=55.195324 complete_solve_ms=55.225728 collection_ms=0.433763 query_wall_ms=55.758894 correct=1
float 25.965536, round 32
multi-bag, multi-warp, variant c, wl size is 33554432, linear size is 33554432
MAX_CON_BAG 4, MINI_GRAIN 8, ave_wt 2105.854492, ave_degree 2.534435, delta init 5 (25.965536)
BENCH algorithm=ADDS baseline=official_v3 gpu_count=1 source=0 repeat=5 warmup=0 reset_ms=0.090716 parameter_ms=0.031360 solve_ms=54.765905 complete_solve_ms=54.797265 collection_ms=0.437148 query_wall_ms=55.325129 correct=1
ADDS official sssp correct!

RUN_RC=0
HOST_ELAPSED_SECONDS=0.807497
