nnodes=264346, nedges=730100.
Host memory for graph:   7 MB
	  1%
	 10%
	 20%
	 30%
	 40%
	 50%
	 60%
	 70%
	 80%
	 90%
	100%
read 7955600 bytes

ADDS_CONFIG baseline=official_v3 tb_size=768 per_sm=1 blocks=107 suggested_threads=576 cub=toolkit
BENCH_SETUP algorithm=ADDS baseline=official_v3 input_ms=7.444245 reference_ms=24.909469 device_upload_ms=142.766009 workspace_ms=11.397993
float 14.569376, round 16
multi-bag, multi-warp, variant c, wl size is 33554432, linear size is 33554432
MAX_CON_BAG 4, MINI_GRAIN 8, ave_wt 1287.657959, ave_degree 2.761910, delta init 4 (14.569376)
BENCH algorithm=ADDS baseline=official_v3 gpu_count=1 source=132173 repeat=0 warmup=1 reset_ms=0.099866 parameter_ms=0.048111 solve_ms=13.264082 complete_solve_ms=13.312193 collection_ms=0.534054 query_wall_ms=13.946113 correct=1
float 14.577482, round 16
multi-bag, multi-warp, variant c, wl size is 33554432, linear size is 33554432
MAX_CON_BAG 4, MINI_GRAIN 8, ave_wt 1288.374390, ave_degree 2.761910, delta init 4 (14.577482)
BENCH algorithm=ADDS baseline=official_v3 gpu_count=1 source=132173 repeat=1 warmup=0 reset_ms=0.080390 parameter_ms=0.033908 solve_ms=10.664104 complete_solve_ms=10.698012 collection_ms=0.111641 query_wall_ms=10.890043 correct=1
float 14.576106, round 16
multi-bag, multi-warp, variant c, wl size is 33554432, linear size is 33554432
MAX_CON_BAG 4, MINI_GRAIN 8, ave_wt 1288.252808, ave_degree 2.761910, delta init 4 (14.576106)
BENCH algorithm=ADDS baseline=official_v3 gpu_count=1 source=132173 repeat=2 warmup=0 reset_ms=0.078399 parameter_ms=0.026958 solve_ms=10.495372 complete_solve_ms=10.522330 collection_ms=0.108460 query_wall_ms=10.709189 correct=1
float 14.582452, round 16
multi-bag, multi-warp, variant c, wl size is 33554432, linear size is 33554432
MAX_CON_BAG 4, MINI_GRAIN 8, ave_wt 1288.813599, ave_degree 2.761910, delta init 4 (14.582452)
BENCH algorithm=ADDS baseline=official_v3 gpu_count=1 source=132173 repeat=3 warmup=0 reset_ms=0.076578 parameter_ms=0.025190 solve_ms=10.650833 complete_solve_ms=10.676023 collection_ms=0.106834 query_wall_ms=10.859435 correct=1
float 14.570825, round 16
multi-bag, multi-warp, variant c, wl size is 33554432, linear size is 33554432
MAX_CON_BAG 4, MINI_GRAIN 8, ave_wt 1287.786011, ave_degree 2.761910, delta init 4 (14.570825)
BENCH algorithm=ADDS baseline=official_v3 gpu_count=1 source=132173 repeat=4 warmup=0 reset_ms=0.077084 parameter_ms=0.025212 solve_ms=10.523600 complete_solve_ms=10.548812 collection_ms=0.106691 query_wall_ms=10.732587 correct=1
float 14.570035, round 16
multi-bag, multi-warp, variant c, wl size is 33554432, linear size is 33554432
MAX_CON_BAG 4, MINI_GRAIN 8, ave_wt 1287.716187, ave_degree 2.761910, delta init 4 (14.570035)
BENCH algorithm=ADDS baseline=official_v3 gpu_count=1 source=132173 repeat=5 warmup=0 reset_ms=0.076663 parameter_ms=0.025331 solve_ms=10.680587 complete_solve_ms=10.705918 collection_ms=0.107226 query_wall_ms=10.889807 correct=1
ADDS official sssp correct!

RUN_RC=0
HOST_ELAPSED_SECONDS=0.448338
