nnodes=264346, nedges=788664.
Host memory for graph:   8 MB
	  1%
	 10%
	 20%
	 30%
	 40%
	 50%
	 60%
	 70%
	 80%
	 90%
	100%
read 8424112 bytes

ADDS_CONFIG baseline=official_v3 tb_size=768 per_sm=1 blocks=107 suggested_threads=576 cub=toolkit
BENCH_SETUP algorithm=ADDS baseline=official_v3 input_ms=6.208313 reference_ms=25.630947 device_upload_ms=137.983596 workspace_ms=11.395804
float 14.884512, round 16
multi-bag, multi-warp, variant c, wl size is 33554432, linear size is 33554432
MAX_CON_BAG 4, MINI_GRAIN 8, ave_wt 1421.031982, ave_degree 2.983454, delta init 4 (14.884512)
BENCH algorithm=ADDS baseline=official_v3 gpu_count=1 source=132173 repeat=0 warmup=1 reset_ms=0.100004 parameter_ms=0.048920 solve_ms=12.313836 complete_solve_ms=12.362756 collection_ms=0.534954 query_wall_ms=12.997714 correct=1
float 14.870807, round 16
multi-bag, multi-warp, variant c, wl size is 33554432, linear size is 33554432
MAX_CON_BAG 4, MINI_GRAIN 8, ave_wt 1419.723511, ave_degree 2.983454, delta init 4 (14.870807)
BENCH algorithm=ADDS baseline=official_v3 gpu_count=1 source=132173 repeat=1 warmup=0 reset_ms=0.080858 parameter_ms=0.034964 solve_ms=9.701716 complete_solve_ms=9.736680 collection_ms=0.111331 query_wall_ms=9.928869 correct=1
float 14.873634, round 16
multi-bag, multi-warp, variant c, wl size is 33554432, linear size is 33554432
MAX_CON_BAG 4, MINI_GRAIN 8, ave_wt 1419.993530, ave_degree 2.983454, delta init 4 (14.873634)
BENCH algorithm=ADDS baseline=official_v3 gpu_count=1 source=132173 repeat=2 warmup=0 reset_ms=0.078293 parameter_ms=0.027184 solve_ms=9.713237 complete_solve_ms=9.740421 collection_ms=0.109405 query_wall_ms=9.928119 correct=1
float 14.893042, round 16
multi-bag, multi-warp, variant c, wl size is 33554432, linear size is 33554432
MAX_CON_BAG 4, MINI_GRAIN 8, ave_wt 1421.846313, ave_degree 2.983454, delta init 4 (14.893042)
BENCH algorithm=ADDS baseline=official_v3 gpu_count=1 source=132173 repeat=3 warmup=0 reset_ms=0.076682 parameter_ms=0.025143 solve_ms=9.727013 complete_solve_ms=9.752156 collection_ms=0.107601 query_wall_ms=9.936439 correct=1
float 14.880479, round 16
multi-bag, multi-warp, variant c, wl size is 33554432, linear size is 33554432
MAX_CON_BAG 4, MINI_GRAIN 8, ave_wt 1420.646973, ave_degree 2.983454, delta init 4 (14.880479)
BENCH algorithm=ADDS baseline=official_v3 gpu_count=1 source=132173 repeat=4 warmup=0 reset_ms=0.077380 parameter_ms=0.025280 solve_ms=9.744644 complete_solve_ms=9.769924 collection_ms=0.107536 query_wall_ms=9.954840 correct=1
float 14.889620, round 16
multi-bag, multi-warp, variant c, wl size is 33554432, linear size is 33554432
MAX_CON_BAG 4, MINI_GRAIN 8, ave_wt 1421.519653, ave_degree 2.983454, delta init 4 (14.889620)
BENCH algorithm=ADDS baseline=official_v3 gpu_count=1 source=132173 repeat=5 warmup=0 reset_ms=0.076719 parameter_ms=0.025068 solve_ms=9.634211 complete_solve_ms=9.659279 collection_ms=0.107109 query_wall_ms=9.843107 correct=1
ADDS official sssp correct!

RUN_RC=0
HOST_ELAPSED_SECONDS=0.438254
