/mnt/709/data3/home/Dingzhong/src/mlmq_ppopp26/tmp/l3_supplement_20260921_v2/graphs/BAY/augmented.gr
Graph name: /mnt/709/data3/home/Dingzhong/src/mlmq_ppopp26/tmp/l3_supplement_20260921_v2/graphs/BAY/augmented.gr
nGPU: 2
sources: 1
delta override: 200000
nnodes=321270, nedges=884786.
Host memory for graph:   9 MB
	  1%
	 11%
	 21%
	 31%
	 41%
	 51%
	 61%
	 71%
	 81%
	 91%
MLMQ BENCH failure: worker geometry requires one resident block per SM
Invalid MLMQ_WORK_BLOCKS=107; expected [1,-1]
Maximum degree: 12
ADAPTIVE-Q: cross_ratio=0.0549% < 0.0700% -> L1V_L2DQ
----------Graph information----------
number of vertices 321270 number of edges 884786
average nnz 2.75 maximum nnz 12.00 deviation nnz 1.28
average weight 1942.23 maximum weight 201076.00 deviation weight 3397.61 
-------------------------------------
CPU done!
CPU total work count 884786
CPU sequential time 30.95 ms
GPU0 partition: [0, 160635) v_local=160635 nedges=433835
GPU1 partition: [160635, 321270) v_local=160635 nedges=450951
L3_BOUNDARY_INDEX gpu=0 dense_words=5020 boundary_words=126 indexed=1 build_ms=1.987250
L3_BOUNDARY_INDEX gpu=1 dense_words=5020 boundary_words=115 indexed=1 build_ms=1.667751
GPU begin!
BENCH_SETUP algorithm=MLMQ input_ms=6.183919 reference_ms=30.955000 initialization_other_ms=334.251285 setup_wall_ms=371.390204
L2_CAPACITY budget=2147483647 record_bytes=8 buckets=16 per_bucket=16776704 allocated_records=268435455 counter_bits=32
QUERY_REUSE gpu0 src=160635 reset=1 free=78586.94MiB min=78586.94MiB max=78586.94MiB
L2_CAPACITY budget=2147483647 record_bytes=8 buckets=16 per_bucket=16776704 allocated_records=268435455 counter_bits=32
QUERY_REUSE gpu1 src=160635 reset=1 free=78586.94MiB min=78586.94MiB max=78586.94MiB
L3_CONFIG gpu=0 work_blocks=107 delta=200000 worker_recovery=1 term_wait_ack=1 rx_priority_bootstrap=0 rx_express=0 rx_express_enabled=0 rx_express_slots=64 rx_express_batch=32 rx_l2_pull=0 rx_l2_pull_claim=0 rx_l2_pull_enabled=0

RUN_RC=2
HOST_ELAPSED_SECONDS=0.795553
