/mnt/709/data3/home/Dingzhong/src/mlmq_ppopp26/tmp/l3_supplement_20260921_v2/graphs/BAY/augmented.gr
Graph name: /mnt/709/data3/home/Dingzhong/src/mlmq_ppopp26/tmp/l3_supplement_20260921_v2/graphs/BAY/augmented.gr
nnodes=321270, nedges=884786.
Host memory for graph:   9 MB
	  1%
	 11%
	 21%
	 31%
	 41%
	 51%
	 61%
	 71%
	 81%
	 91%
NO_L3 CUDA error: too many resources requested for launch
Maximum degree: 12
----------Graph information----------
number of vertices 321270 number of edges 884786
average nnz 2.75 maximum nnz 12.00 deviation nnz 1.28
average weight 1942.23 maximum weight 201076.00 deviation weight 3397.61 
-------------------------------------
CPU done!
CPU total work count 884786
CPU sequential time 30.68 ms
GPU begin!
NO_L3_CONFIG workers=512 delta=200000 queue=L1SLF_L2DQ
L2_CAPACITY budget=2147483647 record_bytes=8 buckets=16 per_bucket=16776704 allocated_records=268435455 counter_bits=32
shm_size 68608 qshm_size 19456 nshm_size 16384 rshm_size 32768

RUN_RC=2
HOST_ELAPSED_SECONDS=0.613215
