/mnt/709/data3/home/Dingzhong/src/mlmq_ppopp26/tmp/landmark206_matrix/CAL/landmark.gr
Graph name: /mnt/709/data3/home/Dingzhong/src/mlmq_ppopp26/tmp/landmark206_matrix/CAL/landmark.gr
nnodes=1890815, nedges=4657742.
Host memory for graph:  49 MB
	  1%
	 10%
	 20%
	 30%
	 40%
	 50%
	 60%
	 70%
	 80%
	 90%
	100%
NO_L3 CUDA error: too many resources requested for launch
Maximum degree: 8
----------Graph information----------
number of vertices 1890815 number of edges 4657742
average nnz 2.46 maximum nnz 8.00 deviation nnz 0.94
average weight 2698.90 maximum weight 215354.00 deviation weight 4248.52 
-------------------------------------
CPU done!
CPU total work count 4657742
CPU sequential time 195.13 ms
GPU begin!
NO_L3_CONFIG workers=512 delta=200000 queue=L1SLF_L2DQ
L2_CAPACITY budget=2147483647 record_bytes=8 buckets=16 per_bucket=16776704 allocated_records=268435455 counter_bits=32
shm_size 68608 qshm_size 19456 nshm_size 16384 rshm_size 32768

RUN_RC=2
HOST_ELAPSED_SECONDS=0.842667
