/mnt/709/data3/home/Dingzhong/src/mlmq_ppopp26/tmp/l3_supplement_20260921_v2/graphs/CAL/augmented.gr
Graph name: /mnt/709/data3/home/Dingzhong/src/mlmq_ppopp26/tmp/l3_supplement_20260921_v2/graphs/CAL/augmented.gr
nGPU: 2
sources: 1
delta override: 200000
nnodes=1890815, nedges=5297314.
Host memory for graph:  54 MB
	  1%
	 10%
	 20%
	 30%
	 40%
	 50%
	 60%
	 70%
	 80%
	 90%
	100%
MLMQ BENCH failure: worker geometry requires one resident block per SM
Invalid MLMQ_WORK_BLOCKS=107; expected [1,-1]
Maximum degree: 12
ADAPTIVE-Q: cross_ratio=0.0110% < 0.0700% -> L1V_L2DQ
----------Graph information----------
number of vertices 1890815 number of edges 5297314
average nnz 2.80 maximum nnz 12.00 deviation nnz 1.33
average weight 3405.73 maximum weight 414359.00 deviation weight 6206.85 
-------------------------------------
CPU done!
CPU total work count 5297314
CPU sequential time 208.10 ms
GPU0 partition: [0, 945407) v_local=945407 nedges=2609356
GPU1 partition: [945407, 1890815) v_local=945408 nedges=2687958
L3_BOUNDARY_INDEX gpu=0 dense_words=29544 boundary_words=193 indexed=1 build_ms=2.626706
L3_BOUNDARY_INDEX gpu=1 dense_words=29544 boundary_words=180 indexed=1 build_ms=2.590645
GPU begin!
BENCH_SETUP algorithm=MLMQ input_ms=36.432150 reference_ms=208.102005 initialization_other_ms=417.633312 setup_wall_ms=662.167467
L2_CAPACITY budget=2147483647 record_bytes=8 buckets=16 per_bucket=16776704 allocated_records=268435455 counter_bits=32
L2_CAPACITY budget=2147483647 record_bytes=8 buckets=16 per_bucket=16776704 allocated_records=268435455 counter_bits=32
QUERY_REUSE gpu0 src=945407 reset=1 free=78522.94MiB min=78522.94MiB max=78522.94MiB
QUERY_REUSE gpu1 src=945407 reset=1 free=78518.94MiB min=78518.94MiB max=78518.94MiB
L3_CONFIG gpu=0 work_blocks=107 delta=200000 worker_recovery=1 term_wait_ack=1 rx_priority_bootstrap=0 rx_express=0 rx_express_enabled=0 rx_express_slots=64 rx_express_batch=32 rx_l2_pull=0 rx_l2_pull_claim=0 rx_l2_pull_enabled=0

RUN_RC=2
HOST_ELAPSED_SECONDS=1.092286
