/mnt/709/data3/home/Dingzhong/src/mlmq_ppopp26/tmp/landmark206_matrix/COL/landmark.gr
Graph name: /mnt/709/data3/home/Dingzhong/src/mlmq_ppopp26/tmp/landmark206_matrix/COL/landmark.gr
nnodes=435666, nedges=1057066.
Host memory for graph:  11 MB
	  1%
	 10%
	 20%
	 30%
	 40%
	 50%
	 60%
	 70%
	 80%
	 90%
	100%
NO_L3 CUDA error: too many resources requested for launch
Maximum degree: 8
----------Graph information----------
number of vertices 435666 number of edges 1057066
average nnz 2.43 maximum nnz 8.00 deviation nnz 0.94
average weight 3499.47 maximum weight 137384.00 deviation weight 5374.80 
-------------------------------------
CPU done!
CPU total work count 1057066
CPU sequential time 39.41 ms
GPU begin!
NO_L3_CONFIG workers=512 delta=200000 queue=L1SLF_L2DQ
L2_CAPACITY budget=2147483647 record_bytes=8 buckets=16 per_bucket=16776704 allocated_records=268435455 counter_bits=32
shm_size 68608 qshm_size 19456 nshm_size 16384 rshm_size 32768

RUN_RC=2
HOST_ELAPSED_SECONDS=0.624939
