/mnt/709/data3/home/Dingzhong/src/mlmq_ppopp26/tmp/l3_supplement_20260921_v2/graphs/COL/augmented.gr
Graph name: /mnt/709/data3/home/Dingzhong/src/mlmq_ppopp26/tmp/l3_supplement_20260921_v2/graphs/COL/augmented.gr
nGPU: 2
sources: 1
delta override: 200000
nnodes=435666, nedges=1224504.
Host memory for graph:  12 MB
	  1%
	 10%
	 20%
	 30%
	 40%
	 50%
	 60%
	 70%
	 80%
	 90%
	100%
MLMQ BENCH failure: worker geometry requires one resident block per SM
Maximum degree: 12
----------Graph information----------
number of vertices 435666 number of edges 1224504
average nnz 2.81 maximum nnz 12.00 deviation nnz 1.38
average weight 4541.90 maximum weight 276628.00 deviation weight 7662.35 
-------------------------------------
CPU done!
CPU total work count 1224504
CPU sequential time 42.26 ms
GPU0 partition: [0, 239616) v_local=239616 nedges=671316
GPU1 partition: [239616, 435666) v_local=196050 nedges=553188
L3_BOUNDARY_INDEX gpu=0 dense_words=6127 boundary_words=117 indexed=1 build_ms=2.048442
L3_BOUNDARY_INDEX gpu=1 dense_words=7488 boundary_words=124 indexed=1 build_ms=1.729001
GPU begin!
BENCH_SETUP algorithm=MLMQ input_ms=8.381179 reference_ms=42.264999 initialization_other_ms=341.645373 setup_wall_ms=392.291551
L2_CAPACITY budget=2147483647 record_bytes=8 buckets=16 per_bucket=16776704 allocated_records=268435455 counter_bits=32
L2_CAPACITY budget=2147483647 record_bytes=8 buckets=16 per_bucket=16776704 allocated_records=268435455 counter_bits=32
QUERY_REUSE gpu1 src=217833 reset=1 free=78580.94MiB min=78580.94MiB max=78580.94MiB
QUERY_REUSE gpu0 src=217833 reset=1 free=78580.94MiB min=78580.94MiB max=78580.94MiB
L3_CONFIG gpu=1 work_blocks=107 delta=200000 worker_recovery=1 term_wait_ack=1 rx_priority_bootstrap=0 rx_express=0 rx_express_enabled=0 rx_express_slots=64 rx_express_batch=32 rx_l2_pull=0 rx_l2_pull_claim=0 rx_l2_pull_enabled=0

RUN_RC=2
HOST_ELAPSED_SECONDS=0.817012
