/mnt/709/data3/home/Dingzhong/src/mlmq_ppopp26/tmp/landmark206_matrix/FLA/landmark.gr
Graph name: /mnt/709/data3/home/Dingzhong/src/mlmq_ppopp26/tmp/landmark206_matrix/FLA/landmark.gr
nGPU: 2
sources: 1
delta override: 200000
nnodes=1070376, nedges=2712798.
Host memory for graph:  28 MB
	  1%
	 10%
	 20%
	 30%
	 40%
	 50%
	 60%
	 70%
	 80%
	 90%
	100%
MLMQ BENCH failure: worker geometry requires one resident block per SM
Maximum degree: 8
ADAPTIVE-Q: cross_ratio=0.0405% < 0.0700% -> L1V_L2DQ
----------Graph information----------
number of vertices 1070376 number of edges 2712798
average nnz 2.53 maximum nnz 8.00 deviation nnz 0.96
average weight 2045.44 maximum weight 214013.00 deviation weight 2916.87 
-------------------------------------
CPU done!
CPU total work count 2712798
CPU sequential time 98.12 ms
GPU0 partition: [0, 535188) v_local=535188 nedges=1359356
GPU1 partition: [535188, 1070376) v_local=535188 nedges=1353442
L3_BOUNDARY_INDEX gpu=0 dense_words=16725 boundary_words=217 indexed=1 build_ms=2.202567
L3_BOUNDARY_INDEX gpu=1 dense_words=16725 boundary_words=214 indexed=1 build_ms=1.600256
GPU begin!
BENCH_SETUP algorithm=MLMQ input_ms=17.482432 reference_ms=98.122002 initialization_other_ms=366.853426 setup_wall_ms=482.457860
L2_CAPACITY budget=2147483647 record_bytes=8 buckets=16 per_bucket=16776704 allocated_records=268435455 counter_bits=32
L2_CAPACITY budget=2147483647 record_bytes=8 buckets=16 per_bucket=16776704 allocated_records=268435455 counter_bits=32
QUERY_REUSE gpu0 src=0 reset=1 free=78544.94MiB min=78544.94MiB max=78544.94MiB
QUERY_REUSE gpu1 src=0 reset=1 free=78544.94MiB min=78544.94MiB max=78544.94MiB
L3_CONFIG gpu=0 work_blocks=107 delta=200000 worker_recovery=1 term_wait_ack=1 rx_priority_bootstrap=0 rx_express=0 rx_express_enabled=0 rx_express_slots=64 rx_express_batch=32 rx_l2_pull=0 rx_l2_pull_claim=0 rx_l2_pull_enabled=0

RUN_RC=2
HOST_ELAPSED_SECONDS=0.910358
