/mnt/709/data3/home/Dingzhong/src/mlmq_ppopp26/tmp/l3_supplement_20260921_v2/graphs/NY/augmented.gr
Graph name: /mnt/709/data3/home/Dingzhong/src/mlmq_ppopp26/tmp/l3_supplement_20260921_v2/graphs/NY/augmented.gr
nnodes=264346, nedges=788664.
Host memory for graph:   8 MB
	  1%
	 10%
	 20%
	 30%
	 40%
	 50%
	 60%
	 70%
	 80%
	 90%
	100%
NO_L3 CUDA error: too many resources requested for launch
Maximum degree: 12
----------Graph information----------
number of vertices 264346 number of edges 788664
average nnz 2.98 maximum nnz 12.00 deviation nnz 1.19
average weight 1432.17 maximum weight 77053.00 deviation weight 1517.65 
-------------------------------------
CPU done!
CPU total work count 788664
CPU sequential time 25.47 ms
GPU begin!
NO_L3_CONFIG workers=512 delta=200000 queue=L1SLF_L2DQ
L2_CAPACITY budget=2147483647 record_bytes=8 buckets=16 per_bucket=16776704 allocated_records=268435455 counter_bits=32
shm_size 68608 qshm_size 19456 nshm_size 16384 rshm_size 32768

RUN_RC=2
HOST_ELAPSED_SECONDS=0.626352
