/mnt/709/data3/home/Dingzhong/src/mlmq_ppopp26/tmp/landmark206_matrix/USA/landmark.gr
Graph name: /mnt/709/data3/home/Dingzhong/src/mlmq_ppopp26/tmp/landmark206_matrix/USA/landmark.gr
nnodes=23947347, nedges=57708624.
Host memory for graph: 622 MB
	  1%
	 10%
	 20%
	 30%
	 40%
	 50%
	 60%
	 70%
	 80%
	 90%
	100%
NO_L3 CUDA error: too many resources requested for launch
Maximum degree: 9
----------Graph information----------
number of vertices 23947347 number of edges 57708624
average nnz 2.44 maximum nnz 9.00 deviation nnz 0.85
average weight 2285.73 maximum weight 368855.00 deviation weight 3901.49 
-------------------------------------
CPU done!
CPU total work count 57708624
CPU sequential time 3162.97 ms
GPU begin!
NO_L3_CONFIG workers=512 delta=200000 queue=L1SLF_L2DQ
L2_CAPACITY budget=2147483647 record_bytes=8 buckets=16 per_bucket=16776704 allocated_records=268435455 counter_bits=32
shm_size 68608 qshm_size 19456 nshm_size 16384 rshm_size 32768

RUN_RC=2
HOST_ELAPSED_SECONDS=4.727493
