/mnt/709/data3/home/Dingzhong/src/mlmq_ppopp26/tmp/landmark206_matrix/W/landmark.gr
Graph name: /mnt/709/data3/home/Dingzhong/src/mlmq_ppopp26/tmp/landmark206_matrix/W/landmark.gr
nnodes=6262104, nedges=15248146.
Host memory for graph: 164 MB
	  1%
	 10%
	 20%
	 30%
	 40%
	 50%
	 60%
	 70%
	 80%
	 90%
	100%
NO_L3 CUDA error: too many resources requested for launch
Maximum degree: 9
----------Graph information----------
number of vertices 6262104 number of edges 15248146
average nnz 2.43 maximum nnz 9.00 deviation nnz 0.93
average weight 3587.62 maximum weight 368855.00 deviation weight 5270.09 
-------------------------------------
CPU done!
CPU total work count 15248146
CPU sequential time 746.05 ms
GPU begin!
NO_L3_CONFIG workers=512 delta=200000 queue=L1SLF_L2DQ
L2_CAPACITY budget=2147483647 record_bytes=8 buckets=16 per_bucket=16776704 allocated_records=268435455 counter_bits=32
shm_size 68608 qshm_size 19456 nshm_size 16384 rshm_size 32768

RUN_RC=2
HOST_ELAPSED_SECONDS=1.575100
