/mnt/709/data3/home/Dingzhong/src/mlmq_ppopp26/tmp/l3_supplement_20260921_v2/graphs/W/augmented.gr
Graph name: /mnt/709/data3/home/Dingzhong/src/mlmq_ppopp26/tmp/l3_supplement_20260921_v2/graphs/W/augmented.gr
nGPU: 2
sources: 1
delta override: 200000
nnodes=6262104, nedges=17557344.
Host memory for graph: 181 MB
	  1%
	 10%
	 20%
	 30%
	 40%
	 50%
	 60%
	 70%
	 80%
	 90%
	100%
MLMQ BENCH failure: worker geometry requires one resident block per SM
Maximum degree: 14
ADAPTIVE-Q: cross_ratio=0.0477% < 0.0700% -> L1V_L2DQ
----------Graph information----------
number of vertices 6262104 number of edges 17557344
average nnz 2.80 maximum nnz 14.00 deviation nnz 1.35
average weight 4467.20 maximum weight 533146.00 deviation weight 7270.79 
-------------------------------------
CPU done!
CPU total work count 17557344
CPU sequential time 791.15 ms
GPU0 partition: [0, 2504841) v_local=2504841 nedges=6977534
GPU1 partition: [2504841, 6262104) v_local=3757263 nedges=10579810
L3_BOUNDARY_INDEX gpu=0 dense_words=117415 boundary_words=510 indexed=1 build_ms=5.959804
L3_BOUNDARY_INDEX gpu=1 dense_words=78277 boundary_words=498 indexed=1 build_ms=8.839979
GPU begin!
BENCH_SETUP algorithm=MLMQ input_ms=118.280802 reference_ms=791.151001 initialization_other_ms=636.697785 setup_wall_ms=1546.129588
L2_CAPACITY budget=2147483647 record_bytes=8 buckets=16 per_bucket=16776704 allocated_records=268435455 counter_bits=32
L2_CAPACITY budget=2147483647 record_bytes=8 buckets=16 per_bucket=16776704 allocated_records=268435455 counter_bits=32
QUERY_REUSE gpu1 src=3131052 reset=1 free=78324.94MiB min=78324.94MiB max=78324.94MiB
QUERY_REUSE gpu0 src=3131052 reset=1 free=78366.94MiB min=78366.94MiB max=78366.94MiB
L3_CONFIG gpu=1 work_blocks=107 delta=200000 worker_recovery=1 term_wait_ack=1 rx_priority_bootstrap=0 rx_express=0 rx_express_enabled=0 rx_express_slots=64 rx_express_batch=32 rx_l2_pull=0 rx_l2_pull_claim=0 rx_l2_pull_enabled=0

RUN_RC=2
HOST_ELAPSED_SECONDS=1.986934
