/mnt/a100/data1/Dingzhong/mlmq/data/sssp-int/atmosmodm.gr
Graph name: /mnt/a100/data1/Dingzhong/mlmq/data/sssp-int/atmosmodm.gr
nGPU: 2
sources: 1
delta override: 200000
nnodes=1489752, nedges=10319760.
Host memory for graph:  90 MB
	  1%
	 10%
	 20%
	 30%
	 40%
	 50%
	 60%
	 70%
	 80%
	 90%
	100%
Maximum degree: 7
----------Graph information----------
number of vertices 1489752 number of edges 10319760
average nnz 6.93 maximum nnz 7.00 deviation nnz 0.26
average weight 898470.25 maximum weight 3201404.00 deviation weight 1153663.62 
-------------------------------------
CPU done!
CPU total work count 10319760
CPU sequential time 112.39 ms
GPU0 partition: [0, 744876) v_local=744876 nedges=5159880
GPU1 partition: [744876, 1489752) v_local=744876 nedges=5159880
L3_BOUNDARY_INDEX gpu=0 dense_words=23278 boundary_words=1226 indexed=1 build_ms=5.181956
L3_BOUNDARY_INDEX gpu=1 dense_words=23278 boundary_words=1226 indexed=1 build_ms=5.140287
GPU begin!
BENCH_SETUP algorithm=MLMQ input_ms=46.744539 reference_ms=112.385002 initialization_other_ms=457.707516 setup_wall_ms=616.837057
L2_CAPACITY budget=2147483647 record_bytes=8 buckets=16 per_bucket=16776704 allocated_records=268435455 counter_bits=32
L2_CAPACITY budget=2147483647 record_bytes=8 buckets=16 per_bucket=16776704 allocated_records=268435455 counter_bits=32
L3_CONFIG gpu=0 work_blocks=107 delta=200000 worker_recovery=1 term_wait_ack=1 rx_priority_bootstrap=0 rx_express=0 rx_express_enabled=0 rx_express_slots=64 rx_express_batch=32 rx_l2_pull=0 rx_l2_pull_claim=0 rx_l2_pull_enabled=0
L3_CONFIG gpu=1 work_blocks=107 delta=200000 worker_recovery=1 term_wait_ack=1 rx_priority_bootstrap=0 rx_express=0 rx_express_enabled=0 rx_express_slots=64 rx_express_batch=32 rx_l2_pull=0 rx_l2_pull_claim=0 rx_l2_pull_enabled=0
L2_FINAL gpu=1 buckets=16 reads=143356 writes=143356 completed=143356
L2_FINAL gpu=0 buckets=16 reads=230574 writes=230574 completed=230574
GPU multi-GPU wall time 15.59 ms
gpu
0 39601 79202 118803 158404 198005 237606 277207 316808 356409 396010 435611 475212 514813 554414 594015 633616 673217 712818 752419 792020 831621 871222 910823 950424 990025 1029626 1069227 1108828 1148429 
cpu
0 39601 79202 118803 158404 198005 237606 277207 316808 356409 396010 435611 475212 514813 554414 594015 633616 673217 712818 752419 792020 831621 871222 910823 950424 990025 1029626 1069227 1108828 1148429 
WIDE_ORACLE vertices=1489752 correct=1
mlmq sssp correct!
BENCH algorithm=MLMQ gpu_count=2 source=0 repeat=0 warmup=1 queue=L1SLF_L2DQ solve_ms=8.641893 collection_ms=1.055021 query_wall_ms=16.648663 prepare_ms=6.864103 post_solve_ms=0.087616 correct=1
L3_CONFIG gpu=0 work_blocks=107 delta=200000 worker_recovery=1 term_wait_ack=1 rx_priority_bootstrap=0 rx_express=0 rx_express_enabled=0 rx_express_slots=64 rx_express_batch=32 rx_l2_pull=0 rx_l2_pull_claim=0 rx_l2_pull_enabled=0
L3_CONFIG gpu=1 work_blocks=107 delta=200000 worker_recovery=1 term_wait_ack=1 rx_priority_bootstrap=0 rx_express=0 rx_express_enabled=0 rx_express_slots=64 rx_express_batch=32 rx_l2_pull=0 rx_l2_pull_claim=0 rx_l2_pull_enabled=0
L2_FINAL gpu=1 buckets=16 reads=110579 writes=110579 completed=110579
L2_FINAL gpu=0 buckets=16 reads=231439 writes=231439 completed=231439
GPU multi-GPU wall time 10.21 ms
gpu
0 39601 79202 118803 158404 198005 237606 277207 316808 356409 396010 435611 475212 514813 554414 594015 633616 673217 712818 752419 792020 831621 871222 910823 950424 990025 1029626 1069227 1108828 1148429 
cpu
0 39601 79202 118803 158404 198005 237606 277207 316808 356409 396010 435611 475212 514813 554414 594015 633616 673217 712818 752419 792020 831621 871222 910823 950424 990025 1029626 1069227 1108828 1148429 
WIDE_ORACLE vertices=1489752 correct=1
mlmq sssp correct!
BENCH algorithm=MLMQ gpu_count=2 source=0 repeat=1 warmup=0 queue=L1SLF_L2DQ solve_ms=6.619392 collection_ms=0.405472 query_wall_ms=10.615700 prepare_ms=3.544389 post_solve_ms=0.046418 correct=1
L3_CONFIG gpu=1 work_blocks=107 delta=200000 worker_recovery=1 term_wait_ack=1 rx_priority_bootstrap=0 rx_express=0 rx_express_enabled=0 rx_express_slots=64 rx_express_batch=32 rx_l2_pull=0 rx_l2_pull_claim=0 rx_l2_pull_enabled=0
L3_CONFIG gpu=0 work_blocks=107 delta=200000 worker_recovery=1 term_wait_ack=1 rx_priority_bootstrap=0 rx_express=0 rx_express_enabled=0 rx_express_slots=64 rx_express_batch=32 rx_l2_pull=0 rx_l2_pull_claim=0 rx_l2_pull_enabled=0
L2_FINAL gpu=0 buckets=16 reads=208011 writes=208011 completed=208011
L2_FINAL gpu=1 buckets=16 reads=66629 writes=66629 completed=66629
GPU multi-GPU wall time 8.53 ms
gpu
0 39601 79202 118803 158404 198005 237606 277207 316808 356409 396010 435611 475212 514813 554414 594015 633616 673217 712818 752419 792020 831621 871222 910823 950424 990025 1029626 1069227 1108828 1148429 
cpu
0 39601 79202 118803 158404 198005 237606 277207 316808 356409 396010 435611 475212 514813 554414 594015 633616 673217 712818 752419 792020 831621 871222 910823 950424 990025 1029626 1069227 1108828 1148429 
WIDE_ORACLE vertices=1489752 correct=1
mlmq sssp correct!
BENCH algorithm=MLMQ gpu_count=2 source=0 repeat=2 warmup=0 queue=L1SLF_L2DQ solve_ms=6.043201 collection_ms=0.412121 query_wall_ms=8.940532 prepare_ms=2.441181 post_solve_ms=0.044008 correct=1
L3_CONFIG gpu=1 work_blocks=107 delta=200000 worker_recovery=1 term_wait_ack=1 rx_priority_bootstrap=0 rx_express=0 rx_express_enabled=0 rx_express_slots=64 rx_express_batch=32 rx_l2_pull=0 rx_l2_pull_claim=0 rx_l2_pull_enabled=0
L3_CONFIG gpu=0 work_blocks=107 delta=200000 worker_recovery=1 term_wait_ack=1 rx_priority_bootstrap=0 rx_express=0 rx_express_enabled=0 rx_express_slots=64 rx_express_batch=32 rx_l2_pull=0 rx_l2_pull_claim=0 rx_l2_pull_enabled=0
L2_FINAL gpu=1 buckets=16 reads=74682 writes=74682 completed=74682
L2_FINAL gpu=0 buckets=16 reads=218913 writes=218913 completed=218913
GPU multi-GPU wall time 8.80 ms
gpu
0 39601 79202 118803 158404 198005 237606 277207 316808 356409 396010 435611 475212 514813 554414 594015 633616 673217 712818 752419 792020 831621 871222 910823 950424 990025 1029626 1069227 1108828 1148429 
cpu
0 39601 79202 118803 158404 198005 237606 277207 316808 356409 396010 435611 475212 514813 554414 594015 633616 673217 712818 752419 792020 831621 871222 910823 950424 990025 1029626 1069227 1108828 1148429 
WIDE_ORACLE vertices=1489752 correct=1
mlmq sssp correct!
BENCH algorithm=MLMQ gpu_count=2 source=0 repeat=3 warmup=0 queue=L1SLF_L2DQ solve_ms=6.333652 collection_ms=0.450483 query_wall_ms=9.254288 prepare_ms=2.425400 post_solve_ms=0.044723 correct=1

RUN_RC=0
HOST_ELAPSED_SECONDS=1.121750
