/mnt/a100/data1/Dingzhong/mlmq/data/rgg_n_2_20_s0.gr
Graph name: /mnt/a100/data1/Dingzhong/mlmq/data/rgg_n_2_20_s0.gr
nGPU: 2
sources: 1
delta override: 64
nnodes=1048576, nedges=13783240.
Host memory for graph: 113 MB
	  1%
	 10%
	 20%
	 30%
	 40%
	 50%
	 60%
	 70%
	 80%
	 90%
	100%
Maximum degree: 36
----------Graph information----------
number of vertices 1048576 number of edges 13783240
average nnz 13.14 maximum nnz 36.00 deviation nnz 3.63
average weight 1.00 maximum weight 1.00 deviation weight 0.00 
-------------------------------------
CPU done!
CPU total work count 13783234
CPU sequential time 138.21 ms
GPU0 partition: [0, 524288) v_local=524288 nedges=6880533
GPU1 partition: [524288, 1048576) v_local=524288 nedges=6902707
L3_BOUNDARY_INDEX gpu=0 dense_words=16384 boundary_words=1546 indexed=1 build_ms=6.684390
L3_BOUNDARY_INDEX gpu=1 dense_words=16384 boundary_words=1596 indexed=1 build_ms=6.282508
GPU begin!
BENCH_SETUP algorithm=MLMQ input_ms=61.578670 reference_ms=138.207993 initialization_other_ms=496.569423 setup_wall_ms=696.356086
L2_CAPACITY budget=2147483647 record_bytes=8 buckets=16 per_bucket=16776704 allocated_records=268435455 counter_bits=32
L2_CAPACITY budget=2147483647 record_bytes=8 buckets=16 per_bucket=16776704 allocated_records=268435455 counter_bits=32
L3_CONFIG gpu=0 work_blocks=107 delta=64 worker_recovery=1 term_wait_ack=1 rx_priority_bootstrap=0 rx_express=0 rx_express_enabled=0 rx_express_slots=64 rx_express_batch=32 rx_l2_pull=0 rx_l2_pull_claim=0 rx_l2_pull_enabled=0
L3_CONFIG gpu=1 work_blocks=107 delta=64 worker_recovery=1 term_wait_ack=1 rx_priority_bootstrap=0 rx_express=0 rx_express_enabled=0 rx_express_slots=64 rx_express_batch=32 rx_l2_pull=0 rx_l2_pull_claim=0 rx_l2_pull_enabled=0
L2_FINAL gpu=1 buckets=16 reads=40844 writes=40844 completed=40844
L2_FINAL gpu=0 buckets=16 reads=37173 writes=37173 completed=37173
GPU multi-GPU wall time 18.09 ms
gpu
0 51 90 88 74 218 203 141 191 176 94 214 209 31 215 166 188 182 1 69 82 20 197 15 48 30 87 15 17 81 
cpu
0 51 90 88 74 218 203 141 191 176 94 214 209 31 215 166 188 182 1 69 82 20 197 15 48 30 87 15 17 81 
WIDE_ORACLE vertices=1048576 correct=1
mlmq sssp correct!
BENCH algorithm=MLMQ gpu_count=2 source=0 repeat=0 warmup=1 queue=L1SLF_L2DQ solve_ms=12.168695 collection_ms=0.600767 query_wall_ms=18.687259 prepare_ms=5.843193 post_solve_ms=0.074582 correct=1
L3_CONFIG gpu=1 work_blocks=107 delta=64 worker_recovery=1 term_wait_ack=1 rx_priority_bootstrap=0 rx_express=0 rx_express_enabled=0 rx_express_slots=64 rx_express_batch=32 rx_l2_pull=0 rx_l2_pull_claim=0 rx_l2_pull_enabled=0
L3_CONFIG gpu=0 work_blocks=107 delta=64 worker_recovery=1 term_wait_ack=1 rx_priority_bootstrap=0 rx_express=0 rx_express_enabled=0 rx_express_slots=64 rx_express_batch=32 rx_l2_pull=0 rx_l2_pull_claim=0 rx_l2_pull_enabled=0
L2_FINAL gpu=1 buckets=16 reads=38364 writes=38364 completed=38364
L2_FINAL gpu=0 buckets=16 reads=35423 writes=35423 completed=35423
GPU multi-GPU wall time 12.03 ms
gpu
0 51 90 88 74 218 203 141 191 176 94 214 209 31 215 166 188 182 1 69 82 20 197 15 48 30 87 15 17 81 
cpu
0 51 90 88 74 218 203 141 191 176 94 214 209 31 215 166 188 182 1 69 82 20 197 15 48 30 87 15 17 81 
WIDE_ORACLE vertices=1048576 correct=1
mlmq sssp correct!
BENCH algorithm=MLMQ gpu_count=2 source=0 repeat=1 warmup=0 queue=L1SLF_L2DQ solve_ms=9.408488 collection_ms=0.428815 query_wall_ms=12.461494 prepare_ms=2.578894 post_solve_ms=0.045271 correct=1
L3_CONFIG gpu=0 work_blocks=107 delta=64 worker_recovery=1 term_wait_ack=1 rx_priority_bootstrap=0 rx_express=0 rx_express_enabled=0 rx_express_slots=64 rx_express_batch=32 rx_l2_pull=0 rx_l2_pull_claim=0 rx_l2_pull_enabled=0
L3_CONFIG gpu=1 work_blocks=107 delta=64 worker_recovery=1 term_wait_ack=1 rx_priority_bootstrap=0 rx_express=0 rx_express_enabled=0 rx_express_slots=64 rx_express_batch=32 rx_l2_pull=0 rx_l2_pull_claim=0 rx_l2_pull_enabled=0
L2_FINAL gpu=0 buckets=16 reads=38106 writes=38106 completed=38106
L2_FINAL gpu=1 buckets=16 reads=43326 writes=43326 completed=43326
GPU multi-GPU wall time 12.62 ms
gpu
0 51 90 88 74 218 203 141 191 176 94 214 209 31 215 166 188 182 1 69 82 20 197 15 48 30 87 15 17 81 
cpu
0 51 90 88 74 218 203 141 191 176 94 214 209 31 215 166 188 182 1 69 82 20 197 15 48 30 87 15 17 81 
WIDE_ORACLE vertices=1048576 correct=1
mlmq sssp correct!
BENCH algorithm=MLMQ gpu_count=2 source=0 repeat=2 warmup=0 queue=L1SLF_L2DQ solve_ms=10.164907 collection_ms=0.375397 query_wall_ms=12.994242 prepare_ms=2.419411 post_solve_ms=0.034506 correct=1
L3_CONFIG gpu=1 work_blocks=107 delta=64 worker_recovery=1 term_wait_ack=1 rx_priority_bootstrap=0 rx_express=0 rx_express_enabled=0 rx_express_slots=64 rx_express_batch=32 rx_l2_pull=0 rx_l2_pull_claim=0 rx_l2_pull_enabled=0
L3_CONFIG gpu=0 work_blocks=107 delta=64 worker_recovery=1 term_wait_ack=1 rx_priority_bootstrap=0 rx_express=0 rx_express_enabled=0 rx_express_slots=64 rx_express_batch=32 rx_l2_pull=0 rx_l2_pull_claim=0 rx_l2_pull_enabled=0
L2_FINAL gpu=1 buckets=16 reads=43189 writes=43189 completed=43189
L2_FINAL gpu=0 buckets=16 reads=37090 writes=37090 completed=37090
GPU multi-GPU wall time 15.62 ms
gpu
0 51 90 88 74 218 203 141 191 176 94 214 209 31 215 166 188 182 1 69 82 20 197 15 48 30 87 15 17 81 
cpu
0 51 90 88 74 218 203 141 191 176 94 214 209 31 215 166 188 182 1 69 82 20 197 15 48 30 87 15 17 81 
WIDE_ORACLE vertices=1048576 correct=1
mlmq sssp correct!
BENCH algorithm=MLMQ gpu_count=2 source=0 repeat=3 warmup=0 queue=L1SLF_L2DQ solve_ms=13.135616 collection_ms=0.463240 query_wall_ms=16.087401 prepare_ms=2.449287 post_solve_ms=0.039235 correct=1

RUN_RC=0
HOST_ELAPSED_SECONDS=1.190124
