/mnt/709/data3/home/Dingzhong/src/mlmq_ppopp26/tmp/landmark206_matrix/CAL/landmark.gr
Graph name: /mnt/709/data3/home/Dingzhong/src/mlmq_ppopp26/tmp/landmark206_matrix/CAL/landmark.gr
nGPU: 2
sources: 1
delta override: 200000
nnodes=1890815, nedges=4657742.
Host memory for graph:  49 MB
	  1%
	 10%
	 20%
	 30%
	 40%
	 50%
	 60%
	 70%
	 80%
	 90%
	100%
Maximum degree: 8
ADAPTIVE-Q: cross_ratio=0.0125% < 0.0700% -> L1V_L2DQ
----------Graph information----------
number of vertices 1890815 number of edges 4657742
average nnz 2.46 maximum nnz 8.00 deviation nnz 0.94
average weight 2698.90 maximum weight 215354.00 deviation weight 4248.52 
-------------------------------------
CPU done!
CPU total work count 4657742
CPU sequential time 192.92 ms
GPU0 partition: [0, 945407) v_local=945407 nedges=2280000
GPU1 partition: [945407, 1890815) v_local=945408 nedges=2377742
L3_BOUNDARY_INDEX gpu=0 dense_words=29544 boundary_words=193 indexed=1 build_ms=2.430592
L3_BOUNDARY_INDEX gpu=1 dense_words=29544 boundary_words=180 indexed=1 build_ms=2.316252
GPU begin!
BENCH_SETUP algorithm=MLMQ input_ms=31.021832 reference_ms=192.917999 initialization_other_ms=403.446563 setup_wall_ms=627.386394
L2_CAPACITY budget=2147483647 record_bytes=8 buckets=16 per_bucket=16776704 allocated_records=268435455 counter_bits=32
L2_CAPACITY budget=2147483647 record_bytes=8 buckets=16 per_bucket=16776704 allocated_records=268435455 counter_bits=32
L3_CONFIG gpu=1 work_blocks=107 delta=200000 worker_recovery=1 term_wait_ack=1 rx_priority_bootstrap=0 rx_express=0 rx_express_enabled=0 rx_express_slots=64 rx_express_batch=32 rx_l2_pull=0 rx_l2_pull_claim=0 rx_l2_pull_enabled=0
L3_CONFIG gpu=0 work_blocks=107 delta=200000 worker_recovery=1 term_wait_ack=1 rx_priority_bootstrap=0 rx_express=0 rx_express_enabled=0 rx_express_slots=64 rx_express_batch=32 rx_l2_pull=0 rx_l2_pull_claim=0 rx_l2_pull_enabled=0
L2_FINAL gpu=1 buckets=16 reads=854380 writes=854380 completed=854380
L2_FINAL gpu=0 buckets=16 reads=554405 writes=554405 completed=554405
GPU multi-GPU wall time 36.87 ms
gpu
6341374 6364222 6347308 6404168 6377364 6349703 6318119 6406500 6435478 6405696 6403948 6382879 6356246 6358158 6335406 6327111 6456501 6477053 6452637 6428893 6403376 6412499 6416060 6364382 6363575 6357515 6392575 6495479 6487134 6455205 
cpu
6341374 6364222 6347308 6404168 6377364 6349703 6318119 6406500 6435478 6405696 6403948 6382879 6356246 6358158 6335406 6327111 6456501 6477053 6452637 6428893 6403376 6412499 6416060 6364382 6363575 6357515 6392575 6495479 6487134 6455205 
WIDE_ORACLE vertices=1890815 correct=1
mlmq sssp correct!
BENCH algorithm=MLMQ gpu_count=2 source=945407 repeat=0 warmup=1 queue=L1SLF_L2DQ solve_ms=29.486911 collection_ms=1.827795 query_wall_ms=38.699107 prepare_ms=7.313165 post_solve_ms=0.071207 correct=1
L3_CONFIG gpu=0 work_blocks=107 delta=200000 worker_recovery=1 term_wait_ack=1 rx_priority_bootstrap=0 rx_express=0 rx_express_enabled=0 rx_express_slots=64 rx_express_batch=32 rx_l2_pull=0 rx_l2_pull_claim=0 rx_l2_pull_enabled=0
L3_CONFIG gpu=1 work_blocks=107 delta=200000 worker_recovery=1 term_wait_ack=1 rx_priority_bootstrap=0 rx_express=0 rx_express_enabled=0 rx_express_slots=64 rx_express_batch=32 rx_l2_pull=0 rx_l2_pull_claim=0 rx_l2_pull_enabled=0
L2_FINAL gpu=1 buckets=16 reads=859645 writes=859645 completed=859645
L2_FINAL gpu=0 buckets=16 reads=578196 writes=578196 completed=578196
GPU multi-GPU wall time 30.68 ms
gpu
6341374 6364222 6347308 6404168 6377364 6349703 6318119 6406500 6435478 6405696 6403948 6382879 6356246 6358158 6335406 6327111 6456501 6477053 6452637 6428893 6403376 6412499 6416060 6364382 6363575 6357515 6392575 6495479 6487134 6455205 
cpu
6341374 6364222 6347308 6404168 6377364 6349703 6318119 6406500 6435478 6405696 6403948 6382879 6356246 6358158 6335406 6327111 6456501 6477053 6452637 6428893 6403376 6412499 6416060 6364382 6363575 6357515 6392575 6495479 6487134 6455205 
WIDE_ORACLE vertices=1890815 correct=1
mlmq sssp correct!
BENCH algorithm=MLMQ gpu_count=2 source=945407 repeat=1 warmup=0 queue=L1SLF_L2DQ solve_ms=28.108607 collection_ms=0.879536 query_wall_ms=31.563552 prepare_ms=2.514113 post_solve_ms=0.061267 correct=1
L3_CONFIG gpu=1 work_blocks=107 delta=200000 worker_recovery=1 term_wait_ack=1 rx_priority_bootstrap=0 rx_express=0 rx_express_enabled=0 rx_express_slots=64 rx_express_batch=32 rx_l2_pull=0 rx_l2_pull_claim=0 rx_l2_pull_enabled=0
L3_CONFIG gpu=0 work_blocks=107 delta=200000 worker_recovery=1 term_wait_ack=1 rx_priority_bootstrap=0 rx_express=0 rx_express_enabled=0 rx_express_slots=64 rx_express_batch=32 rx_l2_pull=0 rx_l2_pull_claim=0 rx_l2_pull_enabled=0
L2_FINAL gpu=1 buckets=16 reads=862291 writes=862291 completed=862291
L2_FINAL gpu=0 buckets=16 reads=583990 writes=583990 completed=583990
GPU multi-GPU wall time 30.92 ms
gpu
6341374 6364222 6347308 6404168 6377364 6349703 6318119 6406500 6435478 6405696 6403948 6382879 6356246 6358158 6335406 6327111 6456501 6477053 6452637 6428893 6403376 6412499 6416060 6364382 6363575 6357515 6392575 6495479 6487134 6455205 
cpu
6341374 6364222 6347308 6404168 6377364 6349703 6318119 6406500 6435478 6405696 6403948 6382879 6356246 6358158 6335406 6327111 6456501 6477053 6452637 6428893 6403376 6412499 6416060 6364382 6363575 6357515 6392575 6495479 6487134 6455205 
WIDE_ORACLE vertices=1890815 correct=1
mlmq sssp correct!
BENCH algorithm=MLMQ gpu_count=2 source=945407 repeat=2 warmup=0 queue=L1SLF_L2DQ solve_ms=28.262314 collection_ms=0.616090 query_wall_ms=31.533261 prepare_ms=2.605290 post_solve_ms=0.049538 correct=1
L3_CONFIG gpu=0 work_blocks=107 delta=200000 worker_recovery=1 term_wait_ack=1 rx_priority_bootstrap=0 rx_express=0 rx_express_enabled=0 rx_express_slots=64 rx_express_batch=32 rx_l2_pull=0 rx_l2_pull_claim=0 rx_l2_pull_enabled=0
L3_CONFIG gpu=1 work_blocks=107 delta=200000 worker_recovery=1 term_wait_ack=1 rx_priority_bootstrap=0 rx_express=0 rx_express_enabled=0 rx_express_slots=64 rx_express_batch=32 rx_l2_pull=0 rx_l2_pull_claim=0 rx_l2_pull_enabled=0
L2_FINAL gpu=1 buckets=16 reads=798740 writes=798740 completed=798740
L2_FINAL gpu=0 buckets=16 reads=582596 writes=582596 completed=582596
GPU multi-GPU wall time 33.13 ms
gpu
6341374 6364222 6347308 6404168 6377364 6349703 6318119 6406500 6435478 6405696 6403948 6382879 6356246 6358158 6335406 6327111 6456501 6477053 6452637 6428893 6403376 6412499 6416060 6364382 6363575 6357515 6392575 6495479 6487134 6455205 
cpu
6341374 6364222 6347308 6404168 6377364 6349703 6318119 6406500 6435478 6405696 6403948 6382879 6356246 6358158 6335406 6327111 6456501 6477053 6452637 6428893 6403376 6412499 6416060 6364382 6363575 6357515 6392575 6495479 6487134 6455205 
WIDE_ORACLE vertices=1890815 correct=1
mlmq sssp correct!
BENCH algorithm=MLMQ gpu_count=2 source=945407 repeat=3 warmup=0 queue=L1SLF_L2DQ solve_ms=30.210718 collection_ms=0.712350 query_wall_ms=33.843175 prepare_ms=2.866632 post_solve_ms=0.053455 correct=1
L3_CONFIG gpu=0 work_blocks=107 delta=200000 worker_recovery=1 term_wait_ack=1 rx_priority_bootstrap=0 rx_express=0 rx_express_enabled=0 rx_express_slots=64 rx_express_batch=32 rx_l2_pull=0 rx_l2_pull_claim=0 rx_l2_pull_enabled=0
L3_CONFIG gpu=1 work_blocks=107 delta=200000 worker_recovery=1 term_wait_ack=1 rx_priority_bootstrap=0 rx_express=0 rx_express_enabled=0 rx_express_slots=64 rx_express_batch=32 rx_l2_pull=0 rx_l2_pull_claim=0 rx_l2_pull_enabled=0
L2_FINAL gpu=0 buckets=16 reads=563605 writes=563605 completed=563605
L2_FINAL gpu=1 buckets=16 reads=898955 writes=898955 completed=898955
GPU multi-GPU wall time 28.79 ms
gpu
6341374 6364222 6347308 6404168 6377364 6349703 6318119 6406500 6435478 6405696 6403948 6382879 6356246 6358158 6335406 6327111 6456501 6477053 6452637 6428893 6403376 6412499 6416060 6364382 6363575 6357515 6392575 6495479 6487134 6455205 
cpu
6341374 6364222 6347308 6404168 6377364 6349703 6318119 6406500 6435478 6405696 6403948 6382879 6356246 6358158 6335406 6327111 6456501 6477053 6452637 6428893 6403376 6412499 6416060 6364382 6363575 6357515 6392575 6495479 6487134 6455205 
WIDE_ORACLE vertices=1890815 correct=1
mlmq sssp correct!
BENCH algorithm=MLMQ gpu_count=2 source=945407 repeat=4 warmup=0 queue=L1SLF_L2DQ solve_ms=26.270435 collection_ms=0.746119 query_wall_ms=29.536432 prepare_ms=2.477216 post_solve_ms=0.042645 correct=1
L3_CONFIG gpu=1 work_blocks=107 delta=200000 worker_recovery=1 term_wait_ack=1 rx_priority_bootstrap=0 rx_express=0 rx_express_enabled=0 rx_express_slots=64 rx_express_batch=32 rx_l2_pull=0 rx_l2_pull_claim=0 rx_l2_pull_enabled=0
L3_CONFIG gpu=0 work_blocks=107 delta=200000 worker_recovery=1 term_wait_ack=1 rx_priority_bootstrap=0 rx_express=0 rx_express_enabled=0 rx_express_slots=64 rx_express_batch=32 rx_l2_pull=0 rx_l2_pull_claim=0 rx_l2_pull_enabled=0
L2_FINAL gpu=0 buckets=16 reads=581217 writes=581217 completed=581217
L2_FINAL gpu=1 buckets=16 reads=1885009 writes=1885009 completed=1885009
GPU multi-GPU wall time 30.11 ms
gpu
6341374 6364222 6347308 6404168 6377364 6349703 6318119 6406500 6435478 6405696 6403948 6382879 6356246 6358158 6335406 6327111 6456501 6477053 6452637 6428893 6403376 6412499 6416060 6364382 6363575 6357515 6392575 6495479 6487134 6455205 
cpu
6341374 6364222 6347308 6404168 6377364 6349703 6318119 6406500 6435478 6405696 6403948 6382879 6356246 6358158 6335406 6327111 6456501 6477053 6452637 6428893 6403376 6412499 6416060 6364382 6363575 6357515 6392575 6495479 6487134 6455205 
WIDE_ORACLE vertices=1890815 correct=1
mlmq sssp correct!
BENCH algorithm=MLMQ gpu_count=2 source=945407 repeat=5 warmup=0 queue=L1SLF_L2DQ solve_ms=27.319077 collection_ms=0.714480 query_wall_ms=30.823370 prepare_ms=2.740796 post_solve_ms=0.049001 correct=1

RUN_RC=0
HOST_ELAPSED_SECONDS=1.270635
