/mnt/709/data3/home/Dingzhong/src/mlmq_ppopp26/tmp/landmark206_matrix/COL/landmark.gr
Graph name: /mnt/709/data3/home/Dingzhong/src/mlmq_ppopp26/tmp/landmark206_matrix/COL/landmark.gr
nnodes=435666, nedges=1057066.
Host memory for graph:  11 MB
	  1%
	 10%
	 20%
	 30%
	 40%
	 50%
	 60%
	 70%
	 80%
	 90%
	100%
Maximum degree: 8
----------Graph information----------
number of vertices 435666 number of edges 1057066
average nnz 2.43 maximum nnz 8.00 deviation nnz 0.94
average weight 3499.47 maximum weight 137384.00 deviation weight 5374.80 
-------------------------------------
CPU done!
CPU total work count 1057066
CPU sequential time 38.92 ms
GPU begin!
NO_L3_CONFIG workers=512 delta=200000 queue=L1SLF_L2DQ
L2_CAPACITY budget=2147483647 record_bytes=8 buckets=16 per_bucket=16776704 allocated_records=268435455 counter_bits=32
shm_size 68608 qshm_size 19456 nshm_size 16384 rshm_size 32768
Elapse time: 8.69 ms
WIDE_ORACLE vertices=435666 correct=1
BENCH algorithm=MLMQ baseline=original_no_l3 gpu_count=1 source=217833 repeat=0 warmup=1 queue=L1SLF_L2DQ solve_ms=8.676380 query_wall_ms=12.050880 correct=1
shm_size 68608 qshm_size 19456 nshm_size 16384 rshm_size 32768
Elapse time: 8.71 ms
WIDE_ORACLE vertices=435666 correct=1
BENCH algorithm=MLMQ baseline=original_no_l3 gpu_count=1 source=217833 repeat=1 warmup=0 queue=L1SLF_L2DQ solve_ms=8.702893 query_wall_ms=11.280993 correct=1
shm_size 68608 qshm_size 19456 nshm_size 16384 rshm_size 32768
Elapse time: 9.27 ms
WIDE_ORACLE vertices=435666 correct=1
BENCH algorithm=MLMQ baseline=original_no_l3 gpu_count=1 source=217833 repeat=2 warmup=0 queue=L1SLF_L2DQ solve_ms=9.262236 query_wall_ms=11.816639 correct=1
shm_size 68608 qshm_size 19456 nshm_size 16384 rshm_size 32768
Elapse time: 8.48 ms
WIDE_ORACLE vertices=435666 correct=1
BENCH algorithm=MLMQ baseline=original_no_l3 gpu_count=1 source=217833 repeat=3 warmup=0 queue=L1SLF_L2DQ solve_ms=8.476290 query_wall_ms=11.044650 correct=1
shm_size 68608 qshm_size 19456 nshm_size 16384 rshm_size 32768
Elapse time: 8.63 ms
WIDE_ORACLE vertices=435666 correct=1
BENCH algorithm=MLMQ baseline=original_no_l3 gpu_count=1 source=217833 repeat=4 warmup=0 queue=L1SLF_L2DQ solve_ms=8.627251 query_wall_ms=11.181334 correct=1
shm_size 68608 qshm_size 19456 nshm_size 16384 rshm_size 32768
Elapse time: 10.85 ms
WIDE_ORACLE vertices=435666 correct=1
BENCH algorithm=MLMQ baseline=original_no_l3 gpu_count=1 source=217833 repeat=5 warmup=0 queue=L1SLF_L2DQ solve_ms=10.840708 query_wall_ms=13.392088 correct=1
GPU done!
gpu
191465 206825 236013 238983 243657 249897 247841 255415 270170 284660 280023 285831 286215 281789 297536 291534 318606 298043 307425 294618 331071 302103 303550 314887 301666 332651 306023 306429 323667 302375 
cpu
191465 206825 236013 238983 243657 249897 247841 255415 270170 284660 280023 285831 286215 281789 297536 291534 318606 298043 307425 294618 331071 302103 303550 314887 301666 332651 306023 306429 323667 302375 
WIDE_ORACLE vertices=435666 correct=1
mlmq sssp correct!

RUN_RC=0
HOST_ELAPSED_SECONDS=0.692759
