/mnt/709/data3/home/Dingzhong/src/mlmq_ppopp26/tmp/l3_supplement_20260921_v2/graphs/COL/augmented.gr
Graph name: /mnt/709/data3/home/Dingzhong/src/mlmq_ppopp26/tmp/l3_supplement_20260921_v2/graphs/COL/augmented.gr
nGPU: 2
sources: 1
delta override: 200000
nnodes=435666, nedges=1224504.
Host memory for graph:  12 MB
	  1%
	 10%
	 20%
	 30%
	 40%
	 50%
	 60%
	 70%
	 80%
	 90%
	100%
Maximum degree: 12
----------Graph information----------
number of vertices 435666 number of edges 1224504
average nnz 2.81 maximum nnz 12.00 deviation nnz 1.38
average weight 4541.90 maximum weight 276628.00 deviation weight 7662.35 
-------------------------------------
CPU done!
CPU total work count 1224504
CPU sequential time 41.50 ms
GPU0 partition: [0, 239616) v_local=239616 nedges=671316
GPU1 partition: [239616, 435666) v_local=196050 nedges=553188
L3_BOUNDARY_INDEX gpu=0 dense_words=6127 boundary_words=117 indexed=1 build_ms=2.051512
L3_BOUNDARY_INDEX gpu=1 dense_words=7488 boundary_words=124 indexed=1 build_ms=1.644838
GPU begin!
BENCH_SETUP algorithm=MLMQ input_ms=8.402663 reference_ms=41.495998 initialization_other_ms=341.443409 setup_wall_ms=391.342070
L2_CAPACITY budget=2147483647 record_bytes=8 buckets=16 per_bucket=16776704 allocated_records=268435455 counter_bits=32
L2_CAPACITY budget=2147483647 record_bytes=8 buckets=16 per_bucket=16776704 allocated_records=268435455 counter_bits=32
L3_CONFIG gpu=1 work_blocks=107 delta=200000 worker_recovery=1 term_wait_ack=1 rx_priority_bootstrap=0 rx_express=0 rx_express_enabled=0 rx_express_slots=64 rx_express_batch=32 rx_l2_pull=0 rx_l2_pull_claim=0 rx_l2_pull_enabled=0
L3_CONFIG gpu=0 work_blocks=107 delta=200000 worker_recovery=1 term_wait_ack=1 rx_priority_bootstrap=0 rx_express=0 rx_express_enabled=0 rx_express_slots=64 rx_express_batch=32 rx_l2_pull=0 rx_l2_pull_claim=0 rx_l2_pull_enabled=0
L2_FINAL gpu=0 buckets=16 reads=157234 writes=157234 completed=157234
L2_FINAL gpu=1 buckets=16 reads=163193 writes=163193 completed=163193
GPU multi-GPU wall time 17.19 ms
gpu
191465 206825 236013 238983 243657 249897 247841 255415 270170 284660 280023 285831 286215 281789 297536 291534 318606 298043 307425 294618 331071 302103 303550 314887 301666 332651 306023 306429 323667 302375 
cpu
191465 206825 236013 238983 243657 249897 247841 255415 270170 284660 280023 285831 286215 281789 297536 291534 318606 298043 307425 294618 331071 302103 303550 314887 301666 332651 306023 306429 323667 302375 
WIDE_ORACLE vertices=435666 correct=1
mlmq sssp correct!
BENCH algorithm=MLMQ gpu_count=2 source=217833 repeat=0 warmup=1 queue=L1SLF_L2DQ solve_ms=11.228499 collection_ms=0.309531 query_wall_ms=17.498966 prepare_ms=5.893702 post_solve_ms=0.067212 correct=1
L3_CONFIG gpu=1 work_blocks=107 delta=200000 worker_recovery=1 term_wait_ack=1 rx_priority_bootstrap=0 rx_express=0 rx_express_enabled=0 rx_express_slots=64 rx_express_batch=32 rx_l2_pull=0 rx_l2_pull_claim=0 rx_l2_pull_enabled=0
L3_CONFIG gpu=0 work_blocks=107 delta=200000 worker_recovery=1 term_wait_ack=1 rx_priority_bootstrap=0 rx_express=0 rx_express_enabled=0 rx_express_slots=64 rx_express_batch=32 rx_l2_pull=0 rx_l2_pull_claim=0 rx_l2_pull_enabled=0
L2_FINAL gpu=0 buckets=16 reads=155578 writes=155578 completed=155578
L2_FINAL gpu=1 buckets=16 reads=190066 writes=190066 completed=190066
GPU multi-GPU wall time 9.82 ms
gpu
191465 206825 236013 238983 243657 249897 247841 255415 270170 284660 280023 285831 286215 281789 297536 291534 318606 298043 307425 294618 331071 302103 303550 314887 301666 332651 306023 306429 323667 302375 
cpu
191465 206825 236013 238983 243657 249897 247841 255415 270170 284660 280023 285831 286215 281789 297536 291534 318606 298043 307425 294618 331071 302103 303550 314887 301666 332651 306023 306429 323667 302375 
WIDE_ORACLE vertices=435666 correct=1
mlmq sssp correct!
BENCH algorithm=MLMQ gpu_count=2 source=217833 repeat=1 warmup=0 queue=L1SLF_L2DQ solve_ms=6.912861 collection_ms=0.194146 query_wall_ms=10.017280 prepare_ms=2.865438 post_solve_ms=0.044801 correct=1
L3_CONFIG gpu=0 work_blocks=107 delta=200000 worker_recovery=1 term_wait_ack=1 rx_priority_bootstrap=0 rx_express=0 rx_express_enabled=0 rx_express_slots=64 rx_express_batch=32 rx_l2_pull=0 rx_l2_pull_claim=0 rx_l2_pull_enabled=0
L3_CONFIG gpu=1 work_blocks=107 delta=200000 worker_recovery=1 term_wait_ack=1 rx_priority_bootstrap=0 rx_express=0 rx_express_enabled=0 rx_express_slots=64 rx_express_batch=32 rx_l2_pull=0 rx_l2_pull_claim=0 rx_l2_pull_enabled=0
L2_FINAL gpu=0 buckets=16 reads=145283 writes=145283 completed=145283
L2_FINAL gpu=1 buckets=16 reads=161144 writes=161144 completed=161144
GPU multi-GPU wall time 9.29 ms
gpu
191465 206825 236013 238983 243657 249897 247841 255415 270170 284660 280023 285831 286215 281789 297536 291534 318606 298043 307425 294618 331071 302103 303550 314887 301666 332651 306023 306429 323667 302375 
cpu
191465 206825 236013 238983 243657 249897 247841 255415 270170 284660 280023 285831 286215 281789 297536 291534 318606 298043 307425 294618 331071 302103 303550 314887 301666 332651 306023 306429 323667 302375 
WIDE_ORACLE vertices=435666 correct=1
mlmq sssp correct!
BENCH algorithm=MLMQ gpu_count=2 source=217833 repeat=2 warmup=0 queue=L1SLF_L2DQ solve_ms=6.839643 collection_ms=0.267583 query_wall_ms=9.554668 prepare_ms=2.405164 post_solve_ms=0.042227 correct=1
L3_CONFIG gpu=0 work_blocks=107 delta=200000 worker_recovery=1 term_wait_ack=1 rx_priority_bootstrap=0 rx_express=0 rx_express_enabled=0 rx_express_slots=64 rx_express_batch=32 rx_l2_pull=0 rx_l2_pull_claim=0 rx_l2_pull_enabled=0
L3_CONFIG gpu=1 work_blocks=107 delta=200000 worker_recovery=1 term_wait_ack=1 rx_priority_bootstrap=0 rx_express=0 rx_express_enabled=0 rx_express_slots=64 rx_express_batch=32 rx_l2_pull=0 rx_l2_pull_claim=0 rx_l2_pull_enabled=0
L2_FINAL gpu=1 buckets=16 reads=156825 writes=156825 completed=156825
L2_FINAL gpu=0 buckets=16 reads=137396 writes=137396 completed=137396
GPU multi-GPU wall time 9.86 ms
gpu
191465 206825 236013 238983 243657 249897 247841 255415 270170 284660 280023 285831 286215 281789 297536 291534 318606 298043 307425 294618 331071 302103 303550 314887 301666 332651 306023 306429 323667 302375 
cpu
191465 206825 236013 238983 243657 249897 247841 255415 270170 284660 280023 285831 286215 281789 297536 291534 318606 298043 307425 294618 331071 302103 303550 314887 301666 332651 306023 306429 323667 302375 
WIDE_ORACLE vertices=435666 correct=1
mlmq sssp correct!
BENCH algorithm=MLMQ gpu_count=2 source=217833 repeat=3 warmup=0 queue=L1SLF_L2DQ solve_ms=6.961491 collection_ms=0.204927 query_wall_ms=10.061350 prepare_ms=2.787657 post_solve_ms=0.107239 correct=1
L3_CONFIG gpu=0 work_blocks=107 delta=200000 worker_recovery=1 term_wait_ack=1 rx_priority_bootstrap=0 rx_express=0 rx_express_enabled=0 rx_express_slots=64 rx_express_batch=32 rx_l2_pull=0 rx_l2_pull_claim=0 rx_l2_pull_enabled=0
L3_CONFIG gpu=1 work_blocks=107 delta=200000 worker_recovery=1 term_wait_ack=1 rx_priority_bootstrap=0 rx_express=0 rx_express_enabled=0 rx_express_slots=64 rx_express_batch=32 rx_l2_pull=0 rx_l2_pull_claim=0 rx_l2_pull_enabled=0
L2_FINAL gpu=0 buckets=16 reads=144045 writes=144045 completed=144045
L2_FINAL gpu=1 buckets=16 reads=156361 writes=156361 completed=156361
GPU multi-GPU wall time 9.78 ms
gpu
191465 206825 236013 238983 243657 249897 247841 255415 270170 284660 280023 285831 286215 281789 297536 291534 318606 298043 307425 294618 331071 302103 303550 314887 301666 332651 306023 306429 323667 302375 
cpu
191465 206825 236013 238983 243657 249897 247841 255415 270170 284660 280023 285831 286215 281789 297536 291534 318606 298043 307425 294618 331071 302103 303550 314887 301666 332651 306023 306429 323667 302375 
WIDE_ORACLE vertices=435666 correct=1
mlmq sssp correct!
BENCH algorithm=MLMQ gpu_count=2 source=217833 repeat=4 warmup=0 queue=L1SLF_L2DQ solve_ms=7.323709 collection_ms=0.205558 query_wall_ms=9.989534 prepare_ms=2.428466 post_solve_ms=0.031767 correct=1
L3_CONFIG gpu=0 work_blocks=107 delta=200000 worker_recovery=1 term_wait_ack=1 rx_priority_bootstrap=0 rx_express=0 rx_express_enabled=0 rx_express_slots=64 rx_express_batch=32 rx_l2_pull=0 rx_l2_pull_claim=0 rx_l2_pull_enabled=0
L3_CONFIG gpu=1 work_blocks=107 delta=200000 worker_recovery=1 term_wait_ack=1 rx_priority_bootstrap=0 rx_express=0 rx_express_enabled=0 rx_express_slots=64 rx_express_batch=32 rx_l2_pull=0 rx_l2_pull_claim=0 rx_l2_pull_enabled=0
L2_FINAL gpu=0 buckets=16 reads=143983 writes=143983 completed=143983
L2_FINAL gpu=1 buckets=16 reads=191742 writes=191742 completed=191742
GPU multi-GPU wall time 9.24 ms
gpu
191465 206825 236013 238983 243657 249897 247841 255415 270170 284660 280023 285831 286215 281789 297536 291534 318606 298043 307425 294618 331071 302103 303550 314887 301666 332651 306023 306429 323667 302375 
cpu
191465 206825 236013 238983 243657 249897 247841 255415 270170 284660 280023 285831 286215 281789 297536 291534 318606 298043 307425 294618 331071 302103 303550 314887 301666 332651 306023 306429 323667 302375 
WIDE_ORACLE vertices=435666 correct=1
mlmq sssp correct!
BENCH algorithm=MLMQ gpu_count=2 source=217833 repeat=5 warmup=0 queue=L1SLF_L2DQ solve_ms=6.813451 collection_ms=0.234188 query_wall_ms=9.473541 prepare_ms=2.377698 post_solve_ms=0.048158 correct=1

RUN_RC=0
HOST_ELAPSED_SECONDS=0.882272
