/mnt/709/data3/home/Dingzhong/src/mlmq_ppopp26/tmp/l3_supplement_20260921_v2/graphs/COL/augmented.gr
Graph name: /mnt/709/data3/home/Dingzhong/src/mlmq_ppopp26/tmp/l3_supplement_20260921_v2/graphs/COL/augmented.gr
nnodes=435666, nedges=1224504.
Host memory for graph:  12 MB
	  1%
	 10%
	 20%
	 30%
	 40%
	 50%
	 60%
	 70%
	 80%
	 90%
	100%
Maximum degree: 12
----------Graph information----------
number of vertices 435666 number of edges 1224504
average nnz 2.81 maximum nnz 12.00 deviation nnz 1.38
average weight 4541.90 maximum weight 276628.00 deviation weight 7662.35 
-------------------------------------
CPU done!
CPU total work count 1224504
CPU sequential time 41.83 ms
GPU begin!
NO_L3_CONFIG workers=512 delta=200000 queue=L1SLF_L2DQ
L2_CAPACITY budget=2147483647 record_bytes=8 buckets=16 per_bucket=16776704 allocated_records=268435455 counter_bits=32
shm_size 68608 qshm_size 19456 nshm_size 16384 rshm_size 32768
Elapse time: 5.58 ms
WIDE_ORACLE vertices=435666 correct=1
BENCH algorithm=MLMQ baseline=original_no_l3 gpu_count=1 source=217833 repeat=0 warmup=1 queue=L1SLF_L2DQ solve_ms=5.572652 query_wall_ms=8.834682 correct=1
shm_size 68608 qshm_size 19456 nshm_size 16384 rshm_size 32768
Elapse time: 5.83 ms
WIDE_ORACLE vertices=435666 correct=1
BENCH algorithm=MLMQ baseline=original_no_l3 gpu_count=1 source=217833 repeat=1 warmup=0 queue=L1SLF_L2DQ solve_ms=5.821306 query_wall_ms=8.383862 correct=1
shm_size 68608 qshm_size 19456 nshm_size 16384 rshm_size 32768
Elapse time: 6.26 ms
WIDE_ORACLE vertices=435666 correct=1
BENCH algorithm=MLMQ baseline=original_no_l3 gpu_count=1 source=217833 repeat=2 warmup=0 queue=L1SLF_L2DQ solve_ms=6.258237 query_wall_ms=8.816787 correct=1
shm_size 68608 qshm_size 19456 nshm_size 16384 rshm_size 32768
Elapse time: 5.77 ms
WIDE_ORACLE vertices=435666 correct=1
BENCH algorithm=MLMQ baseline=original_no_l3 gpu_count=1 source=217833 repeat=3 warmup=0 queue=L1SLF_L2DQ solve_ms=5.763632 query_wall_ms=8.331665 correct=1
shm_size 68608 qshm_size 19456 nshm_size 16384 rshm_size 32768
Elapse time: 5.54 ms
WIDE_ORACLE vertices=435666 correct=1
BENCH algorithm=MLMQ baseline=original_no_l3 gpu_count=1 source=217833 repeat=4 warmup=0 queue=L1SLF_L2DQ solve_ms=5.533206 query_wall_ms=8.100319 correct=1
shm_size 68608 qshm_size 19456 nshm_size 16384 rshm_size 32768
Elapse time: 6.92 ms
WIDE_ORACLE vertices=435666 correct=1
BENCH algorithm=MLMQ baseline=original_no_l3 gpu_count=1 source=217833 repeat=5 warmup=0 queue=L1SLF_L2DQ solve_ms=6.917411 query_wall_ms=9.479885 correct=1
GPU done!
gpu
191465 206825 236013 238983 243657 249897 247841 255415 270170 284660 280023 285831 286215 281789 297536 291534 318606 298043 307425 294618 331071 302103 303550 314887 301666 332651 306023 306429 323667 302375 
cpu
191465 206825 236013 238983 243657 249897 247841 255415 270170 284660 280023 285831 286215 281789 297536 291534 318606 298043 307425 294618 331071 302103 303550 314887 301666 332651 306023 306429 323667 302375 
WIDE_ORACLE vertices=435666 correct=1
mlmq sssp correct!

RUN_RC=0
HOST_ELAPSED_SECONDS=0.667578
