/mnt/709/data3/home/Dingzhong/src/mlmq_ppopp26/tmp/l3_supplement_20260921_v2/graphs/E/augmented.gr
Graph name: /mnt/709/data3/home/Dingzhong/src/mlmq_ppopp26/tmp/l3_supplement_20260921_v2/graphs/E/augmented.gr
nGPU: 2
sources: 1
delta override: 200000
nnodes=3598623, nedges=9908486.
Host memory for graph: 103 MB
	  1%
	 10%
	 20%
	 30%
	 40%
	 50%
	 60%
	 70%
	 80%
	 90%
	100%
Maximum degree: 12
ADAPTIVE-Q: cross_ratio=0.0117% < 0.0700% -> L1V_L2DQ
----------Graph information----------
number of vertices 3598623 number of edges 9908486
average nnz 2.75 maximum nnz 12.00 deviation nnz 1.29
average weight 2616.56 maximum weight 261183.00 deviation weight 3867.54 
-------------------------------------
CPU done!
CPU total work count 9908486
CPU sequential time 423.04 ms
GPU0 partition: [0, 1799311) v_local=1799311 nedges=4921523
GPU1 partition: [1799311, 3598623) v_local=1799312 nedges=4986963
L3_BOUNDARY_INDEX gpu=0 dense_words=56229 boundary_words=352 indexed=1 build_ms=4.137953
L3_BOUNDARY_INDEX gpu=1 dense_words=56229 boundary_words=320 indexed=1 build_ms=4.678452
GPU begin!
BENCH_SETUP algorithm=MLMQ input_ms=68.623989 reference_ms=423.041992 initialization_other_ms=499.065211 setup_wall_ms=990.731192
L2_CAPACITY budget=2147483647 record_bytes=8 buckets=16 per_bucket=16776704 allocated_records=268435455 counter_bits=32
L2_CAPACITY budget=2147483647 record_bytes=8 buckets=16 per_bucket=16776704 allocated_records=268435455 counter_bits=32
L3_CONFIG gpu=1 work_blocks=107 delta=200000 worker_recovery=1 term_wait_ack=1 rx_priority_bootstrap=0 rx_express=0 rx_express_enabled=0 rx_express_slots=64 rx_express_batch=32 rx_l2_pull=0 rx_l2_pull_claim=0 rx_l2_pull_enabled=0
L3_CONFIG gpu=0 work_blocks=107 delta=200000 worker_recovery=1 term_wait_ack=1 rx_priority_bootstrap=0 rx_express=0 rx_express_enabled=0 rx_express_slots=64 rx_express_batch=32 rx_l2_pull=0 rx_l2_pull_claim=0 rx_l2_pull_enabled=0
L2_FINAL gpu=0 buckets=16 reads=1486306 writes=1486306 completed=1486306
L2_FINAL gpu=1 buckets=16 reads=1388545 writes=1388545 completed=1388545
GPU multi-GPU wall time 32.94 ms
gpu
1447791 1448509 1448811 1448655 1457860 1449642 1460129 1453152 1460560 1460566 1460604 1460644 1456247 1452009 1461037 1460904 1460605 1459891 1458484 1457460 1466370 1462485 1461719 1463936 1462179 1460771 1458744 1459604 1459246 1467181 
cpu
1447791 1448509 1448811 1448655 1457860 1449642 1460129 1453152 1460560 1460566 1460604 1460644 1456247 1452009 1461037 1460904 1460605 1459891 1458484 1457460 1466370 1462485 1461719 1463936 1462179 1460771 1458744 1459604 1459246 1467181 
WIDE_ORACLE vertices=3598623 correct=1
mlmq sssp correct!
BENCH algorithm=MLMQ gpu_count=2 source=1799311 repeat=0 warmup=1 queue=L1SLF_L2DQ solve_ms=25.938415 collection_ms=4.718271 query_wall_ms=37.659113 prepare_ms=6.935786 post_solve_ms=0.066606 correct=1
L3_CONFIG gpu=1 work_blocks=107 delta=200000 worker_recovery=1 term_wait_ack=1 rx_priority_bootstrap=0 rx_express=0 rx_express_enabled=0 rx_express_slots=64 rx_express_batch=32 rx_l2_pull=0 rx_l2_pull_claim=0 rx_l2_pull_enabled=0
L3_CONFIG gpu=0 work_blocks=107 delta=200000 worker_recovery=1 term_wait_ack=1 rx_priority_bootstrap=0 rx_express=0 rx_express_enabled=0 rx_express_slots=64 rx_express_batch=32 rx_l2_pull=0 rx_l2_pull_claim=0 rx_l2_pull_enabled=0
L2_FINAL gpu=0 buckets=16 reads=1556604 writes=1556604 completed=1556604
L2_FINAL gpu=1 buckets=16 reads=1424813 writes=1424813 completed=1424813
GPU multi-GPU wall time 26.62 ms
gpu
1447791 1448509 1448811 1448655 1457860 1449642 1460129 1453152 1460560 1460566 1460604 1460644 1456247 1452009 1461037 1460904 1460605 1459891 1458484 1457460 1466370 1462485 1461719 1463936 1462179 1460771 1458744 1459604 1459246 1467181 
cpu
1447791 1448509 1448811 1448655 1457860 1449642 1460129 1453152 1460560 1460566 1460604 1460644 1456247 1452009 1461037 1460904 1460605 1459891 1458484 1457460 1466370 1462485 1461719 1463936 1462179 1460771 1458744 1459604 1459246 1467181 
WIDE_ORACLE vertices=3598623 correct=1
mlmq sssp correct!
BENCH algorithm=MLMQ gpu_count=2 source=1799311 repeat=1 warmup=0 queue=L1SLF_L2DQ solve_ms=23.776045 collection_ms=0.999887 query_wall_ms=27.617276 prepare_ms=2.794793 post_solve_ms=0.046521 correct=1
L3_CONFIG gpu=0 work_blocks=107 delta=200000 worker_recovery=1 term_wait_ack=1 rx_priority_bootstrap=0 rx_express=0 rx_express_enabled=0 rx_express_slots=64 rx_express_batch=32 rx_l2_pull=0 rx_l2_pull_claim=0 rx_l2_pull_enabled=0
L3_CONFIG gpu=1 work_blocks=107 delta=200000 worker_recovery=1 term_wait_ack=1 rx_priority_bootstrap=0 rx_express=0 rx_express_enabled=0 rx_express_slots=64 rx_express_batch=32 rx_l2_pull=0 rx_l2_pull_claim=0 rx_l2_pull_enabled=0
L2_FINAL gpu=0 buckets=16 reads=2252958 writes=2252958 completed=2252958
L2_FINAL gpu=1 buckets=16 reads=1414037 writes=1414037 completed=1414037
GPU multi-GPU wall time 27.35 ms
gpu
1447791 1448509 1448811 1448655 1457860 1449642 1460129 1453152 1460560 1460566 1460604 1460644 1456247 1452009 1461037 1460904 1460605 1459891 1458484 1457460 1466370 1462485 1461719 1463936 1462179 1460771 1458744 1459604 1459246 1467181 
cpu
1447791 1448509 1448811 1448655 1457860 1449642 1460129 1453152 1460560 1460566 1460604 1460644 1456247 1452009 1461037 1460904 1460605 1459891 1458484 1457460 1466370 1462485 1461719 1463936 1462179 1460771 1458744 1459604 1459246 1467181 
WIDE_ORACLE vertices=3598623 correct=1
mlmq sssp correct!
BENCH algorithm=MLMQ gpu_count=2 source=1799311 repeat=2 warmup=0 queue=L1SLF_L2DQ solve_ms=24.495284 collection_ms=1.238856 query_wall_ms=28.594875 prepare_ms=2.812231 post_solve_ms=0.048476 correct=1
L3_CONFIG gpu=0 work_blocks=107 delta=200000 worker_recovery=1 term_wait_ack=1 rx_priority_bootstrap=0 rx_express=0 rx_express_enabled=0 rx_express_slots=64 rx_express_batch=32 rx_l2_pull=0 rx_l2_pull_claim=0 rx_l2_pull_enabled=0
L3_CONFIG gpu=1 work_blocks=107 delta=200000 worker_recovery=1 term_wait_ack=1 rx_priority_bootstrap=0 rx_express=0 rx_express_enabled=0 rx_express_slots=64 rx_express_batch=32 rx_l2_pull=0 rx_l2_pull_claim=0 rx_l2_pull_enabled=0
L2_FINAL gpu=1 buckets=16 reads=1417494 writes=1417494 completed=1417494
L2_FINAL gpu=0 buckets=16 reads=2129876 writes=2129876 completed=2129876
GPU multi-GPU wall time 26.92 ms
gpu
1447791 1448509 1448811 1448655 1457860 1449642 1460129 1453152 1460560 1460566 1460604 1460644 1456247 1452009 1461037 1460904 1460605 1459891 1458484 1457460 1466370 1462485 1461719 1463936 1462179 1460771 1458744 1459604 1459246 1467181 
cpu
1447791 1448509 1448811 1448655 1457860 1449642 1460129 1453152 1460560 1460566 1460604 1460644 1456247 1452009 1461037 1460904 1460605 1459891 1458484 1457460 1466370 1462485 1461719 1463936 1462179 1460771 1458744 1459604 1459246 1467181 
WIDE_ORACLE vertices=3598623 correct=1
mlmq sssp correct!
BENCH algorithm=MLMQ gpu_count=2 source=1799311 repeat=3 warmup=0 queue=L1SLF_L2DQ solve_ms=24.081115 collection_ms=1.035777 query_wall_ms=27.957186 prepare_ms=2.788762 post_solve_ms=0.051503 correct=1
L3_CONFIG gpu=0 work_blocks=107 delta=200000 worker_recovery=1 term_wait_ack=1 rx_priority_bootstrap=0 rx_express=0 rx_express_enabled=0 rx_express_slots=64 rx_express_batch=32 rx_l2_pull=0 rx_l2_pull_claim=0 rx_l2_pull_enabled=0
L3_CONFIG gpu=1 work_blocks=107 delta=200000 worker_recovery=1 term_wait_ack=1 rx_priority_bootstrap=0 rx_express=0 rx_express_enabled=0 rx_express_slots=64 rx_express_batch=32 rx_l2_pull=0 rx_l2_pull_claim=0 rx_l2_pull_enabled=0
L2_FINAL gpu=1 buckets=16 reads=1352805 writes=1352805 completed=1352805
L2_FINAL gpu=0 buckets=16 reads=1479347 writes=1479347 completed=1479347
GPU multi-GPU wall time 28.62 ms
gpu
1447791 1448509 1448811 1448655 1457860 1449642 1460129 1453152 1460560 1460566 1460604 1460644 1456247 1452009 1461037 1460904 1460605 1459891 1458484 1457460 1466370 1462485 1461719 1463936 1462179 1460771 1458744 1459604 1459246 1467181 
cpu
1447791 1448509 1448811 1448655 1457860 1449642 1460129 1453152 1460560 1460566 1460604 1460644 1456247 1452009 1461037 1460904 1460605 1459891 1458484 1457460 1466370 1462485 1461719 1463936 1462179 1460771 1458744 1459604 1459246 1467181 
WIDE_ORACLE vertices=3598623 correct=1
mlmq sssp correct!
BENCH algorithm=MLMQ gpu_count=2 source=1799311 repeat=4 warmup=0 queue=L1SLF_L2DQ solve_ms=26.033796 collection_ms=1.255062 query_wall_ms=29.879758 prepare_ms=2.540430 post_solve_ms=0.050448 correct=1
L3_CONFIG gpu=0 work_blocks=107 delta=200000 worker_recovery=1 term_wait_ack=1 rx_priority_bootstrap=0 rx_express=0 rx_express_enabled=0 rx_express_slots=64 rx_express_batch=32 rx_l2_pull=0 rx_l2_pull_claim=0 rx_l2_pull_enabled=0
L3_CONFIG gpu=1 work_blocks=107 delta=200000 worker_recovery=1 term_wait_ack=1 rx_priority_bootstrap=0 rx_express=0 rx_express_enabled=0 rx_express_slots=64 rx_express_batch=32 rx_l2_pull=0 rx_l2_pull_claim=0 rx_l2_pull_enabled=0
L2_FINAL gpu=0 buckets=16 reads=1531382 writes=1531382 completed=1531382
L2_FINAL gpu=1 buckets=16 reads=1390387 writes=1390387 completed=1390387
GPU multi-GPU wall time 28.00 ms
gpu
1447791 1448509 1448811 1448655 1457860 1449642 1460129 1453152 1460560 1460566 1460604 1460644 1456247 1452009 1461037 1460904 1460605 1459891 1458484 1457460 1466370 1462485 1461719 1463936 1462179 1460771 1458744 1459604 1459246 1467181 
cpu
1447791 1448509 1448811 1448655 1457860 1449642 1460129 1453152 1460560 1460566 1460604 1460644 1456247 1452009 1461037 1460904 1460605 1459891 1458484 1457460 1466370 1462485 1461719 1463936 1462179 1460771 1458744 1459604 1459246 1467181 
WIDE_ORACLE vertices=3598623 correct=1
mlmq sssp correct!
BENCH algorithm=MLMQ gpu_count=2 source=1799311 repeat=5 warmup=0 queue=L1SLF_L2DQ solve_ms=25.470074 collection_ms=1.010405 query_wall_ms=29.006638 prepare_ms=2.488084 post_solve_ms=0.038046 correct=1

RUN_RC=0
HOST_ELAPSED_SECONDS=1.643675
