/mnt/709/data3/home/Dingzhong/src/mlmq_ppopp26/tmp/landmark206_matrix/E/landmark.gr
Graph name: /mnt/709/data3/home/Dingzhong/src/mlmq_ppopp26/tmp/landmark206_matrix/E/landmark.gr
nGPU: 2
sources: 1
delta override: 200000
nnodes=3598623, nedges=8778114.
Host memory for graph:  94 MB
	  1%
	 10%
	 20%
	 30%
	 40%
	 50%
	 60%
	 70%
	 80%
	 90%
	100%
Maximum degree: 9
ADAPTIVE-Q: cross_ratio=0.0132% < 0.0700% -> L1V_L2DQ
----------Graph information----------
number of vertices 3598623 number of edges 8778114
average nnz 2.44 maximum nnz 9.00 deviation nnz 0.95
average weight 2112.28 maximum weight 200760.00 deviation weight 2731.31 
-------------------------------------
CPU done!
CPU total work count 8778114
CPU sequential time 400.82 ms
GPU0 partition: [0, 1799311) v_local=1799311 nedges=4375307
GPU1 partition: [1799311, 3598623) v_local=1799312 nedges=4402807
L3_BOUNDARY_INDEX gpu=0 dense_words=56229 boundary_words=352 indexed=1 build_ms=3.803878
L3_BOUNDARY_INDEX gpu=1 dense_words=56229 boundary_words=320 indexed=1 build_ms=3.956171
GPU begin!
BENCH_SETUP algorithm=MLMQ input_ms=57.797196 reference_ms=400.820007 initialization_other_ms=477.283236 setup_wall_ms=935.900439
L2_CAPACITY budget=2147483647 record_bytes=8 buckets=16 per_bucket=16776704 allocated_records=268435455 counter_bits=32
L2_CAPACITY budget=2147483647 record_bytes=8 buckets=16 per_bucket=16776704 allocated_records=268435455 counter_bits=32
L3_CONFIG gpu=1 work_blocks=107 delta=200000 worker_recovery=1 term_wait_ack=1 rx_priority_bootstrap=0 rx_express=0 rx_express_enabled=0 rx_express_slots=64 rx_express_batch=32 rx_l2_pull=0 rx_l2_pull_claim=0 rx_l2_pull_enabled=0
L3_CONFIG gpu=0 work_blocks=107 delta=200000 worker_recovery=1 term_wait_ack=1 rx_priority_bootstrap=0 rx_express=0 rx_express_enabled=0 rx_express_slots=64 rx_express_batch=32 rx_l2_pull=0 rx_l2_pull_claim=0 rx_l2_pull_enabled=0
L2_FINAL gpu=1 buckets=16 reads=961846 writes=961846 completed=961846
L2_FINAL gpu=0 buckets=16 reads=4248337 writes=4248337 completed=4248337
GPU multi-GPU wall time 44.00 ms
gpu
1447791 1448509 1448811 1448655 1457860 1449642 1460129 1453152 1460560 1460566 1460604 1460644 1456247 1452009 1461037 1460904 1460605 1459891 1458484 1457460 1466370 1462485 1461719 1463936 1462179 1460771 1458744 1459604 1459246 1467181 
cpu
1447791 1448509 1448811 1448655 1457860 1449642 1460129 1453152 1460560 1460566 1460604 1460644 1456247 1452009 1461037 1460904 1460605 1459891 1458484 1457460 1466370 1462485 1461719 1463936 1462179 1460771 1458744 1459604 1459246 1467181 
WIDE_ORACLE vertices=3598623 correct=1
mlmq sssp correct!
BENCH algorithm=MLMQ gpu_count=2 source=1799311 repeat=0 warmup=1 queue=L1SLF_L2DQ solve_ms=36.767356 collection_ms=4.290789 query_wall_ms=48.288556 prepare_ms=7.153527 post_solve_ms=0.076863 correct=1
L3_CONFIG gpu=0 work_blocks=107 delta=200000 worker_recovery=1 term_wait_ack=1 rx_priority_bootstrap=0 rx_express=0 rx_express_enabled=0 rx_express_slots=64 rx_express_batch=32 rx_l2_pull=0 rx_l2_pull_claim=0 rx_l2_pull_enabled=0
L3_CONFIG gpu=1 work_blocks=107 delta=200000 worker_recovery=1 term_wait_ack=1 rx_priority_bootstrap=0 rx_express=0 rx_express_enabled=0 rx_express_slots=64 rx_express_batch=32 rx_l2_pull=0 rx_l2_pull_claim=0 rx_l2_pull_enabled=0
L2_FINAL gpu=0 buckets=16 reads=1271322 writes=1271322 completed=1271322
L2_FINAL gpu=1 buckets=16 reads=960392 writes=960392 completed=960392
GPU multi-GPU wall time 33.29 ms
gpu
1447791 1448509 1448811 1448655 1457860 1449642 1460129 1453152 1460560 1460566 1460604 1460644 1456247 1452009 1461037 1460904 1460605 1459891 1458484 1457460 1466370 1462485 1461719 1463936 1462179 1460771 1458744 1459604 1459246 1467181 
cpu
1447791 1448509 1448811 1448655 1457860 1449642 1460129 1453152 1460560 1460566 1460604 1460644 1456247 1452009 1461037 1460904 1460605 1459891 1458484 1457460 1466370 1462485 1461719 1463936 1462179 1460771 1458744 1459604 1459246 1467181 
WIDE_ORACLE vertices=3598623 correct=1
mlmq sssp correct!
BENCH algorithm=MLMQ gpu_count=2 source=1799311 repeat=1 warmup=0 queue=L1SLF_L2DQ solve_ms=30.405689 collection_ms=1.391506 query_wall_ms=34.680281 prepare_ms=2.838619 post_solve_ms=0.044437 correct=1
L3_CONFIG gpu=0 work_blocks=107 delta=200000 worker_recovery=1 term_wait_ack=1 rx_priority_bootstrap=0 rx_express=0 rx_express_enabled=0 rx_express_slots=64 rx_express_batch=32 rx_l2_pull=0 rx_l2_pull_claim=0 rx_l2_pull_enabled=0
L3_CONFIG gpu=1 work_blocks=107 delta=200000 worker_recovery=1 term_wait_ack=1 rx_priority_bootstrap=0 rx_express=0 rx_express_enabled=0 rx_express_slots=64 rx_express_batch=32 rx_l2_pull=0 rx_l2_pull_claim=0 rx_l2_pull_enabled=0
L2_FINAL gpu=0 buckets=16 reads=1268161 writes=1268161 completed=1268161
L2_FINAL gpu=1 buckets=16 reads=971435 writes=971435 completed=971435
GPU multi-GPU wall time 33.42 ms
gpu
1447791 1448509 1448811 1448655 1457860 1449642 1460129 1453152 1460560 1460566 1460604 1460644 1456247 1452009 1461037 1460904 1460605 1459891 1458484 1457460 1466370 1462485 1461719 1463936 1462179 1460771 1458744 1459604 1459246 1467181 
cpu
1447791 1448509 1448811 1448655 1457860 1449642 1460129 1453152 1460560 1460566 1460604 1460644 1456247 1452009 1461037 1460904 1460605 1459891 1458484 1457460 1466370 1462485 1461719 1463936 1462179 1460771 1458744 1459604 1459246 1467181 
WIDE_ORACLE vertices=3598623 correct=1
mlmq sssp correct!
BENCH algorithm=MLMQ gpu_count=2 source=1799311 repeat=2 warmup=0 queue=L1SLF_L2DQ solve_ms=30.575400 collection_ms=0.964388 query_wall_ms=34.390214 prepare_ms=2.803041 post_solve_ms=0.047363 correct=1
L3_CONFIG gpu=0 work_blocks=107 delta=200000 worker_recovery=1 term_wait_ack=1 rx_priority_bootstrap=0 rx_express=0 rx_express_enabled=0 rx_express_slots=64 rx_express_batch=32 rx_l2_pull=0 rx_l2_pull_claim=0 rx_l2_pull_enabled=0
L3_CONFIG gpu=1 work_blocks=107 delta=200000 worker_recovery=1 term_wait_ack=1 rx_priority_bootstrap=0 rx_express=0 rx_express_enabled=0 rx_express_slots=64 rx_express_batch=32 rx_l2_pull=0 rx_l2_pull_claim=0 rx_l2_pull_enabled=0
L2_FINAL gpu=0 buckets=16 reads=1346353 writes=1346353 completed=1346353
L2_FINAL gpu=1 buckets=16 reads=1012790 writes=1012790 completed=1012790
GPU multi-GPU wall time 33.22 ms
gpu
1447791 1448509 1448811 1448655 1457860 1449642 1460129 1453152 1460560 1460566 1460604 1460644 1456247 1452009 1461037 1460904 1460605 1459891 1458484 1457460 1466370 1462485 1461719 1463936 1462179 1460771 1458744 1459604 1459246 1467181 
cpu
1447791 1448509 1448811 1448655 1457860 1449642 1460129 1453152 1460560 1460566 1460604 1460644 1456247 1452009 1461037 1460904 1460605 1459891 1458484 1457460 1466370 1462485 1461719 1463936 1462179 1460771 1458744 1459604 1459246 1467181 
WIDE_ORACLE vertices=3598623 correct=1
mlmq sssp correct!
BENCH algorithm=MLMQ gpu_count=2 source=1799311 repeat=3 warmup=0 queue=L1SLF_L2DQ solve_ms=30.278550 collection_ms=1.048167 query_wall_ms=34.268096 prepare_ms=2.890039 post_solve_ms=0.051320 correct=1
L3_CONFIG gpu=0 work_blocks=107 delta=200000 worker_recovery=1 term_wait_ack=1 rx_priority_bootstrap=0 rx_express=0 rx_express_enabled=0 rx_express_slots=64 rx_express_batch=32 rx_l2_pull=0 rx_l2_pull_claim=0 rx_l2_pull_enabled=0
L3_CONFIG gpu=1 work_blocks=107 delta=200000 worker_recovery=1 term_wait_ack=1 rx_priority_bootstrap=0 rx_express=0 rx_express_enabled=0 rx_express_slots=64 rx_express_batch=32 rx_l2_pull=0 rx_l2_pull_claim=0 rx_l2_pull_enabled=0
L2_FINAL gpu=0 buckets=16 reads=1226535 writes=1226535 completed=1226535
L2_FINAL gpu=1 buckets=16 reads=997982 writes=997982 completed=997982
GPU multi-GPU wall time 33.47 ms
gpu
1447791 1448509 1448811 1448655 1457860 1449642 1460129 1453152 1460560 1460566 1460604 1460644 1456247 1452009 1461037 1460904 1460605 1459891 1458484 1457460 1466370 1462485 1461719 1463936 1462179 1460771 1458744 1459604 1459246 1467181 
cpu
1447791 1448509 1448811 1448655 1457860 1449642 1460129 1453152 1460560 1460566 1460604 1460644 1456247 1452009 1461037 1460904 1460605 1459891 1458484 1457460 1466370 1462485 1461719 1463936 1462179 1460771 1458744 1459604 1459246 1467181 
WIDE_ORACLE vertices=3598623 correct=1
mlmq sssp correct!
BENCH algorithm=MLMQ gpu_count=2 source=1799311 repeat=4 warmup=0 queue=L1SLF_L2DQ solve_ms=30.848627 collection_ms=0.994531 query_wall_ms=34.464771 prepare_ms=2.571347 post_solve_ms=0.050245 correct=1
L3_CONFIG gpu=0 work_blocks=107 delta=200000 worker_recovery=1 term_wait_ack=1 rx_priority_bootstrap=0 rx_express=0 rx_express_enabled=0 rx_express_slots=64 rx_express_batch=32 rx_l2_pull=0 rx_l2_pull_claim=0 rx_l2_pull_enabled=0
L3_CONFIG gpu=1 work_blocks=107 delta=200000 worker_recovery=1 term_wait_ack=1 rx_priority_bootstrap=0 rx_express=0 rx_express_enabled=0 rx_express_slots=64 rx_express_batch=32 rx_l2_pull=0 rx_l2_pull_claim=0 rx_l2_pull_enabled=0
L2_FINAL gpu=1 buckets=16 reads=998270 writes=998270 completed=998270
L2_FINAL gpu=0 buckets=16 reads=1257356 writes=1257356 completed=1257356
GPU multi-GPU wall time 33.00 ms
gpu
1447791 1448509 1448811 1448655 1457860 1449642 1460129 1453152 1460560 1460566 1460604 1460644 1456247 1452009 1461037 1460904 1460605 1459891 1458484 1457460 1466370 1462485 1461719 1463936 1462179 1460771 1458744 1459604 1459246 1467181 
cpu
1447791 1448509 1448811 1448655 1457860 1449642 1460129 1453152 1460560 1460566 1460604 1460644 1456247 1452009 1461037 1460904 1460605 1459891 1458484 1457460 1466370 1462485 1461719 1463936 1462179 1460771 1458744 1459604 1459246 1467181 
WIDE_ORACLE vertices=3598623 correct=1
mlmq sssp correct!
BENCH algorithm=MLMQ gpu_count=2 source=1799311 repeat=5 warmup=0 queue=L1SLF_L2DQ solve_ms=30.405072 collection_ms=0.973245 query_wall_ms=33.969059 prepare_ms=2.541792 post_solve_ms=0.048933 correct=1

RUN_RC=0
HOST_ELAPSED_SECONDS=1.630424
