/mnt/709/data3/home/Dingzhong/src/mlmq_ppopp26/tmp/landmark206_matrix/USA/landmark.gr
Graph name: /mnt/709/data3/home/Dingzhong/src/mlmq_ppopp26/tmp/landmark206_matrix/USA/landmark.gr
nGPU: 2
sources: 1
delta override: 200000
nnodes=23947347, nedges=57708624.
Host memory for graph: 622 MB
	  1%
	 10%
	 20%
	 30%
	 40%
	 50%
	 60%
	 70%
	 80%
	 90%
	100%
Maximum degree: 9
ADAPTIVE-Q: cross_ratio=0.0169% < 0.0700% -> L1V_L2DQ
----------Graph information----------
number of vertices 23947347 number of edges 57708624
average nnz 2.44 maximum nnz 9.00 deviation nnz 0.85
average weight 2285.73 maximum weight 368855.00 deviation weight 3901.49 
-------------------------------------
CPU done!
CPU total work count 57708624
CPU sequential time 3131.81 ms
GPU0 partition: [0, 14368408) v_local=14368408 nedges=34589534
GPU1 partition: [14368408, 23947347) v_local=9578939 nedges=23119090
L3_BOUNDARY_INDEX gpu=0 dense_words=299342 boundary_words=700 indexed=1 build_ms=29.552910
L3_BOUNDARY_INDEX gpu=1 dense_words=449013 boundary_words=662 indexed=1 build_ms=20.383705
GPU begin!
BENCH_SETUP algorithm=MLMQ input_ms=389.594208 reference_ms=3131.806885 initialization_other_ms=1443.517837 setup_wall_ms=4964.918930
L2_CAPACITY budget=2147483647 record_bytes=8 buckets=16 per_bucket=16776704 allocated_records=268435455 counter_bits=32
L2_CAPACITY budget=2147483647 record_bytes=8 buckets=16 per_bucket=16776704 allocated_records=268435455 counter_bits=32
L3_CONFIG gpu=1 work_blocks=107 delta=200000 worker_recovery=1 term_wait_ack=1 rx_priority_bootstrap=0 rx_express=0 rx_express_enabled=0 rx_express_slots=64 rx_express_batch=32 rx_l2_pull=0 rx_l2_pull_claim=0 rx_l2_pull_enabled=0
L3_CONFIG gpu=0 work_blocks=107 delta=200000 worker_recovery=1 term_wait_ack=1 rx_priority_bootstrap=0 rx_express=0 rx_express_enabled=0 rx_express_slots=64 rx_express_batch=32 rx_l2_pull=0 rx_l2_pull_claim=0 rx_l2_pull_enabled=0
L2_FINAL gpu=1 buckets=16 reads=4513938 writes=4513938 completed=4513938
L2_FINAL gpu=0 buckets=16 reads=5811042 writes=5811042 completed=5811042
GPU multi-GPU wall time 136.76 ms
gpu
3885704 3889069 3889665 3887147 3889909 3891006 3891660 3888157 3888872 3892869 3894621 3893646 3893843 3889024 3884747 3893318 3892607 3895480 3894442 3894667 3890133 3887462 3883751 3896038 3894488 3889248 3893240 3896477 3899421 3893918 
cpu
3885704 3889069 3889665 3887147 3889909 3891006 3891660 3888157 3888872 3892869 3894621 3893646 3893843 3889024 3884747 3893318 3892607 3895480 3894442 3894667 3890133 3887462 3883751 3896038 3894488 3889248 3893240 3896477 3899421 3893918 
WIDE_ORACLE vertices=23947347 correct=1
mlmq sssp correct!
BENCH algorithm=MLMQ gpu_count=2 source=11973673 repeat=0 warmup=1 queue=L1SLF_L2DQ solve_ms=130.268021 collection_ms=49.521304 query_wall_ms=186.283869 prepare_ms=6.405309 post_solve_ms=0.089201 correct=1
L3_CONFIG gpu=0 work_blocks=107 delta=200000 worker_recovery=1 term_wait_ack=1 rx_priority_bootstrap=0 rx_express=0 rx_express_enabled=0 rx_express_slots=64 rx_express_batch=32 rx_l2_pull=0 rx_l2_pull_claim=0 rx_l2_pull_enabled=0
L3_CONFIG gpu=1 work_blocks=107 delta=200000 worker_recovery=1 term_wait_ack=1 rx_priority_bootstrap=0 rx_express=0 rx_express_enabled=0 rx_express_slots=64 rx_express_batch=32 rx_l2_pull=0 rx_l2_pull_claim=0 rx_l2_pull_enabled=0
L2_FINAL gpu=1 buckets=16 reads=4241659 writes=4241659 completed=4241659
L2_FINAL gpu=0 buckets=16 reads=5722800 writes=5722800 completed=5722800
GPU multi-GPU wall time 113.94 ms
gpu
3885704 3889069 3889665 3887147 3889909 3891006 3891660 3888157 3888872 3892869 3894621 3893646 3893843 3889024 3884747 3893318 3892607 3895480 3894442 3894667 3890133 3887462 3883751 3896038 3894488 3889248 3893240 3896477 3899421 3893918 
cpu
3885704 3889069 3889665 3887147 3889909 3891006 3891660 3888157 3888872 3892869 3894621 3893646 3893843 3889024 3884747 3893318 3892607 3895480 3894442 3894667 3890133 3887462 3883751 3896038 3894488 3889248 3893240 3896477 3899421 3893918 
WIDE_ORACLE vertices=23947347 correct=1
mlmq sssp correct!
BENCH algorithm=MLMQ gpu_count=2 source=11973673 repeat=1 warmup=0 queue=L1SLF_L2DQ solve_ms=110.996102 collection_ms=9.312982 query_wall_ms=123.253623 prepare_ms=2.877277 post_solve_ms=0.067232 correct=1
L3_CONFIG gpu=1 work_blocks=107 delta=200000 worker_recovery=1 term_wait_ack=1 rx_priority_bootstrap=0 rx_express=0 rx_express_enabled=0 rx_express_slots=64 rx_express_batch=32 rx_l2_pull=0 rx_l2_pull_claim=0 rx_l2_pull_enabled=0
L3_CONFIG gpu=0 work_blocks=107 delta=200000 worker_recovery=1 term_wait_ack=1 rx_priority_bootstrap=0 rx_express=0 rx_express_enabled=0 rx_express_slots=64 rx_express_batch=32 rx_l2_pull=0 rx_l2_pull_claim=0 rx_l2_pull_enabled=0
L2_FINAL gpu=0 buckets=16 reads=5593129 writes=5593129 completed=5593129
L2_FINAL gpu=1 buckets=16 reads=4525709 writes=4525709 completed=4525709
GPU multi-GPU wall time 102.18 ms
gpu
3885704 3889069 3889665 3887147 3889909 3891006 3891660 3888157 3888872 3892869 3894621 3893646 3893843 3889024 3884747 3893318 3892607 3895480 3894442 3894667 3890133 3887462 3883751 3896038 3894488 3889248 3893240 3896477 3899421 3893918 
cpu
3885704 3889069 3889665 3887147 3889909 3891006 3891660 3888157 3888872 3892869 3894621 3893646 3893843 3889024 3884747 3893318 3892607 3895480 3894442 3894667 3890133 3887462 3883751 3896038 3894488 3889248 3893240 3896477 3899421 3893918 
WIDE_ORACLE vertices=23947347 correct=1
mlmq sssp correct!
BENCH algorithm=MLMQ gpu_count=2 source=11973673 repeat=2 warmup=0 queue=L1SLF_L2DQ solve_ms=99.283904 collection_ms=9.606120 query_wall_ms=111.785648 prepare_ms=2.849264 post_solve_ms=0.046332 correct=1
L3_CONFIG gpu=0 work_blocks=107 delta=200000 worker_recovery=1 term_wait_ack=1 rx_priority_bootstrap=0 rx_express=0 rx_express_enabled=0 rx_express_slots=64 rx_express_batch=32 rx_l2_pull=0 rx_l2_pull_claim=0 rx_l2_pull_enabled=0
L3_CONFIG gpu=1 work_blocks=107 delta=200000 worker_recovery=1 term_wait_ack=1 rx_priority_bootstrap=0 rx_express=0 rx_express_enabled=0 rx_express_slots=64 rx_express_batch=32 rx_l2_pull=0 rx_l2_pull_claim=0 rx_l2_pull_enabled=0
L2_FINAL gpu=1 buckets=16 reads=4424812 writes=4424812 completed=4424812
L2_FINAL gpu=0 buckets=16 reads=5789884 writes=5789884 completed=5789884
GPU multi-GPU wall time 116.14 ms
gpu
3885704 3889069 3889665 3887147 3889909 3891006 3891660 3888157 3888872 3892869 3894621 3893646 3893843 3889024 3884747 3893318 3892607 3895480 3894442 3894667 3890133 3887462 3883751 3896038 3894488 3889248 3893240 3896477 3899421 3893918 
cpu
3885704 3889069 3889665 3887147 3889909 3891006 3891660 3888157 3888872 3892869 3894621 3893646 3893843 3889024 3884747 3893318 3892607 3895480 3894442 3894667 3890133 3887462 3883751 3896038 3894488 3889248 3893240 3896477 3899421 3893918 
WIDE_ORACLE vertices=23947347 correct=1
mlmq sssp correct!
BENCH algorithm=MLMQ gpu_count=2 source=11973673 repeat=3 warmup=0 queue=L1SLF_L2DQ solve_ms=113.285987 collection_ms=10.000210 query_wall_ms=126.139898 prepare_ms=2.772703 post_solve_ms=0.080969 correct=1
L3_CONFIG gpu=0 work_blocks=107 delta=200000 worker_recovery=1 term_wait_ack=1 rx_priority_bootstrap=0 rx_express=0 rx_express_enabled=0 rx_express_slots=64 rx_express_batch=32 rx_l2_pull=0 rx_l2_pull_claim=0 rx_l2_pull_enabled=0
L3_CONFIG gpu=1 work_blocks=107 delta=200000 worker_recovery=1 term_wait_ack=1 rx_priority_bootstrap=0 rx_express=0 rx_express_enabled=0 rx_express_slots=64 rx_express_batch=32 rx_l2_pull=0 rx_l2_pull_claim=0 rx_l2_pull_enabled=0
L2_FINAL gpu=1 buckets=16 reads=4433026 writes=4433026 completed=4433026
L2_FINAL gpu=0 buckets=16 reads=5653684 writes=5653684 completed=5653684
GPU multi-GPU wall time 128.64 ms
gpu
3885704 3889069 3889665 3887147 3889909 3891006 3891660 3888157 3888872 3892869 3894621 3893646 3893843 3889024 3884747 3893318 3892607 3895480 3894442 3894667 3890133 3887462 3883751 3896038 3894488 3889248 3893240 3896477 3899421 3893918 
cpu
3885704 3889069 3889665 3887147 3889909 3891006 3891660 3888157 3888872 3892869 3894621 3893646 3893843 3889024 3884747 3893318 3892607 3895480 3894442 3894667 3890133 3887462 3883751 3896038 3894488 3889248 3893240 3896477 3899421 3893918 
WIDE_ORACLE vertices=23947347 correct=1
mlmq sssp correct!
BENCH algorithm=MLMQ gpu_count=2 source=11973673 repeat=4 warmup=0 queue=L1SLF_L2DQ solve_ms=125.723700 collection_ms=9.674828 query_wall_ms=138.311545 prepare_ms=2.843166 post_solve_ms=0.069822 correct=1
L3_CONFIG gpu=0 work_blocks=107 delta=200000 worker_recovery=1 term_wait_ack=1 rx_priority_bootstrap=0 rx_express=0 rx_express_enabled=0 rx_express_slots=64 rx_express_batch=32 rx_l2_pull=0 rx_l2_pull_claim=0 rx_l2_pull_enabled=0
L3_CONFIG gpu=1 work_blocks=107 delta=200000 worker_recovery=1 term_wait_ack=1 rx_priority_bootstrap=0 rx_express=0 rx_express_enabled=0 rx_express_slots=64 rx_express_batch=32 rx_l2_pull=0 rx_l2_pull_claim=0 rx_l2_pull_enabled=0
L2_FINAL gpu=1 buckets=16 reads=4373071 writes=4373071 completed=4373071
L2_FINAL gpu=0 buckets=16 reads=5700305 writes=5700305 completed=5700305
GPU multi-GPU wall time 122.83 ms
gpu
3885704 3889069 3889665 3887147 3889909 3891006 3891660 3888157 3888872 3892869 3894621 3893646 3893843 3889024 3884747 3893318 3892607 3895480 3894442 3894667 3890133 3887462 3883751 3896038 3894488 3889248 3893240 3896477 3899421 3893918 
cpu
3885704 3889069 3889665 3887147 3889909 3891006 3891660 3888157 3888872 3892869 3894621 3893646 3893843 3889024 3884747 3893318 3892607 3895480 3894442 3894667 3890133 3887462 3883751 3896038 3894488 3889248 3893240 3896477 3899421 3893918 
WIDE_ORACLE vertices=23947347 correct=1
mlmq sssp correct!
BENCH algorithm=MLMQ gpu_count=2 source=11973673 repeat=5 warmup=0 queue=L1SLF_L2DQ solve_ms=119.963639 collection_ms=9.364627 query_wall_ms=132.199138 prepare_ms=2.805018 post_solve_ms=0.065825 correct=1

RUN_RC=0
HOST_ELAPSED_SECONDS=6.738984
