/mnt/709/data3/home/Dingzhong/src/mlmq_ppopp26/tmp/landmark206_matrix/W/landmark.gr
Graph name: /mnt/709/data3/home/Dingzhong/src/mlmq_ppopp26/tmp/landmark206_matrix/W/landmark.gr
nGPU: 2
sources: 1
delta override: 200000
nnodes=6262104, nedges=15248146.
Host memory for graph: 164 MB
	  1%
	 10%
	 20%
	 30%
	 40%
	 50%
	 60%
	 70%
	 80%
	 90%
	100%
Maximum degree: 9
ADAPTIVE-Q: cross_ratio=0.0550% < 0.0700% -> L1V_L2DQ
----------Graph information----------
number of vertices 6262104 number of edges 15248146
average nnz 2.43 maximum nnz 9.00 deviation nnz 0.93
average weight 3587.62 maximum weight 368855.00 deviation weight 5270.09 
-------------------------------------
CPU done!
CPU total work count 15248146
CPU sequential time 743.17 ms
GPU0 partition: [0, 2504841) v_local=2504841 nedges=6019846
GPU1 partition: [2504841, 6262104) v_local=3757263 nedges=9228300
L3_BOUNDARY_INDEX gpu=0 dense_words=117415 boundary_words=510 indexed=1 build_ms=5.215812
L3_BOUNDARY_INDEX gpu=1 dense_words=78277 boundary_words=498 indexed=1 build_ms=8.349698
GPU begin!
BENCH_SETUP algorithm=MLMQ input_ms=100.721463 reference_ms=743.174988 initialization_other_ms=603.281576 setup_wall_ms=1447.178027
L2_CAPACITY budget=2147483647 record_bytes=8 buckets=16 per_bucket=16776704 allocated_records=268435455 counter_bits=32
L2_CAPACITY budget=2147483647 record_bytes=8 buckets=16 per_bucket=16776704 allocated_records=268435455 counter_bits=32
L3_CONFIG gpu=0 work_blocks=107 delta=200000 worker_recovery=1 term_wait_ack=1 rx_priority_bootstrap=0 rx_express=0 rx_express_enabled=0 rx_express_slots=64 rx_express_batch=32 rx_l2_pull=0 rx_l2_pull_claim=0 rx_l2_pull_enabled=0
L3_CONFIG gpu=1 work_blocks=107 delta=200000 worker_recovery=1 term_wait_ack=1 rx_priority_bootstrap=0 rx_express=0 rx_express_enabled=0 rx_express_slots=64 rx_express_batch=32 rx_l2_pull=0 rx_l2_pull_claim=0 rx_l2_pull_enabled=0
L2_FINAL gpu=1 buckets=16 reads=1784478 writes=1784478 completed=1784478
L2_FINAL gpu=0 buckets=16 reads=1123145 writes=1123145 completed=1123145
GPU multi-GPU wall time 51.85 ms
gpu
6199524 6167003 6205194 6206144 6165876 6173439 6177211 6216604 6224831 6206540 6164333 6171820 6170338 6152466 6180584 6169776 6186986 6187396 6219946 6236079 6223911 6229928 6207303 6201212 6193393 6180022 6156127 6155185 6189925 6184380 
cpu
6199524 6167003 6205194 6206144 6165876 6173439 6177211 6216604 6224831 6206540 6164333 6171820 6170338 6152466 6180584 6169776 6186986 6187396 6219946 6236079 6223911 6229928 6207303 6201212 6193393 6180022 6156127 6155185 6189925 6184380 
WIDE_ORACLE vertices=6262104 correct=1
mlmq sssp correct!
BENCH algorithm=MLMQ gpu_count=2 source=3131052 repeat=0 warmup=1 queue=L1SLF_L2DQ solve_ms=45.424308 collection_ms=5.631259 query_wall_ms=57.485951 prepare_ms=6.351999 post_solve_ms=0.078351 correct=1
L3_CONFIG gpu=0 work_blocks=107 delta=200000 worker_recovery=1 term_wait_ack=1 rx_priority_bootstrap=0 rx_express=0 rx_express_enabled=0 rx_express_slots=64 rx_express_batch=32 rx_l2_pull=0 rx_l2_pull_claim=0 rx_l2_pull_enabled=0
L3_CONFIG gpu=1 work_blocks=107 delta=200000 worker_recovery=1 term_wait_ack=1 rx_priority_bootstrap=0 rx_express=0 rx_express_enabled=0 rx_express_slots=64 rx_express_batch=32 rx_l2_pull=0 rx_l2_pull_claim=0 rx_l2_pull_enabled=0
L2_FINAL gpu=1 buckets=16 reads=1696593 writes=1696593 completed=1696593
L2_FINAL gpu=0 buckets=16 reads=1133625 writes=1133625 completed=1133625
GPU multi-GPU wall time 46.11 ms
gpu
6199524 6167003 6205194 6206144 6165876 6173439 6177211 6216604 6224831 6206540 6164333 6171820 6170338 6152466 6180584 6169776 6186986 6187396 6219946 6236079 6223911 6229928 6207303 6201212 6193393 6180022 6156127 6155185 6189925 6184380 
cpu
6199524 6167003 6205194 6206144 6165876 6173439 6177211 6216604 6224831 6206540 6164333 6171820 6170338 6152466 6180584 6169776 6186986 6187396 6219946 6236079 6223911 6229928 6207303 6201212 6193393 6180022 6156127 6155185 6189925 6184380 
WIDE_ORACLE vertices=6262104 correct=1
mlmq sssp correct!
BENCH algorithm=MLMQ gpu_count=2 source=3131052 repeat=1 warmup=0 queue=L1SLF_L2DQ solve_ms=43.311289 collection_ms=1.500779 query_wall_ms=47.610246 prepare_ms=2.753568 post_solve_ms=0.044588 correct=1
L3_CONFIG gpu=1 work_blocks=107 delta=200000 worker_recovery=1 term_wait_ack=1 rx_priority_bootstrap=0 rx_express=0 rx_express_enabled=0 rx_express_slots=64 rx_express_batch=32 rx_l2_pull=0 rx_l2_pull_claim=0 rx_l2_pull_enabled=0
L3_CONFIG gpu=0 work_blocks=107 delta=200000 worker_recovery=1 term_wait_ack=1 rx_priority_bootstrap=0 rx_express=0 rx_express_enabled=0 rx_express_slots=64 rx_express_batch=32 rx_l2_pull=0 rx_l2_pull_claim=0 rx_l2_pull_enabled=0
L2_FINAL gpu=1 buckets=16 reads=1775223 writes=1775223 completed=1775223
L2_FINAL gpu=0 buckets=16 reads=1165698 writes=1165698 completed=1165698
GPU multi-GPU wall time 46.38 ms
gpu
6199524 6167003 6205194 6206144 6165876 6173439 6177211 6216604 6224831 6206540 6164333 6171820 6170338 6152466 6180584 6169776 6186986 6187396 6219946 6236079 6223911 6229928 6207303 6201212 6193393 6180022 6156127 6155185 6189925 6184380 
cpu
6199524 6167003 6205194 6206144 6165876 6173439 6177211 6216604 6224831 6206540 6164333 6171820 6170338 6152466 6180584 6169776 6186986 6187396 6219946 6236079 6223911 6229928 6207303 6201212 6193393 6180022 6156127 6155185 6189925 6184380 
WIDE_ORACLE vertices=6262104 correct=1
mlmq sssp correct!
BENCH algorithm=MLMQ gpu_count=2 source=3131052 repeat=2 warmup=0 queue=L1SLF_L2DQ solve_ms=43.541040 collection_ms=2.176522 query_wall_ms=48.553629 prepare_ms=2.772063 post_solve_ms=0.063973 correct=1
L3_CONFIG gpu=1 work_blocks=107 delta=200000 worker_recovery=1 term_wait_ack=1 rx_priority_bootstrap=0 rx_express=0 rx_express_enabled=0 rx_express_slots=64 rx_express_batch=32 rx_l2_pull=0 rx_l2_pull_claim=0 rx_l2_pull_enabled=0
L3_CONFIG gpu=0 work_blocks=107 delta=200000 worker_recovery=1 term_wait_ack=1 rx_priority_bootstrap=0 rx_express=0 rx_express_enabled=0 rx_express_slots=64 rx_express_batch=32 rx_l2_pull=0 rx_l2_pull_claim=0 rx_l2_pull_enabled=0
L2_FINAL gpu=1 buckets=16 reads=1677148 writes=1677148 completed=1677148
L2_FINAL gpu=0 buckets=16 reads=1147024 writes=1147024 completed=1147024
GPU multi-GPU wall time 45.92 ms
gpu
6199524 6167003 6205194 6206144 6165876 6173439 6177211 6216604 6224831 6206540 6164333 6171820 6170338 6152466 6180584 6169776 6186986 6187396 6219946 6236079 6223911 6229928 6207303 6201212 6193393 6180022 6156127 6155185 6189925 6184380 
cpu
6199524 6167003 6205194 6206144 6165876 6173439 6177211 6216604 6224831 6206540 6164333 6171820 6170338 6152466 6180584 6169776 6186986 6187396 6219946 6236079 6223911 6229928 6207303 6201212 6193393 6180022 6156127 6155185 6189925 6184380 
WIDE_ORACLE vertices=6262104 correct=1
mlmq sssp correct!
BENCH algorithm=MLMQ gpu_count=2 source=3131052 repeat=3 warmup=0 queue=L1SLF_L2DQ solve_ms=43.260737 collection_ms=1.870514 query_wall_ms=47.794666 prepare_ms=2.609658 post_solve_ms=0.053705 correct=1
L3_CONFIG gpu=0 work_blocks=107 delta=200000 worker_recovery=1 term_wait_ack=1 rx_priority_bootstrap=0 rx_express=0 rx_express_enabled=0 rx_express_slots=64 rx_express_batch=32 rx_l2_pull=0 rx_l2_pull_claim=0 rx_l2_pull_enabled=0
L3_CONFIG gpu=1 work_blocks=107 delta=200000 worker_recovery=1 term_wait_ack=1 rx_priority_bootstrap=0 rx_express=0 rx_express_enabled=0 rx_express_slots=64 rx_express_batch=32 rx_l2_pull=0 rx_l2_pull_claim=0 rx_l2_pull_enabled=0
L2_FINAL gpu=1 buckets=16 reads=1679938 writes=1679938 completed=1679938
L2_FINAL gpu=0 buckets=16 reads=1104302 writes=1104302 completed=1104302
GPU multi-GPU wall time 45.97 ms
gpu
6199524 6167003 6205194 6206144 6165876 6173439 6177211 6216604 6224831 6206540 6164333 6171820 6170338 6152466 6180584 6169776 6186986 6187396 6219946 6236079 6223911 6229928 6207303 6201212 6193393 6180022 6156127 6155185 6189925 6184380 
cpu
6199524 6167003 6205194 6206144 6165876 6173439 6177211 6216604 6224831 6206540 6164333 6171820 6170338 6152466 6180584 6169776 6186986 6187396 6219946 6236079 6223911 6229928 6207303 6201212 6193393 6180022 6156127 6155185 6189925 6184380 
WIDE_ORACLE vertices=6262104 correct=1
mlmq sssp correct!
BENCH algorithm=MLMQ gpu_count=2 source=3131052 repeat=4 warmup=0 queue=L1SLF_L2DQ solve_ms=43.123438 collection_ms=2.096978 query_wall_ms=48.065397 prepare_ms=2.789290 post_solve_ms=0.055669 correct=1
L3_CONFIG gpu=1 work_blocks=107 delta=200000 worker_recovery=1 term_wait_ack=1 rx_priority_bootstrap=0 rx_express=0 rx_express_enabled=0 rx_express_slots=64 rx_express_batch=32 rx_l2_pull=0 rx_l2_pull_claim=0 rx_l2_pull_enabled=0
L3_CONFIG gpu=0 work_blocks=107 delta=200000 worker_recovery=1 term_wait_ack=1 rx_priority_bootstrap=0 rx_express=0 rx_express_enabled=0 rx_express_slots=64 rx_express_batch=32 rx_l2_pull=0 rx_l2_pull_claim=0 rx_l2_pull_enabled=0
L2_FINAL gpu=1 buckets=16 reads=1700712 writes=1700712 completed=1700712
L2_FINAL gpu=0 buckets=16 reads=1038202 writes=1038202 completed=1038202
GPU multi-GPU wall time 46.03 ms
gpu
6199524 6167003 6205194 6206144 6165876 6173439 6177211 6216604 6224831 6206540 6164333 6171820 6170338 6152466 6180584 6169776 6186986 6187396 6219946 6236079 6223911 6229928 6207303 6201212 6193393 6180022 6156127 6155185 6189925 6184380 
cpu
6199524 6167003 6205194 6206144 6165876 6173439 6177211 6216604 6224831 6206540 6164333 6171820 6170338 6152466 6180584 6169776 6186986 6187396 6219946 6236079 6223911 6229928 6207303 6201212 6193393 6180022 6156127 6155185 6189925 6184380 
WIDE_ORACLE vertices=6262104 correct=1
mlmq sssp correct!
BENCH algorithm=MLMQ gpu_count=2 source=3131052 repeat=5 warmup=0 queue=L1SLF_L2DQ solve_ms=43.350174 collection_ms=2.422608 query_wall_ms=48.459069 prepare_ms=2.625582 post_solve_ms=0.060675 correct=1

RUN_RC=0
HOST_ELAPSED_SECONDS=2.263296
