/mnt/709/data3/home/Dingzhong/src/mlmq_ppopp26/tmp/landmark206_matrix/BAY/landmark.gr
Graph name: /mnt/709/data3/home/Dingzhong/src/mlmq_ppopp26/tmp/landmark206_matrix/BAY/landmark.gr
nnodes=321270, nedges=800172.
Host memory for graph:   8 MB
	  1%
	 11%
	 21%
	 31%
	 41%
	 51%
	 61%
	 71%
	 81%
	 91%
Maximum degree: 7
----------Graph information----------
number of vertices 321270 number of edges 800172
average nnz 2.49 maximum nnz 7.00 deviation nnz 0.99
average weight 1630.20 maximum weight 94305.00 deviation weight 2385.91 
-------------------------------------
CPU done!
CPU total work count 800172
CPU sequential time 29.11 ms
GPU begin!
NO_L3_CONFIG workers=512 delta=200000 queue=L1SLF_L2DQ
L2_CAPACITY budget=2147483647 record_bytes=8 buckets=16 per_bucket=16776704 allocated_records=268435455 counter_bits=32
shm_size 68608 qshm_size 19456 nshm_size 16384 rshm_size 32768
Elapse time: 5.08 ms
WIDE_ORACLE vertices=321270 correct=1
BENCH algorithm=MLMQ baseline=original_no_l3 gpu_count=1 source=160635 repeat=0 warmup=1 queue=L1SLF_L2DQ solve_ms=5.066375 query_wall_ms=8.186294 correct=1
shm_size 68608 qshm_size 19456 nshm_size 16384 rshm_size 32768
Elapse time: 4.99 ms
WIDE_ORACLE vertices=321270 correct=1
BENCH algorithm=MLMQ baseline=original_no_l3 gpu_count=1 source=160635 repeat=1 warmup=0 queue=L1SLF_L2DQ solve_ms=4.981277 query_wall_ms=7.480664 correct=1
shm_size 68608 qshm_size 19456 nshm_size 16384 rshm_size 32768
Elapse time: 7.16 ms
WIDE_ORACLE vertices=321270 correct=1
BENCH algorithm=MLMQ baseline=original_no_l3 gpu_count=1 source=160635 repeat=2 warmup=0 queue=L1SLF_L2DQ solve_ms=7.156107 query_wall_ms=9.651031 correct=1
shm_size 68608 qshm_size 19456 nshm_size 16384 rshm_size 32768
Elapse time: 4.88 ms
WIDE_ORACLE vertices=321270 correct=1
BENCH algorithm=MLMQ baseline=original_no_l3 gpu_count=1 source=160635 repeat=3 warmup=0 queue=L1SLF_L2DQ solve_ms=4.878920 query_wall_ms=7.362982 correct=1
shm_size 68608 qshm_size 19456 nshm_size 16384 rshm_size 32768
Elapse time: 4.92 ms
WIDE_ORACLE vertices=321270 correct=1
BENCH algorithm=MLMQ baseline=original_no_l3 gpu_count=1 source=160635 repeat=4 warmup=0 queue=L1SLF_L2DQ solve_ms=4.919413 query_wall_ms=7.397886 correct=1
shm_size 68608 qshm_size 19456 nshm_size 16384 rshm_size 32768
Elapse time: 5.15 ms
WIDE_ORACLE vertices=321270 correct=1
BENCH algorithm=MLMQ baseline=original_no_l3 gpu_count=1 source=160635 repeat=5 warmup=0 queue=L1SLF_L2DQ solve_ms=5.144889 query_wall_ms=7.625276 correct=1
GPU done!
gpu
587598 592297 606326 592296 610335 606764 578210 599000 607387 608935 570458 585482 597224 556586 594679 600616 550991 558929 593163 603666 559784 537054 588080 602604 560909 524608 526313 587056 588682 601897 
cpu
587598 592297 606326 592296 610335 606764 578210 599000 607387 608935 570458 585482 597224 556586 594679 600616 550991 558929 593163 603666 559784 537054 588080 602604 560909 524608 526313 587056 588682 601897 
WIDE_ORACLE vertices=321270 correct=1
mlmq sssp correct!

RUN_RC=0
HOST_ELAPSED_SECONDS=0.639565
