/mnt/709/data3/home/Dingzhong/src/mlmq_ppopp26/tmp/l3_supplement_20260921_v2/graphs/COL/augmented.gr
Graph name: /mnt/709/data3/home/Dingzhong/src/mlmq_ppopp26/tmp/l3_supplement_20260921_v2/graphs/COL/augmented.gr
nGPU: 2
sources: 1
delta override: 200000
nnodes=435666, nedges=1224504.
Host memory for graph:  12 MB
	  1%
	 10%
	 20%
	 30%
	 40%
	 50%
	 60%
	 70%
	 80%
	 90%
	100%
Maximum degree: 12
----------Graph information----------
number of vertices 435666 number of edges 1224504
average nnz 2.81 maximum nnz 12.00 deviation nnz 1.38
average weight 4541.90 maximum weight 276628.00 deviation weight 7662.35 
-------------------------------------
CPU done!
CPU total work count 1224504
CPU sequential time 42.20 ms
GPU0 partition: [0, 239616) v_local=239616 nedges=671316
GPU1 partition: [239616, 435666) v_local=196050 nedges=553188
L3_BOUNDARY_INDEX gpu=0 dense_words=6127 boundary_words=117 indexed=1 build_ms=2.056755
L3_BOUNDARY_INDEX gpu=1 dense_words=7488 boundary_words=124 indexed=1 build_ms=1.673776
GPU begin!
BENCH_SETUP algorithm=MLMQ input_ms=10.682781 reference_ms=42.202999 initialization_other_ms=336.879337 setup_wall_ms=389.765117
L2_CAPACITY budget=2147483647 record_bytes=8 buckets=16 per_bucket=16776704 allocated_records=268435455 counter_bits=32
L2_CAPACITY budget=2147483647 record_bytes=8 buckets=16 per_bucket=16776704 allocated_records=268435455 counter_bits=32
L3_CONFIG gpu=1 work_blocks=107 delta=200000 worker_recovery=1 term_wait_ack=1 rx_priority_bootstrap=0 rx_express=0 rx_express_enabled=0 rx_express_slots=64 rx_express_batch=32 rx_l2_pull=0 rx_l2_pull_claim=0 rx_l2_pull_enabled=0
L3_CONFIG gpu=0 work_blocks=107 delta=200000 worker_recovery=1 term_wait_ack=1 rx_priority_bootstrap=0 rx_express=0 rx_express_enabled=0 rx_express_slots=64 rx_express_batch=32 rx_l2_pull=0 rx_l2_pull_claim=0 rx_l2_pull_enabled=0
L2_FINAL gpu=0 buckets=16 reads=137239 writes=137239 completed=137239
L2_FINAL gpu=1 buckets=16 reads=179873 writes=179873 completed=179873
GPU multi-GPU wall time 14.89 ms
gpu
191465 206825 236013 238983 243657 249897 247841 255415 270170 284660 280023 285831 286215 281789 297536 291534 318606 298043 307425 294618 331071 302103 303550 314887 301666 332651 306023 306429 323667 302375 
cpu
191465 206825 236013 238983 243657 249897 247841 255415 270170 284660 280023 285831 286215 281789 297536 291534 318606 298043 307425 294618 331071 302103 303550 314887 301666 332651 306023 306429 323667 302375 
WIDE_ORACLE vertices=435666 correct=1
mlmq sssp correct!
BENCH algorithm=MLMQ gpu_count=2 source=217833 repeat=0 warmup=1 queue=L1SLF_L2DQ solve_ms=8.985625 collection_ms=0.176898 query_wall_ms=15.067501 prepare_ms=5.840650 post_solve_ms=0.064300 correct=1
L3_CONFIG gpu=0 work_blocks=107 delta=200000 worker_recovery=1 term_wait_ack=1 rx_priority_bootstrap=0 rx_express=0 rx_express_enabled=0 rx_express_slots=64 rx_express_batch=32 rx_l2_pull=0 rx_l2_pull_claim=0 rx_l2_pull_enabled=0
L3_CONFIG gpu=1 work_blocks=107 delta=200000 worker_recovery=1 term_wait_ack=1 rx_priority_bootstrap=0 rx_express=0 rx_express_enabled=0 rx_express_slots=64 rx_express_batch=32 rx_l2_pull=0 rx_l2_pull_claim=0 rx_l2_pull_enabled=0
L2_FINAL gpu=1 buckets=16 reads=151799 writes=151799 completed=151799
L2_FINAL gpu=0 buckets=16 reads=143951 writes=143951 completed=143951
GPU multi-GPU wall time 10.19 ms
gpu
191465 206825 236013 238983 243657 249897 247841 255415 270170 284660 280023 285831 286215 281789 297536 291534 318606 298043 307425 294618 331071 302103 303550 314887 301666 332651 306023 306429 323667 302375 
cpu
191465 206825 236013 238983 243657 249897 247841 255415 270170 284660 280023 285831 286215 281789 297536 291534 318606 298043 307425 294618 331071 302103 303550 314887 301666 332651 306023 306429 323667 302375 
WIDE_ORACLE vertices=435666 correct=1
mlmq sssp correct!
BENCH algorithm=MLMQ gpu_count=2 source=217833 repeat=1 warmup=0 queue=L1SLF_L2DQ solve_ms=7.350770 collection_ms=0.196383 query_wall_ms=10.385243 prepare_ms=2.795210 post_solve_ms=0.042860 correct=1
L3_CONFIG gpu=0 work_blocks=107 delta=200000 worker_recovery=1 term_wait_ack=1 rx_priority_bootstrap=0 rx_express=0 rx_express_enabled=0 rx_express_slots=64 rx_express_batch=32 rx_l2_pull=0 rx_l2_pull_claim=0 rx_l2_pull_enabled=0
L3_CONFIG gpu=1 work_blocks=107 delta=200000 worker_recovery=1 term_wait_ack=1 rx_priority_bootstrap=0 rx_express=0 rx_express_enabled=0 rx_express_slots=64 rx_express_batch=32 rx_l2_pull=0 rx_l2_pull_claim=0 rx_l2_pull_enabled=0
L2_FINAL gpu=0 buckets=16 reads=146599 writes=146599 completed=146599
L2_FINAL gpu=1 buckets=16 reads=170076 writes=170076 completed=170076
GPU multi-GPU wall time 9.80 ms
gpu
191465 206825 236013 238983 243657 249897 247841 255415 270170 284660 280023 285831 286215 281789 297536 291534 318606 298043 307425 294618 331071 302103 303550 314887 301666 332651 306023 306429 323667 302375 
cpu
191465 206825 236013 238983 243657 249897 247841 255415 270170 284660 280023 285831 286215 281789 297536 291534 318606 298043 307425 294618 331071 302103 303550 314887 301666 332651 306023 306429 323667 302375 
WIDE_ORACLE vertices=435666 correct=1
mlmq sssp correct!
BENCH algorithm=MLMQ gpu_count=2 source=217833 repeat=2 warmup=0 queue=L1SLF_L2DQ solve_ms=7.005143 collection_ms=0.188262 query_wall_ms=9.987670 prepare_ms=2.760883 post_solve_ms=0.033357 correct=1
L3_CONFIG gpu=0 work_blocks=107 delta=200000 worker_recovery=1 term_wait_ack=1 rx_priority_bootstrap=0 rx_express=0 rx_express_enabled=0 rx_express_slots=64 rx_express_batch=32 rx_l2_pull=0 rx_l2_pull_claim=0 rx_l2_pull_enabled=0
L3_CONFIG gpu=1 work_blocks=107 delta=200000 worker_recovery=1 term_wait_ack=1 rx_priority_bootstrap=0 rx_express=0 rx_express_enabled=0 rx_express_slots=64 rx_express_batch=32 rx_l2_pull=0 rx_l2_pull_claim=0 rx_l2_pull_enabled=0
L2_FINAL gpu=0 buckets=16 reads=150368 writes=150368 completed=150368
L2_FINAL gpu=1 buckets=16 reads=159160 writes=159160 completed=159160
GPU multi-GPU wall time 9.61 ms
gpu
191465 206825 236013 238983 243657 249897 247841 255415 270170 284660 280023 285831 286215 281789 297536 291534 318606 298043 307425 294618 331071 302103 303550 314887 301666 332651 306023 306429 323667 302375 
cpu
191465 206825 236013 238983 243657 249897 247841 255415 270170 284660 280023 285831 286215 281789 297536 291534 318606 298043 307425 294618 331071 302103 303550 314887 301666 332651 306023 306429 323667 302375 
WIDE_ORACLE vertices=435666 correct=1
mlmq sssp correct!
BENCH algorithm=MLMQ gpu_count=2 source=217833 repeat=3 warmup=0 queue=L1SLF_L2DQ solve_ms=7.164770 collection_ms=0.194701 query_wall_ms=9.807259 prepare_ms=2.411435 post_solve_ms=0.036319 correct=1
L3_CONFIG gpu=0 work_blocks=107 delta=200000 worker_recovery=1 term_wait_ack=1 rx_priority_bootstrap=0 rx_express=0 rx_express_enabled=0 rx_express_slots=64 rx_express_batch=32 rx_l2_pull=0 rx_l2_pull_claim=0 rx_l2_pull_enabled=0
L3_CONFIG gpu=1 work_blocks=107 delta=200000 worker_recovery=1 term_wait_ack=1 rx_priority_bootstrap=0 rx_express=0 rx_express_enabled=0 rx_express_slots=64 rx_express_batch=32 rx_l2_pull=0 rx_l2_pull_claim=0 rx_l2_pull_enabled=0
L2_FINAL gpu=0 buckets=16 reads=161780 writes=161780 completed=161780
L2_FINAL gpu=1 buckets=16 reads=179052 writes=179052 completed=179052
GPU multi-GPU wall time 9.60 ms
gpu
191465 206825 236013 238983 243657 249897 247841 255415 270170 284660 280023 285831 286215 281789 297536 291534 318606 298043 307425 294618 331071 302103 303550 314887 301666 332651 306023 306429 323667 302375 
cpu
191465 206825 236013 238983 243657 249897 247841 255415 270170 284660 280023 285831 286215 281789 297536 291534 318606 298043 307425 294618 331071 302103 303550 314887 301666 332651 306023 306429 323667 302375 
WIDE_ORACLE vertices=435666 correct=1
mlmq sssp correct!
BENCH algorithm=MLMQ gpu_count=2 source=217833 repeat=4 warmup=0 queue=L1SLF_L2DQ solve_ms=6.894200 collection_ms=0.191343 query_wall_ms=9.792313 prepare_ms=2.675586 post_solve_ms=0.031163 correct=1
L3_CONFIG gpu=0 work_blocks=107 delta=200000 worker_recovery=1 term_wait_ack=1 rx_priority_bootstrap=0 rx_express=0 rx_express_enabled=0 rx_express_slots=64 rx_express_batch=32 rx_l2_pull=0 rx_l2_pull_claim=0 rx_l2_pull_enabled=0
L3_CONFIG gpu=1 work_blocks=107 delta=200000 worker_recovery=1 term_wait_ack=1 rx_priority_bootstrap=0 rx_express=0 rx_express_enabled=0 rx_express_slots=64 rx_express_batch=32 rx_l2_pull=0 rx_l2_pull_claim=0 rx_l2_pull_enabled=0
L2_FINAL gpu=0 buckets=16 reads=144761 writes=144761 completed=144761
L2_FINAL gpu=1 buckets=16 reads=171697 writes=171697 completed=171697
GPU multi-GPU wall time 9.32 ms
gpu
191465 206825 236013 238983 243657 249897 247841 255415 270170 284660 280023 285831 286215 281789 297536 291534 318606 298043 307425 294618 331071 302103 303550 314887 301666 332651 306023 306429 323667 302375 
cpu
191465 206825 236013 238983 243657 249897 247841 255415 270170 284660 280023 285831 286215 281789 297536 291534 318606 298043 307425 294618 331071 302103 303550 314887 301666 332651 306023 306429 323667 302375 
WIDE_ORACLE vertices=435666 correct=1
mlmq sssp correct!
BENCH algorithm=MLMQ gpu_count=2 source=217833 repeat=5 warmup=0 queue=L1SLF_L2DQ solve_ms=6.883047 collection_ms=0.193195 query_wall_ms=9.511244 prepare_ms=2.398368 post_solve_ms=0.036615 correct=1

RUN_RC=0
HOST_ELAPSED_SECONDS=0.880362
