/mnt/709/data3/home/Dingzhong/src/mlmq_ppopp26/tmp/landmark206_matrix/NY/landmark.gr
Graph name: /mnt/709/data3/home/Dingzhong/src/mlmq_ppopp26/tmp/landmark206_matrix/NY/landmark.gr
nGPU: 2
sources: 1
delta override: 200000
nnodes=264346, nedges=730100.
Host memory for graph:   7 MB
	  1%
	 10%
	 20%
	 30%
	 40%
	 50%
	 60%
	 70%
	 80%
	 90%
	100%
Maximum degree: 8
----------Graph information----------
number of vertices 264346 number of edges 730100
average nnz 2.76 maximum nnz 8.00 deviation nnz 0.98
average weight 1293.34 maximum weight 36946.00 deviation weight 1129.61 
-------------------------------------
CPU done!
CPU total work count 730100
CPU sequential time 24.00 ms
GPU0 partition: [0, 158607) v_local=158607 nedges=420135
GPU1 partition: [158607, 264346) v_local=105739 nedges=309965
L3_BOUNDARY_INDEX gpu=0 dense_words=3305 boundary_words=149 indexed=1 build_ms=1.833413
L3_BOUNDARY_INDEX gpu=1 dense_words=4957 boundary_words=123 indexed=1 build_ms=1.487077
GPU begin!
BENCH_SETUP algorithm=MLMQ input_ms=7.212712 reference_ms=23.996000 initialization_other_ms=331.603646 setup_wall_ms=362.812358
L2_CAPACITY budget=2147483647 record_bytes=8 buckets=16 per_bucket=16776704 allocated_records=268435455 counter_bits=32
L2_CAPACITY budget=2147483647 record_bytes=8 buckets=16 per_bucket=16776704 allocated_records=268435455 counter_bits=32
L3_CONFIG gpu=1 work_blocks=107 delta=200000 worker_recovery=1 term_wait_ack=1 rx_priority_bootstrap=0 rx_express=0 rx_express_enabled=0 rx_express_slots=64 rx_express_batch=32 rx_l2_pull=0 rx_l2_pull_claim=0 rx_l2_pull_enabled=0
L3_CONFIG gpu=0 work_blocks=107 delta=200000 worker_recovery=1 term_wait_ack=1 rx_priority_bootstrap=0 rx_express=0 rx_express_enabled=0 rx_express_slots=64 rx_express_batch=32 rx_l2_pull=0 rx_l2_pull_claim=0 rx_l2_pull_enabled=0
L2_FINAL gpu=0 buckets=16 reads=242085 writes=242085 completed=242085
L2_FINAL gpu=1 buckets=16 reads=82191 writes=82191 completed=82191
GPU multi-GPU wall time 16.61 ms
gpu
562009 565677 564497 565323 563718 560712 556584 554563 544330 539612 574578 574077 571996 566125 567616 563997 561605 561130 560490 557291 556914 555595 553953 550819 545087 544371 541828 537369 540931 573911 
cpu
562009 565677 564497 565323 563718 560712 556584 554563 544330 539612 574578 574077 571996 566125 567616 563997 561605 561130 560490 557291 556914 555595 553953 550819 545087 544371 541828 537369 540931 573911 
WIDE_ORACLE vertices=264346 correct=1
mlmq sssp correct!
BENCH algorithm=MLMQ gpu_count=2 source=132173 repeat=0 warmup=1 queue=L1SLF_L2DQ solve_ms=9.293366 collection_ms=0.261978 query_wall_ms=16.872210 prepare_ms=7.247516 post_solve_ms=0.069170 correct=1
L3_CONFIG gpu=0 work_blocks=107 delta=200000 worker_recovery=1 term_wait_ack=1 rx_priority_bootstrap=0 rx_express=0 rx_express_enabled=0 rx_express_slots=64 rx_express_batch=32 rx_l2_pull=0 rx_l2_pull_claim=0 rx_l2_pull_enabled=0
L3_CONFIG gpu=1 work_blocks=107 delta=200000 worker_recovery=1 term_wait_ack=1 rx_priority_bootstrap=0 rx_express=0 rx_express_enabled=0 rx_express_slots=64 rx_express_batch=32 rx_l2_pull=0 rx_l2_pull_claim=0 rx_l2_pull_enabled=0
L2_FINAL gpu=0 buckets=16 reads=214136 writes=214136 completed=214136
L2_FINAL gpu=1 buckets=16 reads=66982 writes=66982 completed=66982
GPU multi-GPU wall time 9.87 ms
gpu
562009 565677 564497 565323 563718 560712 556584 554563 544330 539612 574578 574077 571996 566125 567616 563997 561605 561130 560490 557291 556914 555595 553953 550819 545087 544371 541828 537369 540931 573911 
cpu
562009 565677 564497 565323 563718 560712 556584 554563 544330 539612 574578 574077 571996 566125 567616 563997 561605 561130 560490 557291 556914 555595 553953 550819 545087 544371 541828 537369 540931 573911 
WIDE_ORACLE vertices=264346 correct=1
mlmq sssp correct!
BENCH algorithm=MLMQ gpu_count=2 source=132173 repeat=1 warmup=0 queue=L1SLF_L2DQ solve_ms=7.080766 collection_ms=0.141870 query_wall_ms=10.015228 prepare_ms=2.748618 post_solve_ms=0.043942 correct=1
L3_CONFIG gpu=1 work_blocks=107 delta=200000 worker_recovery=1 term_wait_ack=1 rx_priority_bootstrap=0 rx_express=0 rx_express_enabled=0 rx_express_slots=64 rx_express_batch=32 rx_l2_pull=0 rx_l2_pull_claim=0 rx_l2_pull_enabled=0
L3_CONFIG gpu=0 work_blocks=107 delta=200000 worker_recovery=1 term_wait_ack=1 rx_priority_bootstrap=0 rx_express=0 rx_express_enabled=0 rx_express_slots=64 rx_express_batch=32 rx_l2_pull=0 rx_l2_pull_claim=0 rx_l2_pull_enabled=0
L2_FINAL gpu=0 buckets=16 reads=226619 writes=226619 completed=226619
L2_FINAL gpu=1 buckets=16 reads=72115 writes=72115 completed=72115
GPU multi-GPU wall time 9.82 ms
gpu
562009 565677 564497 565323 563718 560712 556584 554563 544330 539612 574578 574077 571996 566125 567616 563997 561605 561130 560490 557291 556914 555595 553953 550819 545087 544371 541828 537369 540931 573911 
cpu
562009 565677 564497 565323 563718 560712 556584 554563 544330 539612 574578 574077 571996 566125 567616 563997 561605 561130 560490 557291 556914 555595 553953 550819 545087 544371 541828 537369 540931 573911 
WIDE_ORACLE vertices=264346 correct=1
mlmq sssp correct!
BENCH algorithm=MLMQ gpu_count=2 source=132173 repeat=2 warmup=0 queue=L1SLF_L2DQ solve_ms=7.047525 collection_ms=0.138025 query_wall_ms=9.963422 prepare_ms=2.737145 post_solve_ms=0.040698 correct=1
L3_CONFIG gpu=0 work_blocks=107 delta=200000 worker_recovery=1 term_wait_ack=1 rx_priority_bootstrap=0 rx_express=0 rx_express_enabled=0 rx_express_slots=64 rx_express_batch=32 rx_l2_pull=0 rx_l2_pull_claim=0 rx_l2_pull_enabled=0
L3_CONFIG gpu=1 work_blocks=107 delta=200000 worker_recovery=1 term_wait_ack=1 rx_priority_bootstrap=0 rx_express=0 rx_express_enabled=0 rx_express_slots=64 rx_express_batch=32 rx_l2_pull=0 rx_l2_pull_claim=0 rx_l2_pull_enabled=0
L2_FINAL gpu=0 buckets=16 reads=226924 writes=226924 completed=226924
L2_FINAL gpu=1 buckets=16 reads=73130 writes=73130 completed=73130
GPU multi-GPU wall time 9.56 ms
gpu
562009 565677 564497 565323 563718 560712 556584 554563 544330 539612 574578 574077 571996 566125 567616 563997 561605 561130 560490 557291 556914 555595 553953 550819 545087 544371 541828 537369 540931 573911 
cpu
562009 565677 564497 565323 563718 560712 556584 554563 544330 539612 574578 574077 571996 566125 567616 563997 561605 561130 560490 557291 556914 555595 553953 550819 545087 544371 541828 537369 540931 573911 
WIDE_ORACLE vertices=264346 correct=1
mlmq sssp correct!
BENCH algorithm=MLMQ gpu_count=2 source=132173 repeat=3 warmup=0 queue=L1SLF_L2DQ solve_ms=7.090046 collection_ms=0.163951 query_wall_ms=9.719822 prepare_ms=2.421904 post_solve_ms=0.043876 correct=1
L3_CONFIG gpu=1 work_blocks=107 delta=200000 worker_recovery=1 term_wait_ack=1 rx_priority_bootstrap=0 rx_express=0 rx_express_enabled=0 rx_express_slots=64 rx_express_batch=32 rx_l2_pull=0 rx_l2_pull_claim=0 rx_l2_pull_enabled=0
L3_CONFIG gpu=0 work_blocks=107 delta=200000 worker_recovery=1 term_wait_ack=1 rx_priority_bootstrap=0 rx_express=0 rx_express_enabled=0 rx_express_slots=64 rx_express_batch=32 rx_l2_pull=0 rx_l2_pull_claim=0 rx_l2_pull_enabled=0
L2_FINAL gpu=0 buckets=16 reads=228678 writes=228678 completed=228678
L2_FINAL gpu=1 buckets=16 reads=82225 writes=82225 completed=82225
GPU multi-GPU wall time 10.02 ms
gpu
562009 565677 564497 565323 563718 560712 556584 554563 544330 539612 574578 574077 571996 566125 567616 563997 561605 561130 560490 557291 556914 555595 553953 550819 545087 544371 541828 537369 540931 573911 
cpu
562009 565677 564497 565323 563718 560712 556584 554563 544330 539612 574578 574077 571996 566125 567616 563997 561605 561130 560490 557291 556914 555595 553953 550819 545087 544371 541828 537369 540931 573911 
WIDE_ORACLE vertices=264346 correct=1
mlmq sssp correct!
BENCH algorithm=MLMQ gpu_count=2 source=132173 repeat=4 warmup=0 queue=L1SLF_L2DQ solve_ms=7.182062 collection_ms=0.165806 query_wall_ms=10.181192 prepare_ms=2.799693 post_solve_ms=0.033598 correct=1
L3_CONFIG gpu=0 work_blocks=107 delta=200000 worker_recovery=1 term_wait_ack=1 rx_priority_bootstrap=0 rx_express=0 rx_express_enabled=0 rx_express_slots=64 rx_express_batch=32 rx_l2_pull=0 rx_l2_pull_claim=0 rx_l2_pull_enabled=0
L3_CONFIG gpu=1 work_blocks=107 delta=200000 worker_recovery=1 term_wait_ack=1 rx_priority_bootstrap=0 rx_express=0 rx_express_enabled=0 rx_express_slots=64 rx_express_batch=32 rx_l2_pull=0 rx_l2_pull_claim=0 rx_l2_pull_enabled=0
L2_FINAL gpu=1 buckets=16 reads=69053 writes=69053 completed=69053
L2_FINAL gpu=0 buckets=16 reads=220279 writes=220279 completed=220279
GPU multi-GPU wall time 9.63 ms
gpu
562009 565677 564497 565323 563718 560712 556584 554563 544330 539612 574578 574077 571996 566125 567616 563997 561605 561130 560490 557291 556914 555595 553953 550819 545087 544371 541828 537369 540931 573911 
cpu
562009 565677 564497 565323 563718 560712 556584 554563 544330 539612 574578 574077 571996 566125 567616 563997 561605 561130 560490 557291 556914 555595 553953 550819 545087 544371 541828 537369 540931 573911 
WIDE_ORACLE vertices=264346 correct=1
mlmq sssp correct!
BENCH algorithm=MLMQ gpu_count=2 source=132173 repeat=5 warmup=0 queue=L1SLF_L2DQ solve_ms=7.151989 collection_ms=0.152890 query_wall_ms=9.785037 prepare_ms=2.438732 post_solve_ms=0.041397 correct=1

RUN_RC=0
HOST_ELAPSED_SECONDS=0.852127
