/mnt/709/data3/home/Dingzhong/src/mlmq_ppopp26/tmp/l3_supplement_20260921_v2/graphs/NY/augmented.gr
Graph name: /mnt/709/data3/home/Dingzhong/src/mlmq_ppopp26/tmp/l3_supplement_20260921_v2/graphs/NY/augmented.gr
nnodes=264346, nedges=788664.
Host memory for graph:   8 MB
	  1%
	 10%
	 20%
	 30%
	 40%
	 50%
	 60%
	 70%
	 80%
	 90%
	100%
Maximum degree: 12
----------Graph information----------
number of vertices 264346 number of edges 788664
average nnz 2.98 maximum nnz 12.00 deviation nnz 1.19
average weight 1432.17 maximum weight 77053.00 deviation weight 1517.65 
-------------------------------------
CPU done!
CPU total work count 788664
CPU sequential time 24.91 ms
GPU begin!
NO_L3_CONFIG workers=512 delta=200000 queue=L1SLF_L2DQ
L2_CAPACITY budget=2147483647 record_bytes=8 buckets=16 per_bucket=16776704 allocated_records=268435455 counter_bits=32
shm_size 68608 qshm_size 19456 nshm_size 16384 rshm_size 32768
Elapse time: 6.00 ms
WIDE_ORACLE vertices=264346 correct=1
BENCH algorithm=MLMQ baseline=original_no_l3 gpu_count=1 source=132173 repeat=0 warmup=1 queue=L1SLF_L2DQ solve_ms=5.985546 query_wall_ms=8.938696 correct=1
shm_size 68608 qshm_size 19456 nshm_size 16384 rshm_size 32768
Elapse time: 7.01 ms
WIDE_ORACLE vertices=264346 correct=1
BENCH algorithm=MLMQ baseline=original_no_l3 gpu_count=1 source=132173 repeat=1 warmup=0 queue=L1SLF_L2DQ solve_ms=7.002081 query_wall_ms=9.468705 correct=1
shm_size 68608 qshm_size 19456 nshm_size 16384 rshm_size 32768
Elapse time: 5.87 ms
WIDE_ORACLE vertices=264346 correct=1
BENCH algorithm=MLMQ baseline=original_no_l3 gpu_count=1 source=132173 repeat=2 warmup=0 queue=L1SLF_L2DQ solve_ms=5.871156 query_wall_ms=8.678629 correct=1
shm_size 68608 qshm_size 19456 nshm_size 16384 rshm_size 32768
Elapse time: 5.81 ms
WIDE_ORACLE vertices=264346 correct=1
BENCH algorithm=MLMQ baseline=original_no_l3 gpu_count=1 source=132173 repeat=3 warmup=0 queue=L1SLF_L2DQ solve_ms=5.806364 query_wall_ms=8.278907 correct=1
shm_size 68608 qshm_size 19456 nshm_size 16384 rshm_size 32768
Elapse time: 6.98 ms
WIDE_ORACLE vertices=264346 correct=1
BENCH algorithm=MLMQ baseline=original_no_l3 gpu_count=1 source=132173 repeat=4 warmup=0 queue=L1SLF_L2DQ solve_ms=6.977856 query_wall_ms=9.442433 correct=1
shm_size 68608 qshm_size 19456 nshm_size 16384 rshm_size 32768
Elapse time: 5.95 ms
WIDE_ORACLE vertices=264346 correct=1
BENCH algorithm=MLMQ baseline=original_no_l3 gpu_count=1 source=132173 repeat=5 warmup=0 queue=L1SLF_L2DQ solve_ms=5.948040 query_wall_ms=8.405327 correct=1
GPU done!
gpu
562009 565677 564497 565323 563718 560712 556584 554563 544330 539612 574578 574077 571996 566125 567616 563997 561605 561130 560490 557291 556914 555595 553953 550819 545087 544371 541828 537369 540931 573911 
cpu
562009 565677 564497 565323 563718 560712 556584 554563 544330 539612 574578 574077 571996 566125 567616 563997 561605 561130 560490 557291 556914 555595 553953 550819 545087 544371 541828 537369 540931 573911 
WIDE_ORACLE vertices=264346 correct=1
mlmq sssp correct!

RUN_RC=0
HOST_ELAPSED_SECONDS=0.643857
