/mnt/709/data3/home/Dingzhong/src/mlmq_ppopp26/tmp/landmark206_matrix/USA/landmark.gr
Graph name: /mnt/709/data3/home/Dingzhong/src/mlmq_ppopp26/tmp/landmark206_matrix/USA/landmark.gr
nnodes=23947347, nedges=57708624.
Host memory for graph: 622 MB
	  1%
	 10%
	 20%
	 30%
	 40%
	 50%
	 60%
	 70%
	 80%
	 90%
	100%
Maximum degree: 9
----------Graph information----------
number of vertices 23947347 number of edges 57708624
average nnz 2.44 maximum nnz 9.00 deviation nnz 0.85
average weight 2285.73 maximum weight 368855.00 deviation weight 3901.49 
-------------------------------------
CPU done!
CPU total work count 57708624
CPU sequential time 3164.50 ms
GPU begin!
NO_L3_CONFIG workers=512 delta=200000 queue=L1SLF_L2DQ
L2_CAPACITY budget=2147483647 record_bytes=8 buckets=16 per_bucket=16776704 allocated_records=268435455 counter_bits=32
shm_size 68608 qshm_size 19456 nshm_size 16384 rshm_size 32768
Elapse time: 95.68 ms
WIDE_ORACLE vertices=23947347 correct=1
BENCH algorithm=MLMQ baseline=original_no_l3 gpu_count=1 source=11973673 repeat=0 warmup=1 queue=L1SLF_L2DQ solve_ms=95.671264 query_wall_ms=179.514942 correct=1
shm_size 68608 qshm_size 19456 nshm_size 16384 rshm_size 32768
Elapse time: 102.38 ms
WIDE_ORACLE vertices=23947347 correct=1
BENCH algorithm=MLMQ baseline=original_no_l3 gpu_count=1 source=11973673 repeat=1 warmup=0 queue=L1SLF_L2DQ solve_ms=102.371626 query_wall_ms=186.097426 correct=1
shm_size 68608 qshm_size 19456 nshm_size 16384 rshm_size 32768
Elapse time: 94.29 ms
WIDE_ORACLE vertices=23947347 correct=1
BENCH algorithm=MLMQ baseline=original_no_l3 gpu_count=1 source=11973673 repeat=2 warmup=0 queue=L1SLF_L2DQ solve_ms=94.279763 query_wall_ms=176.524338 correct=1
shm_size 68608 qshm_size 19456 nshm_size 16384 rshm_size 32768
Elapse time: 103.78 ms
WIDE_ORACLE vertices=23947347 correct=1
BENCH algorithm=MLMQ baseline=original_no_l3 gpu_count=1 source=11973673 repeat=3 warmup=0 queue=L1SLF_L2DQ solve_ms=103.772311 query_wall_ms=184.931334 correct=1
shm_size 68608 qshm_size 19456 nshm_size 16384 rshm_size 32768
Elapse time: 97.83 ms
WIDE_ORACLE vertices=23947347 correct=1
BENCH algorithm=MLMQ baseline=original_no_l3 gpu_count=1 source=11973673 repeat=4 warmup=0 queue=L1SLF_L2DQ solve_ms=97.826853 query_wall_ms=181.032331 correct=1
shm_size 68608 qshm_size 19456 nshm_size 16384 rshm_size 32768
Elapse time: 95.33 ms
WIDE_ORACLE vertices=23947347 correct=1
BENCH algorithm=MLMQ baseline=original_no_l3 gpu_count=1 source=11973673 repeat=5 warmup=0 queue=L1SLF_L2DQ solve_ms=95.325114 query_wall_ms=177.477955 correct=1
GPU done!
gpu
3885704 3889069 3889665 3887147 3889909 3891006 3891660 3888157 3888872 3892869 3894621 3893646 3893843 3889024 3884747 3893318 3892607 3895480 3894442 3894667 3890133 3887462 3883751 3896038 3894488 3889248 3893240 3896477 3899421 3893918 
cpu
3885704 3889069 3889665 3887147 3889909 3891006 3891660 3888157 3888872 3892869 3894621 3893646 3893843 3889024 3884747 3893318 3892607 3895480 3894442 3894667 3890133 3887462 3883751 3896038 3894488 3889248 3893240 3896477 3899421 3893918 
WIDE_ORACLE vertices=23947347 correct=1
mlmq sssp correct!

RUN_RC=0
HOST_ELAPSED_SECONDS=6.356329
