/mnt/709/data3/home/Dingzhong/src/mlmq_ppopp26/tmp/l3_supplement_20260921_v2/graphs/W/augmented.gr
Graph name: /mnt/709/data3/home/Dingzhong/src/mlmq_ppopp26/tmp/l3_supplement_20260921_v2/graphs/W/augmented.gr
nGPU: 2
sources: 1
delta override: 200000
nnodes=6262104, nedges=17557344.
Host memory for graph: 181 MB
	  1%
	 10%
	 20%
	 30%
	 40%
	 50%
	 60%
	 70%
	 80%
	 90%
	100%
Maximum degree: 14
ADAPTIVE-Q: cross_ratio=0.0477% < 0.0700% -> L1V_L2DQ
----------Graph information----------
number of vertices 6262104 number of edges 17557344
average nnz 2.80 maximum nnz 14.00 deviation nnz 1.35
average weight 4467.20 maximum weight 533146.00 deviation weight 7270.79 
-------------------------------------
CPU done!
CPU total work count 17557344
CPU sequential time 776.64 ms
GPU0 partition: [0, 2504841) v_local=2504841 nedges=6977534
GPU1 partition: [2504841, 6262104) v_local=3757263 nedges=10579810
L3_BOUNDARY_INDEX gpu=0 dense_words=117415 boundary_words=510 indexed=1 build_ms=5.802277
L3_BOUNDARY_INDEX gpu=1 dense_words=78277 boundary_words=498 indexed=1 build_ms=9.593121
GPU begin!
BENCH_SETUP algorithm=MLMQ input_ms=119.524117 reference_ms=776.643005 initialization_other_ms=660.519091 setup_wall_ms=1556.686213
L2_CAPACITY budget=2147483647 record_bytes=8 buckets=16 per_bucket=16776704 allocated_records=268435455 counter_bits=32
L2_CAPACITY budget=2147483647 record_bytes=8 buckets=16 per_bucket=16776704 allocated_records=268435455 counter_bits=32
L3_CONFIG gpu=1 work_blocks=107 delta=200000 worker_recovery=1 term_wait_ack=1 rx_priority_bootstrap=0 rx_express=0 rx_express_enabled=0 rx_express_slots=64 rx_express_batch=32 rx_l2_pull=0 rx_l2_pull_claim=0 rx_l2_pull_enabled=0
L3_CONFIG gpu=0 work_blocks=107 delta=200000 worker_recovery=1 term_wait_ack=1 rx_priority_bootstrap=0 rx_express=0 rx_express_enabled=0 rx_express_slots=64 rx_express_batch=32 rx_l2_pull=0 rx_l2_pull_claim=0 rx_l2_pull_enabled=0
L2_FINAL gpu=1 buckets=16 reads=2299557 writes=2299557 completed=2299557
L2_FINAL gpu=0 buckets=16 reads=1334524 writes=1334524 completed=1334524
GPU multi-GPU wall time 38.16 ms
gpu
6199524 6167003 6205194 6206144 6165876 6173439 6177211 6216604 6224831 6206540 6164333 6171820 6170338 6152466 6180584 6169776 6186986 6187396 6219946 6236079 6223911 6229928 6207303 6201212 6193393 6180022 6156127 6155185 6189925 6184380 
cpu
6199524 6167003 6205194 6206144 6165876 6173439 6177211 6216604 6224831 6206540 6164333 6171820 6170338 6152466 6180584 6169776 6186986 6187396 6219946 6236079 6223911 6229928 6207303 6201212 6193393 6180022 6156127 6155185 6189925 6184380 
WIDE_ORACLE vertices=6262104 correct=1
mlmq sssp correct!
BENCH algorithm=MLMQ gpu_count=2 source=3131052 repeat=0 warmup=1 queue=L1SLF_L2DQ solve_ms=31.611684 collection_ms=5.234880 query_wall_ms=43.397736 prepare_ms=6.493147 post_solve_ms=0.057992 correct=1
L3_CONFIG gpu=1 work_blocks=107 delta=200000 worker_recovery=1 term_wait_ack=1 rx_priority_bootstrap=0 rx_express=0 rx_express_enabled=0 rx_express_slots=64 rx_express_batch=32 rx_l2_pull=0 rx_l2_pull_claim=0 rx_l2_pull_enabled=0
L3_CONFIG gpu=0 work_blocks=107 delta=200000 worker_recovery=1 term_wait_ack=1 rx_priority_bootstrap=0 rx_express=0 rx_express_enabled=0 rx_express_slots=64 rx_express_batch=32 rx_l2_pull=0 rx_l2_pull_claim=0 rx_l2_pull_enabled=0
L2_FINAL gpu=1 buckets=16 reads=2406786 writes=2406786 completed=2406786
L2_FINAL gpu=0 buckets=16 reads=1392111 writes=1392111 completed=1392111
GPU multi-GPU wall time 32.76 ms
gpu
6199524 6167003 6205194 6206144 6165876 6173439 6177211 6216604 6224831 6206540 6164333 6171820 6170338 6152466 6180584 6169776 6186986 6187396 6219946 6236079 6223911 6229928 6207303 6201212 6193393 6180022 6156127 6155185 6189925 6184380 
cpu
6199524 6167003 6205194 6206144 6165876 6173439 6177211 6216604 6224831 6206540 6164333 6171820 6170338 6152466 6180584 6169776 6186986 6187396 6219946 6236079 6223911 6229928 6207303 6201212 6193393 6180022 6156127 6155185 6189925 6184380 
WIDE_ORACLE vertices=6262104 correct=1
mlmq sssp correct!
BENCH algorithm=MLMQ gpu_count=2 source=3131052 repeat=1 warmup=0 queue=L1SLF_L2DQ solve_ms=30.031560 collection_ms=1.437018 query_wall_ms=34.192405 prepare_ms=2.678688 post_solve_ms=0.045111 correct=1
L3_CONFIG gpu=0 work_blocks=107 delta=200000 worker_recovery=1 term_wait_ack=1 rx_priority_bootstrap=0 rx_express=0 rx_express_enabled=0 rx_express_slots=64 rx_express_batch=32 rx_l2_pull=0 rx_l2_pull_claim=0 rx_l2_pull_enabled=0
L3_CONFIG gpu=1 work_blocks=107 delta=200000 worker_recovery=1 term_wait_ack=1 rx_priority_bootstrap=0 rx_express=0 rx_express_enabled=0 rx_express_slots=64 rx_express_batch=32 rx_l2_pull=0 rx_l2_pull_claim=0 rx_l2_pull_enabled=0
L2_FINAL gpu=1 buckets=16 reads=2358847 writes=2358847 completed=2358847
L2_FINAL gpu=0 buckets=16 reads=1304068 writes=1304068 completed=1304068
GPU multi-GPU wall time 32.01 ms
gpu
6199524 6167003 6205194 6206144 6165876 6173439 6177211 6216604 6224831 6206540 6164333 6171820 6170338 6152466 6180584 6169776 6186986 6187396 6219946 6236079 6223911 6229928 6207303 6201212 6193393 6180022 6156127 6155185 6189925 6184380 
cpu
6199524 6167003 6205194 6206144 6165876 6173439 6177211 6216604 6224831 6206540 6164333 6171820 6170338 6152466 6180584 6169776 6186986 6187396 6219946 6236079 6223911 6229928 6207303 6201212 6193393 6180022 6156127 6155185 6189925 6184380 
WIDE_ORACLE vertices=6262104 correct=1
mlmq sssp correct!
BENCH algorithm=MLMQ gpu_count=2 source=3131052 repeat=2 warmup=0 queue=L1SLF_L2DQ solve_ms=29.291722 collection_ms=1.458878 query_wall_ms=33.473329 prepare_ms=2.658886 post_solve_ms=0.063813 correct=1
L3_CONFIG gpu=0 work_blocks=107 delta=200000 worker_recovery=1 term_wait_ack=1 rx_priority_bootstrap=0 rx_express=0 rx_express_enabled=0 rx_express_slots=64 rx_express_batch=32 rx_l2_pull=0 rx_l2_pull_claim=0 rx_l2_pull_enabled=0
L3_CONFIG gpu=1 work_blocks=107 delta=200000 worker_recovery=1 term_wait_ack=1 rx_priority_bootstrap=0 rx_express=0 rx_express_enabled=0 rx_express_slots=64 rx_express_batch=32 rx_l2_pull=0 rx_l2_pull_claim=0 rx_l2_pull_enabled=0
L2_FINAL gpu=1 buckets=16 reads=2369188 writes=2369188 completed=2369188
L2_FINAL gpu=0 buckets=16 reads=1335403 writes=1335403 completed=1335403
GPU multi-GPU wall time 33.10 ms
gpu
6199524 6167003 6205194 6206144 6165876 6173439 6177211 6216604 6224831 6206540 6164333 6171820 6170338 6152466 6180584 6169776 6186986 6187396 6219946 6236079 6223911 6229928 6207303 6201212 6193393 6180022 6156127 6155185 6189925 6184380 
cpu
6199524 6167003 6205194 6206144 6165876 6173439 6177211 6216604 6224831 6206540 6164333 6171820 6170338 6152466 6180584 6169776 6186986 6187396 6219946 6236079 6223911 6229928 6207303 6201212 6193393 6180022 6156127 6155185 6189925 6184380 
WIDE_ORACLE vertices=6262104 correct=1
mlmq sssp correct!
BENCH algorithm=MLMQ gpu_count=2 source=3131052 repeat=3 warmup=0 queue=L1SLF_L2DQ solve_ms=30.351257 collection_ms=1.557658 query_wall_ms=34.655535 prepare_ms=2.692332 post_solve_ms=0.054267 correct=1
L3_CONFIG gpu=0 work_blocks=107 delta=200000 worker_recovery=1 term_wait_ack=1 rx_priority_bootstrap=0 rx_express=0 rx_express_enabled=0 rx_express_slots=64 rx_express_batch=32 rx_l2_pull=0 rx_l2_pull_claim=0 rx_l2_pull_enabled=0
L3_CONFIG gpu=1 work_blocks=107 delta=200000 worker_recovery=1 term_wait_ack=1 rx_priority_bootstrap=0 rx_express=0 rx_express_enabled=0 rx_express_slots=64 rx_express_batch=32 rx_l2_pull=0 rx_l2_pull_claim=0 rx_l2_pull_enabled=0
L2_FINAL gpu=1 buckets=16 reads=2449076 writes=2449076 completed=2449076
L2_FINAL gpu=0 buckets=16 reads=1334180 writes=1334180 completed=1334180
GPU multi-GPU wall time 32.05 ms
gpu
6199524 6167003 6205194 6206144 6165876 6173439 6177211 6216604 6224831 6206540 6164333 6171820 6170338 6152466 6180584 6169776 6186986 6187396 6219946 6236079 6223911 6229928 6207303 6201212 6193393 6180022 6156127 6155185 6189925 6184380 
cpu
6199524 6167003 6205194 6206144 6165876 6173439 6177211 6216604 6224831 6206540 6164333 6171820 6170338 6152466 6180584 6169776 6186986 6187396 6219946 6236079 6223911 6229928 6207303 6201212 6193393 6180022 6156127 6155185 6189925 6184380 
WIDE_ORACLE vertices=6262104 correct=1
mlmq sssp correct!
BENCH algorithm=MLMQ gpu_count=2 source=3131052 repeat=4 warmup=0 queue=L1SLF_L2DQ solve_ms=29.340124 collection_ms=1.499624 query_wall_ms=33.548530 prepare_ms=2.663037 post_solve_ms=0.045716 correct=1
L3_CONFIG gpu=1 work_blocks=107 delta=200000 worker_recovery=1 term_wait_ack=1 rx_priority_bootstrap=0 rx_express=0 rx_express_enabled=0 rx_express_slots=64 rx_express_batch=32 rx_l2_pull=0 rx_l2_pull_claim=0 rx_l2_pull_enabled=0
L3_CONFIG gpu=0 work_blocks=107 delta=200000 worker_recovery=1 term_wait_ack=1 rx_priority_bootstrap=0 rx_express=0 rx_express_enabled=0 rx_express_slots=64 rx_express_batch=32 rx_l2_pull=0 rx_l2_pull_claim=0 rx_l2_pull_enabled=0
L2_FINAL gpu=1 buckets=16 reads=2369966 writes=2369966 completed=2369966
L2_FINAL gpu=0 buckets=16 reads=1363680 writes=1363680 completed=1363680
GPU multi-GPU wall time 40.33 ms
gpu
6199524 6167003 6205194 6206144 6165876 6173439 6177211 6216604 6224831 6206540 6164333 6171820 6170338 6152466 6180584 6169776 6186986 6187396 6219946 6236079 6223911 6229928 6207303 6201212 6193393 6180022 6156127 6155185 6189925 6184380 
cpu
6199524 6167003 6205194 6206144 6165876 6173439 6177211 6216604 6224831 6206540 6164333 6171820 6170338 6152466 6180584 6169776 6186986 6187396 6219946 6236079 6223911 6229928 6207303 6201212 6193393 6180022 6156127 6155185 6189925 6184380 
WIDE_ORACLE vertices=6262104 correct=1
mlmq sssp correct!
BENCH algorithm=MLMQ gpu_count=2 source=3131052 repeat=5 warmup=0 queue=L1SLF_L2DQ solve_ms=37.524603 collection_ms=1.633302 query_wall_ms=41.958536 prepare_ms=2.748176 post_solve_ms=0.052425 correct=1

RUN_RC=0
HOST_ELAPSED_SECONDS=2.292438
